Archive member included because of file (symbol)

c:/program files (x86)/atmel/atmel toolchain/arm gcc/native/4.8.1437/arm-gnu-toolchain/bin/../lib/gcc/arm-none-eabi/4.8.4/../../../../arm-none-eabi/lib/armv7e-m\libc.a(lib_a-exit.o)
                              c:/program files (x86)/atmel/atmel toolchain/arm gcc/native/4.8.1437/arm-gnu-toolchain/bin/../lib/gcc/arm-none-eabi/4.8.4/../../../../arm-none-eabi/lib/armv7e-m/crt0.o (exit)
c:/program files (x86)/atmel/atmel toolchain/arm gcc/native/4.8.1437/arm-gnu-toolchain/bin/../lib/gcc/arm-none-eabi/4.8.4/../../../../arm-none-eabi/lib/armv7e-m\libc.a(lib_a-impure.o)
                              c:/program files (x86)/atmel/atmel toolchain/arm gcc/native/4.8.1437/arm-gnu-toolchain/bin/../lib/gcc/arm-none-eabi/4.8.4/../../../../arm-none-eabi/lib/armv7e-m\libc.a(lib_a-exit.o) (_global_impure_ptr)
c:/program files (x86)/atmel/atmel toolchain/arm gcc/native/4.8.1437/arm-gnu-toolchain/bin/../lib/gcc/arm-none-eabi/4.8.4/../../../../arm-none-eabi/lib/armv7e-m\libc.a(lib_a-init.o)
                              c:/program files (x86)/atmel/atmel toolchain/arm gcc/native/4.8.1437/arm-gnu-toolchain/bin/../lib/gcc/arm-none-eabi/4.8.4/../../../../arm-none-eabi/lib/armv7e-m/crt0.o (__libc_init_array)
c:/program files (x86)/atmel/atmel toolchain/arm gcc/native/4.8.1437/arm-gnu-toolchain/bin/../lib/gcc/arm-none-eabi/4.8.4/../../../../arm-none-eabi/lib/armv7e-m\libc.a(lib_a-iprintf.o)
                              src/ASF/sam/utils/syscalls/gcc/syscalls.o (iprintf)
c:/program files (x86)/atmel/atmel toolchain/arm gcc/native/4.8.1437/arm-gnu-toolchain/bin/../lib/gcc/arm-none-eabi/4.8.4/../../../../arm-none-eabi/lib/armv7e-m\libc.a(lib_a-memset.o)
                              c:/program files (x86)/atmel/atmel toolchain/arm gcc/native/4.8.1437/arm-gnu-toolchain/bin/../lib/gcc/arm-none-eabi/4.8.4/../../../../arm-none-eabi/lib/armv7e-m/crt0.o (memset)
c:/program files (x86)/atmel/atmel toolchain/arm gcc/native/4.8.1437/arm-gnu-toolchain/bin/../lib/gcc/arm-none-eabi/4.8.4/../../../../arm-none-eabi/lib/armv7e-m\libc.a(lib_a-puts.o)
                              src/twi_slave_example.o (puts)
c:/program files (x86)/atmel/atmel toolchain/arm gcc/native/4.8.1437/arm-gnu-toolchain/bin/../lib/gcc/arm-none-eabi/4.8.4/../../../../arm-none-eabi/lib/armv7e-m\libc.a(lib_a-setbuf.o)
                              src/twi_slave_example.o (setbuf)
c:/program files (x86)/atmel/atmel toolchain/arm gcc/native/4.8.1437/arm-gnu-toolchain/bin/../lib/gcc/arm-none-eabi/4.8.4/../../../../arm-none-eabi/lib/armv7e-m\libc.a(lib_a-setvbuf.o)
                              c:/program files (x86)/atmel/atmel toolchain/arm gcc/native/4.8.1437/arm-gnu-toolchain/bin/../lib/gcc/arm-none-eabi/4.8.4/../../../../arm-none-eabi/lib/armv7e-m\libc.a(lib_a-setbuf.o) (setvbuf)
c:/program files (x86)/atmel/atmel toolchain/arm gcc/native/4.8.1437/arm-gnu-toolchain/bin/../lib/gcc/arm-none-eabi/4.8.4/../../../../arm-none-eabi/lib/armv7e-m\libc.a(lib_a-strlen.o)
                              c:/program files (x86)/atmel/atmel toolchain/arm gcc/native/4.8.1437/arm-gnu-toolchain/bin/../lib/gcc/arm-none-eabi/4.8.4/../../../../arm-none-eabi/lib/armv7e-m\libc.a(lib_a-puts.o) (strlen)
c:/program files (x86)/atmel/atmel toolchain/arm gcc/native/4.8.1437/arm-gnu-toolchain/bin/../lib/gcc/arm-none-eabi/4.8.4/../../../../arm-none-eabi/lib/armv7e-m\libc.a(lib_a-vfiprintf.o)
                              c:/program files (x86)/atmel/atmel toolchain/arm gcc/native/4.8.1437/arm-gnu-toolchain/bin/../lib/gcc/arm-none-eabi/4.8.4/../../../../arm-none-eabi/lib/armv7e-m\libc.a(lib_a-iprintf.o) (_vfiprintf_r)
c:/program files (x86)/atmel/atmel toolchain/arm gcc/native/4.8.1437/arm-gnu-toolchain/bin/../lib/gcc/arm-none-eabi/4.8.4/../../../../arm-none-eabi/lib/armv7e-m\libc.a(lib_a-wsetup.o)
                              c:/program files (x86)/atmel/atmel toolchain/arm gcc/native/4.8.1437/arm-gnu-toolchain/bin/../lib/gcc/arm-none-eabi/4.8.4/../../../../arm-none-eabi/lib/armv7e-m\libc.a(lib_a-vfiprintf.o) (__swsetup_r)
c:/program files (x86)/atmel/atmel toolchain/arm gcc/native/4.8.1437/arm-gnu-toolchain/bin/../lib/gcc/arm-none-eabi/4.8.4/../../../../arm-none-eabi/lib/armv7e-m\libc.a(lib_a-__call_atexit.o)
                              c:/program files (x86)/atmel/atmel toolchain/arm gcc/native/4.8.1437/arm-gnu-toolchain/bin/../lib/gcc/arm-none-eabi/4.8.4/../../../../arm-none-eabi/lib/armv7e-m\libc.a(lib_a-exit.o) (__call_exitprocs)
c:/program files (x86)/atmel/atmel toolchain/arm gcc/native/4.8.1437/arm-gnu-toolchain/bin/../lib/gcc/arm-none-eabi/4.8.4/../../../../arm-none-eabi/lib/armv7e-m\libc.a(lib_a-atexit.o)
                              c:/program files (x86)/atmel/atmel toolchain/arm gcc/native/4.8.1437/arm-gnu-toolchain/bin/../lib/gcc/arm-none-eabi/4.8.4/../../../../arm-none-eabi/lib/armv7e-m\libc.a(lib_a-__call_atexit.o) (atexit)
[...]
Memory Configuration

Name             Origin             Length             Attributes
rom              0x00400000         0x00080000         xr
ram              0x20000000         0x00018000         xrw
*default*        0x00000000         0xffffffff

Linker script and memory map

LOAD c:/program files (x86)/atmel/atmel toolchain/arm gcc/native/4.8.1437/arm-gnu-toolchain/bin/../lib/gcc/arm-none-eabi/4.8.4/armv7e-m/crti.o
LOAD c:/program files (x86)/atmel/atmel toolchain/arm gcc/native/4.8.1437/arm-gnu-toolchain/bin/../lib/gcc/arm-none-eabi/4.8.4/armv7e-m/crtbegin.o
LOAD c:/program files (x86)/atmel/atmel toolchain/arm gcc/native/4.8.1437/arm-gnu-toolchain/bin/../lib/gcc/arm-none-eabi/4.8.4/../../../../arm-none-eabi/lib/armv7e-m/crt0.o
LOAD src/ASF/common/services/clock/samg/sysclk.o
LOAD src/ASF/common/services/serial/usart_serial.o
LOAD src/ASF/common/utils/interrupt/interrupt_sam_nvic.o
LOAD src/ASF/common/utils/stdio/read.o
LOAD src/ASF/common/utils/stdio/write.o
LOAD src/ASF/sam/boards/samg53_xplained_pro/board_init.o
LOAD src/ASF/sam/drivers/efc/efc.o
LOAD src/ASF/sam/drivers/pmc/pmc.o
LOAD src/ASF/sam/drivers/pmc/sleep.o
LOAD src/ASF/sam/drivers/supc/supc.o
LOAD src/ASF/sam/drivers/twi/twi.o
LOAD src/ASF/sam/drivers/uart/uart.o
LOAD src/ASF/sam/drivers/usart/usart.o
LOAD src/ASF/sam/utils/cmsis/samg/samg53/source/templates/exceptions.o
LOAD src/ASF/sam/utils/cmsis/samg/samg53/source/templates/gcc/startup_samg53.o
LOAD src/ASF/sam/utils/cmsis/samg/samg53/source/templates/system_samg53.o
LOAD src/ASF/sam/utils/syscalls/gcc/syscalls.o
LOAD src/twi_slave_example.o
START GROUP
LOAD ../src/ASF/thirdparty/CMSIS/Lib/GCC\libarm_cortexM4lf_math.a
LOAD c:/program files (x86)/atmel/atmel toolchain/arm gcc/native/4.8.1437/arm-gnu-toolchain/bin/../lib/gcc/arm-none-eabi/4.8.4/../../../../arm-none-eabi/lib/armv7e-m\libm.a
END GROUP
START GROUP
LOAD c:/program files (x86)/atmel/atmel toolchain/arm gcc/native/4.8.1437/arm-gnu-toolchain/bin/../lib/gcc/arm-none-eabi/4.8.4/armv7e-m\libgcc.a
LOAD c:/program files (x86)/atmel/atmel toolchain/arm gcc/native/4.8.1437/arm-gnu-toolchain/bin/../lib/gcc/arm-none-eabi/4.8.4/../../../../arm-none-eabi/lib/armv7e-m\libc.a
END GROUP
LOAD c:/program files (x86)/atmel/atmel toolchain/arm gcc/native/4.8.1437/arm-gnu-toolchain/bin/../lib/gcc/arm-none-eabi/4.8.4/armv7e-m/crtend.o
LOAD c:/program files (x86)/atmel/atmel toolchain/arm gcc/native/4.8.1437/arm-gnu-toolchain/bin/../lib/gcc/arm-none-eabi/4.8.4/armv7e-m/crtn.o
                0x00003000                __stack_size__ = DEFINED (__stack_size__)?__stack_size__:0x3000
                0x20017ffc                __ram_end__ = ((ORIGIN (ram) + 0x18000) - 0x4)

.text           0x00400000     0x3b7c
                0x00400000                . = ALIGN (0x4)
                0x00400000                _sfixed = .
 *(.vectors .vectors.*)
 .vectors       0x00400000       0xfc src/ASF/sam/utils/cmsis/samg/samg53/source/templates/gcc/startup_samg53.o
                0x00400000                exception_table
 *(.text .text.* .gnu.linkonce.t.*)
 .text          0x004000fc       0x54 c:/program files (x86)/atmel/atmel toolchain/arm gcc/native/4.8.1437/arm-gnu-toolchain/bin/../lib/gcc/arm-none-eabi/4.8.4/armv7e-m/crtbegin.o
 .text.sysclk_init
                0x00400150       0x64 src/ASF/common/services/clock/samg/sysclk.o
                0x00400150                sysclk_init
 .text._read    0x004001b4       0x40 src/ASF/common/utils/stdio/read.o
                0x004001b4                _read
 .text._write   0x004001f4       0x54 src/ASF/common/utils/stdio/write.o
                0x004001f4                _write
 .text.system_board_init
                0x00400248       0xc0 src/ASF/sam/boards/samg53_xplained_pro/board_init.o
                0x00400248                board_init
                0x00400248                system_board_init
 .text.pmc_switch_mck_to_pllack
                0x00400308       0x64 src/ASF/sam/drivers/pmc/pmc.o
                0x00400308                pmc_switch_mck_to_pllack
 .text.pmc_disable_pllack
                0x0040036c        0xc src/ASF/sam/drivers/pmc/pmc.o
                0x0040036c                pmc_disable_pllack
 .text.pmc_is_locked_pllack
                0x00400378       0x10 src/ASF/sam/drivers/pmc/pmc.o
                0x00400378                pmc_is_locked_pllack
 .text.pmc_enable_periph_clk
                0x00400388       0x34 src/ASF/sam/drivers/pmc/pmc.o
                0x00400388                pmc_enable_periph_clk
 .text.twi_enable_interrupt
                0x004003bc        0x4 src/ASF/sam/drivers/twi/twi.o
                0x004003bc                twi_enable_interrupt
 .text.twi_disable_interrupt
                0x004003c0        0x8 src/ASF/sam/drivers/twi/twi.o
                0x004003c0                twi_disable_interrupt
 .text.twi_get_interrupt_status
                0x004003c8        0x4 src/ASF/sam/drivers/twi/twi.o
                0x004003c8                twi_get_interrupt_status
 .text.twi_read_byte
                0x004003cc        0x8 src/ASF/sam/drivers/twi/twi.o
                0x004003cc                twi_read_byte
 .text.twi_write_byte
                0x004003d4        0x4 src/ASF/sam/drivers/twi/twi.o
                0x004003d4                twi_write_byte
 .text.twi_slave_init
                0x004003d8       0x24 src/ASF/sam/drivers/twi/twi.o
                0x004003d8                twi_slave_init
 .text.uart_init
                0x004003fc       0x38 src/ASF/sam/drivers/uart/uart.o
                0x004003fc                uart_init
 .text.uart_write
                0x00400434       0x10 src/ASF/sam/drivers/uart/uart.o
                0x00400434                uart_write
 .text.uart_read
                0x00400444       0x14 src/ASF/sam/drivers/uart/uart.o
                0x00400444                uart_read
 .text.usart_write
                0x00400458       0x14 src/ASF/sam/drivers/usart/usart.o
                0x00400458                usart_write
 .text.usart_read
                0x0040046c       0x18 src/ASF/sam/drivers/usart/usart.o
                0x0040046c                usart_read
 .text.Dummy_Handler
                0x00400484        0x4 src/ASF/sam/utils/cmsis/samg/samg53/source/templates/exceptions.o
                0x00400484                WKUP2_Handler
                0x00400484                DebugMon_Handler
                0x00400484                WKUP7_Handler
                0x00400484                WKUP10_Handler
                0x00400484                WKUP15_Handler
                0x00400484                HardFault_Handler
                0x00400484                TC2_Handler
                0x00400484                SPI_Handler
                0x00400484                SysTick_Handler
                0x00400484                TWI1_Handler
                0x00400484                PendSV_Handler
                0x00400484                NMI_Handler
                0x00400484                WKUP3_Handler
                0x00400484                ADC_Handler
                0x00400484                WKUP4_Handler
                0x00400484                WKUP6_Handler
                0x00400484                RTT_Handler
                0x00400484                PIOB_Handler
                0x00400484                RTC_Handler
                0x00400484                UsageFault_Handler
                0x00400484                PDMIC1_Handler
                0x00400484                WKUP13_Handler
                0x00400484                WDT_Handler
                0x00400484                WKUP12_Handler
                0x00400484                TC4_Handler
                0x00400484                TC1_Handler
                0x00400484                UART1_Handler
                0x00400484                WKUP14_Handler
                0x00400484                TC3_Handler
                0x00400484                ARM_Handler
                0x00400484                Dummy_Handler
                0x00400484                TWI0_Handler
                0x00400484                WKUP11_Handler
                0x00400484                PIOA_Handler
                0x00400484                MEM2MEM_Handler
                0x00400484                USART_Handler
                0x00400484                PMC_Handler
                0x00400484                WKUP1_Handler
                0x00400484                PDMIC0_Handler
                0x00400484                MemManage_Handler
                0x00400484                SUPC_Handler
                0x00400484                SVC_Handler
                0x00400484                EFC_Handler
                0x00400484                WKUP8_Handler
                0x00400484                I2SC0_Handler
                0x00400484                UART0_Handler
                0x00400484                I2SC1_Handler
                0x00400484                WKUP5_Handler
                0x00400484                BusFault_Handler
                0x00400484                RSTC_Handler
                0x00400484                TC0_Handler
                0x00400484                WKUP0_Handler
                0x00400484                TC5_Handler
                0x00400484                WKUP9_Handler
 .text.Reset_Handler
                0x00400488       0xe8 src/ASF/sam/utils/cmsis/samg/samg53/source/templates/gcc/startup_samg53.o
                0x00400488                Reset_Handler
 .text.SystemCoreClockUpdate
                0x00400570       0xe8 src/ASF/sam/utils/cmsis/samg/samg53/source/templates/system_samg53.o
                0x00400570                SystemCoreClockUpdate
 .text.system_init_flash
                0x00400658       0x4c src/ASF/sam/utils/cmsis/samg/samg53/source/templates/system_samg53.o
                0x00400658                system_init_flash
 .text._sbrk    0x004006a4       0x34 src/ASF/sam/utils/syscalls/gcc/syscalls.o
                0x004006a4                _sbrk
 .text._close   0x004006d8        0x8 src/ASF/sam/utils/syscalls/gcc/syscalls.o
                0x004006d8                _close
 .text._fstat   0x004006e0        0xc src/ASF/sam/utils/syscalls/gcc/syscalls.o
                0x004006e0                _fstat
 .text._isatty  0x004006ec        0x4 src/ASF/sam/utils/syscalls/gcc/syscalls.o
                0x004006ec                _isatty
 .text._lseek   0x004006f0        0x4 src/ASF/sam/utils/syscalls/gcc/syscalls.o
                0x004006f0                _lseek
 .text.usart_serial_getchar
                0x004006f4       0x68 src/twi_slave_example.o
 .text.usart_serial_putchar
                0x0040075c       0x6c src/twi_slave_example.o
 .text.TWI2_Handler
                0x004007c8      0x134 src/twi_slave_example.o
                0x004007c8                TWI2_Handler
 .text.main     0x004008fc      0x108 src/twi_slave_example.o
                0x004008fc                main
 .text.__libc_init_array
                0x00400a04       0x50 c:/program files (x86)/atmel/atmel toolchain/arm gcc/native/4.8.1437/arm-gnu-toolchain/bin/../lib/gcc/arm-none-eabi/4.8.4/../../../../arm-none-eabi/lib/armv7e-m\libc.a(lib_a-init.o)
                0x00400a04                __libc_init_array
 .text.iprintf  0x00400a54       0x28 c:/program files (x86)/atmel/atmel toolchain/arm gcc/native/4.8.1437/arm-gnu-toolchain/bin/../lib/gcc/arm-none-eabi/4.8.4/../../../../arm-none-eabi/lib/armv7e-m\libc.a(lib_a-iprintf.o)
                0x00400a54                iprintf
 .text.memset   0x00400a7c       0x94 c:/program files (x86)/atmel/atmel toolchain/arm gcc/native/4.8.1437/arm-gnu-toolchain/bin/../lib/gcc/arm-none-eabi/4.8.4/../../../../arm-none-eabi/lib/armv7e-m\libc.a(lib_a-memset.o)
                0x00400a7c                memset
 .text._puts_r  0x00400b10       0x5c c:/program files (x86)/atmel/atmel toolchain/arm gcc/native/4.8.1437/arm-gnu-toolchain/bin/../lib/gcc/arm-none-eabi/4.8.4/../../../../arm-none-eabi/lib/armv7e-m\libc.a(lib_a-puts.o)
                0x00400b10                _puts_r
 .text.puts     0x00400b6c       0x10 c:/program files (x86)/atmel/atmel toolchain/arm gcc/native/4.8.1437/arm-gnu-toolchain/bin/../lib/gcc/arm-none-eabi/4.8.4/../../../../arm-none-eabi/lib/armv7e-m\libc.a(lib_a-puts.o)
                0x00400b6c                puts
 .text.setbuf   0x00400b7c       0x10 c:/program files (x86)/atmel/atmel toolchain/arm gcc/native/4.8.1437/arm-gnu-toolchain/bin/../lib/gcc/arm-none-eabi/4.8.4/../../../../arm-none-eabi/lib/armv7e-m\libc.a(lib_a-setbuf.o)
                0x00400b7c                setbuf
 .text.setvbuf  0x00400b8c      0x100 c:/program files (x86)/atmel/atmel toolchain/arm gcc/native/4.8.1437/arm-gnu-toolchain/bin/../lib/gcc/arm-none-eabi/4.8.4/../../../../arm-none-eabi/lib/armv7e-m\libc.a(lib_a-setvbuf.o)
                0x00400b8c                setvbuf
 .text.strlen   0x00400c8c       0x60 c:/program files (x86)/atmel/atmel toolchain/arm gcc/native/4.8.1437/arm-gnu-toolchain/bin/../lib/gcc/arm-none-eabi/4.8.4/../../../../arm-none-eabi/lib/armv7e-m\libc.a(lib_a-strlen.o)
                0x00400c8c                strlen
 .text.__sprint_r.part.0
                0x00400cec       0x78 c:/program files (x86)/atmel/atmel toolchain/arm gcc/native/4.8.1437/arm-gnu-toolchain/bin/../lib/gcc/arm-none-eabi/4.8.4/../../../../arm-none-eabi/lib/armv7e-m\libc.a(lib_a-vfiprintf.o)
 .text._vfiprintf_r
                0x00400d64      0xc54 c:/program files (x86)/atmel/atmel toolchain/arm gcc/native/4.8.1437/arm-gnu-toolchain/bin/../lib/gcc/arm-none-eabi/4.8.4/../../../../arm-none-eabi/lib/armv7e-m\libc.a(lib_a-vfiprintf.o)
                0x00400d64                _vfiprintf_r
 .text.__sbprintf
                0x004019b8       0x78 c:/program files (x86)/atmel/atmel toolchain/arm gcc/native/4.8.1437/arm-gnu-toolchain/bin/../lib/gcc/arm-none-eabi/4.8.4/../../../../arm-none-eabi/lib/armv7e-m\libc.a(lib_a-vfiprintf.o)
 .text.__swsetup_r
                0x00401a30       0xc4 c:/program files (x86)/atmel/atmel toolchain/arm gcc/native/4.8.1437/arm-gnu-toolchain/bin/../lib/gcc/arm-none-eabi/4.8.4/../../../../arm-none-eabi/lib/armv7e-m\libc.a(lib_a-wsetup.o)
                0x00401a30                __swsetup_r
 .text.startup.register_fini
                0x00401af4       0x14 c:/program files (x86)/atmel/atmel toolchain/arm gcc/native/4.8.1437/arm-gnu-toolchain/bin/../lib/gcc/arm-none-eabi/4.8.4/../../../../arm-none-eabi/lib/armv7e-m\libc.a(lib_a-__call_atexit.o)
 .text.atexit   0x00401b08        0xc c:/program files (x86)/atmel/atmel toolchain/arm gcc/native/4.8.1437/arm-gnu-toolchain/bin/../lib/gcc/arm-none-eabi/4.8.4/../../../../arm-none-eabi/lib/armv7e-m\libc.a(lib_a-atexit.o)
                0x00401b08                atexit
 .text.__sflush_r
                0x00401b14      0x154 c:/program files (x86)/atmel/atmel toolchain/arm gcc/native/4.8.1437/arm-gnu-toolchain/bin/../lib/gcc/arm-none-eabi/4.8.4/../../../../arm-none-eabi/lib/armv7e-m\libc.a(lib_a-fflush.o)
                0x00401b14                __sflush_r
 .text._fflush_r
                0x00401c68       0x2c c:/program files (x86)/atmel/atmel toolchain/arm gcc/native/4.8.1437/arm-gnu-toolchain/bin/../lib/gcc/arm-none-eabi/4.8.4/../../../../arm-none-eabi/lib/armv7e-m\libc.a(lib_a-fflush.o)
                0x00401c68                _fflush_r
 .text._cleanup_r
                0x00401c94        0xc c:/program files (x86)/atmel/atmel toolchain/arm gcc/native/4.8.1437/arm-gnu-toolchain/bin/../lib/gcc/arm-none-eabi/4.8.4/../../../../arm-none-eabi/lib/armv7e-m\libc.a(lib_a-findfp.o)
                0x00401c94                _cleanup_r
 .text.__sinit  0x00401ca0       0xf4 c:/program files (x86)/atmel/atmel toolchain/arm gcc/native/4.8.1437/arm-gnu-toolchain/bin/../lib/gcc/arm-none-eabi/4.8.4/../../../../arm-none-eabi/lib/armv7e-m\libc.a(lib_a-findfp.o)
                0x00401ca0                __sinit
 .text.__sfp_lock_acquire
                0x00401d94        0x4 c:/program files (x86)/atmel/atmel toolchain/arm gcc/native/4.8.1437/arm-gnu-toolchain/bin/../lib/gcc/arm-none-eabi/4.8.4/../../../../arm-none-eabi/lib/armv7e-m\libc.a(lib_a-findfp.o)
                0x00401d94                __sfp_lock_acquire
 .text.__sfp_lock_release
                0x00401d98        0x4 c:/program files (x86)/atmel/atmel toolchain/arm gcc/native/4.8.1437/arm-gnu-toolchain/bin/../lib/gcc/arm-none-eabi/4.8.4/../../../../arm-none-eabi/lib/armv7e-m\libc.a(lib_a-findfp.o)
                0x00401d98                __sfp_lock_release
 .text.__libc_fini_array
                0x00401d9c       0x30 c:/program files (x86)/atmel/atmel toolchain/arm gcc/native/4.8.1437/arm-gnu-toolchain/bin/../lib/gcc/arm-none-eabi/4.8.4/../../../../arm-none-eabi/lib/armv7e-m\libc.a(lib_a-fini.o)
                0x00401d9c                __libc_fini_array
 .text._fputwc_r
                0x00401dcc       0xbc c:/program files (x86)/atmel/atmel toolchain/arm gcc/native/4.8.1437/arm-gnu-toolchain/bin/../lib/gcc/arm-none-eabi/4.8.4/../../../../arm-none-eabi/lib/armv7e-m\libc.a(lib_a-fputwc.o)
                0x00401dcc                _fputwc_r
 .text._malloc_trim_r
                0x00401e88       0x9c c:/program files (x86)/atmel/atmel toolchain/arm gcc/native/4.8.1437/arm-gnu-toolchain/bin/../lib/gcc/arm-none-eabi/4.8.4/../../../../arm-none-eabi/lib/armv7e-m\libc.a(lib_a-freer.o)
                0x00401e88                _malloc_trim_r
 .text._free_r  0x00401f24      0x19c c:/program files (x86)/atmel/atmel toolchain/arm gcc/native/4.8.1437/arm-gnu-toolchain/bin/../lib/gcc/arm-none-eabi/4.8.4/../../../../arm-none-eabi/lib/armv7e-m\libc.a(lib_a-freer.o)
                0x00401f24                _free_r
 .text.__sfvwrite_r
                0x004020c0      0x318 c:/program files (x86)/atmel/atmel toolchain/arm gcc/native/4.8.1437/arm-gnu-toolchain/bin/../lib/gcc/arm-none-eabi/4.8.4/../../../../arm-none-eabi/lib/armv7e-m\libc.a(lib_a-fvwrite.o)
                0x004020c0                __sfvwrite_r
 .text._fwalk   0x004023d8       0x4c c:/program files (x86)/atmel/atmel toolchain/arm gcc/native/4.8.1437/arm-gnu-toolchain/bin/../lib/gcc/arm-none-eabi/4.8.4/../../../../arm-none-eabi/lib/armv7e-m\libc.a(lib_a-fwalk.o)
                0x004023d8                _fwalk
 .text.__locale_charset
                0x00402424        0x8 c:/program files (x86)/atmel/atmel toolchain/arm gcc/native/4.8.1437/arm-gnu-toolchain/bin/../lib/gcc/arm-none-eabi/4.8.4/../../../../arm-none-eabi/lib/armv7e-m\libc.a(lib_a-locale.o)
                0x00402424                __locale_charset
 .text.__locale_mb_cur_max
                0x0040242c        0xc c:/program files (x86)/atmel/atmel toolchain/arm gcc/native/4.8.1437/arm-gnu-toolchain/bin/../lib/gcc/arm-none-eabi/4.8.4/../../../../arm-none-eabi/lib/armv7e-m\libc.a(lib_a-locale.o)
                0x0040242c                __locale_mb_cur_max
 .text.__smakebuf_r
                0x00402438       0xe0 c:/program files (x86)/atmel/atmel toolchain/arm gcc/native/4.8.1437/arm-gnu-toolchain/bin/../lib/gcc/arm-none-eabi/4.8.4/../../../../arm-none-eabi/lib/armv7e-m\libc.a(lib_a-makebuf.o)
                0x00402438                __smakebuf_r
 .text.malloc   0x00402518       0x10 c:/program files (x86)/atmel/atmel toolchain/arm gcc/native/4.8.1437/arm-gnu-toolchain/bin/../lib/gcc/arm-none-eabi/4.8.4/../../../../arm-none-eabi/lib/armv7e-m\libc.a(lib_a-malloc.o)
                0x00402518                malloc
 .text._malloc_r
                0x00402528      0x538 c:/program files (x86)/atmel/atmel toolchain/arm gcc/native/4.8.1437/arm-gnu-toolchain/bin/../lib/gcc/arm-none-eabi/4.8.4/../../../../arm-none-eabi/lib/armv7e-m\libc.a(lib_a-mallocr.o)
                0x00402528                _malloc_r
 .text.memchr   0x00402a60       0x90 c:/program files (x86)/atmel/atmel toolchain/arm gcc/native/4.8.1437/arm-gnu-toolchain/bin/../lib/gcc/arm-none-eabi/4.8.4/../../../../arm-none-eabi/lib/armv7e-m\libc.a(lib_a-memchr-stub.o)
                0x00402a60                memchr
 .text          0x00402af0      0x134 c:/program files (x86)/atmel/atmel toolchain/arm gcc/native/4.8.1437/arm-gnu-toolchain/bin/../lib/gcc/arm-none-eabi/4.8.4/../../../../arm-none-eabi/lib/armv7e-m\libc.a(lib_a-memcpy.o)
                0x00402af0                memcpy
 .text.memmove  0x00402c24       0xc0 c:/program files (x86)/atmel/atmel toolchain/arm gcc/native/4.8.1437/arm-gnu-toolchain/bin/../lib/gcc/arm-none-eabi/4.8.4/../../../../arm-none-eabi/lib/armv7e-m\libc.a(lib_a-memmove.o)
                0x00402c24                memmove
 .text.__malloc_lock
                0x00402ce4        0x4 c:/program files (x86)/atmel/atmel toolchain/arm gcc/native/4.8.1437/arm-gnu-toolchain/bin/../lib/gcc/arm-none-eabi/4.8.4/../../../../arm-none-eabi/lib/armv7e-m\libc.a(lib_a-mlock.o)
                0x00402ce4                __malloc_lock
 .text.__malloc_unlock
                0x00402ce8        0x4 c:/program files (x86)/atmel/atmel toolchain/arm gcc/native/4.8.1437/arm-gnu-toolchain/bin/../lib/gcc/arm-none-eabi/4.8.4/../../../../arm-none-eabi/lib/armv7e-m\libc.a(lib_a-mlock.o)
                0x00402ce8                __malloc_unlock
 .text._realloc_r
                0x00402cec      0x3cc c:/program files (x86)/atmel/atmel toolchain/arm gcc/native/4.8.1437/arm-gnu-toolchain/bin/../lib/gcc/arm-none-eabi/4.8.4/../../../../arm-none-eabi/lib/armv7e-m\libc.a(lib_a-reallocr.o)
                0x00402cec                _realloc_r
 .text._sbrk_r  0x004030b8       0x24 c:/program files (x86)/atmel/atmel toolchain/arm gcc/native/4.8.1437/arm-gnu-toolchain/bin/../lib/gcc/arm-none-eabi/4.8.4/../../../../arm-none-eabi/lib/armv7e-m\libc.a(lib_a-sbrkr.o)
                0x004030b8                _sbrk_r
 .text.__sread  0x004030dc       0x24 c:/program files (x86)/atmel/atmel toolchain/arm gcc/native/4.8.1437/arm-gnu-toolchain/bin/../lib/gcc/arm-none-eabi/4.8.4/../../../../arm-none-eabi/lib/armv7e-m\libc.a(lib_a-stdio.o)
                0x004030dc                __sread
 .text.__swrite
                0x00403100       0x38 c:/program files (x86)/atmel/atmel toolchain/arm gcc/native/4.8.1437/arm-gnu-toolchain/bin/../lib/gcc/arm-none-eabi/4.8.4/../../../../arm-none-eabi/lib/armv7e-m\libc.a(lib_a-stdio.o)
                0x00403100                __swrite
 .text.__sseek  0x00403138       0x20 c:/program files (x86)/atmel/atmel toolchain/arm gcc/native/4.8.1437/arm-gnu-toolchain/bin/../lib/gcc/arm-none-eabi/4.8.4/../../../../arm-none-eabi/lib/armv7e-m\libc.a(lib_a-stdio.o)
                0x00403138                __sseek
 .text.__sclose
                0x00403158        0x8 c:/program files (x86)/atmel/atmel toolchain/arm gcc/native/4.8.1437/arm-gnu-toolchain/bin/../lib/gcc/arm-none-eabi/4.8.4/../../../../arm-none-eabi/lib/armv7e-m\libc.a(lib_a-stdio.o)
                0x00403158                __sclose
 .text.__swbuf_r
                0x00403160       0xa8 c:/program files (x86)/atmel/atmel toolchain/arm gcc/native/4.8.1437/arm-gnu-toolchain/bin/../lib/gcc/arm-none-eabi/4.8.4/../../../../arm-none-eabi/lib/armv7e-m\libc.a(lib_a-wbuf.o)
                0x00403160                __swbuf_r
 .text._wcrtomb_r
                0x00403208       0x50 c:/program files (x86)/atmel/atmel toolchain/arm gcc/native/4.8.1437/arm-gnu-toolchain/bin/../lib/gcc/arm-none-eabi/4.8.4/../../../../arm-none-eabi/lib/armv7e-m\libc.a(lib_a-wcrtomb.o)
                0x00403208                _wcrtomb_r
 .text.__ascii_wctomb
                0x00403258       0x1c c:/program files (x86)/atmel/atmel toolchain/arm gcc/native/4.8.1437/arm-gnu-toolchain/bin/../lib/gcc/arm-none-eabi/4.8.4/../../../../arm-none-eabi/lib/armv7e-m\libc.a(lib_a-wctomb_r.o)
                0x00403258                __ascii_wctomb
 .text._write_r
                0x00403274       0x28 c:/program files (x86)/atmel/atmel toolchain/arm gcc/native/4.8.1437/arm-gnu-toolchain/bin/../lib/gcc/arm-none-eabi/4.8.4/../../../../arm-none-eabi/lib/armv7e-m\libc.a(lib_a-writer.o)
                0x00403274                _write_r
 .text.__register_exitproc
                0x0040329c       0xa8 c:/program files (x86)/atmel/atmel toolchain/arm gcc/native/4.8.1437/arm-gnu-toolchain/bin/../lib/gcc/arm-none-eabi/4.8.4/../../../../arm-none-eabi/lib/armv7e-m\libc.a(lib_a-__atexit.o)
                0x0040329c                __register_exitproc
 .text._close_r
                0x00403344       0x24 c:/program files (x86)/atmel/atmel toolchain/arm gcc/native/4.8.1437/arm-gnu-toolchain/bin/../lib/gcc/arm-none-eabi/4.8.4/../../../../arm-none-eabi/lib/armv7e-m\libc.a(lib_a-closer.o)
                0x00403344                _close_r
 .text._fclose_r
                0x00403368       0x80 c:/program files (x86)/atmel/atmel toolchain/arm gcc/native/4.8.1437/arm-gnu-toolchain/bin/../lib/gcc/arm-none-eabi/4.8.4/../../../../arm-none-eabi/lib/armv7e-m\libc.a(lib_a-fclose.o)
                0x00403368                _fclose_r
 .text.fclose   0x004033e8       0x10 c:/program files (x86)/atmel/atmel toolchain/arm gcc/native/4.8.1437/arm-gnu-toolchain/bin/../lib/gcc/arm-none-eabi/4.8.4/../../../../arm-none-eabi/lib/armv7e-m\libc.a(lib_a-fclose.o)
                0x004033e8                fclose
 .text._fstat_r
                0x004033f8       0x28 c:/program files (x86)/atmel/atmel toolchain/arm gcc/native/4.8.1437/arm-gnu-toolchain/bin/../lib/gcc/arm-none-eabi/4.8.4/../../../../arm-none-eabi/lib/armv7e-m\libc.a(lib_a-fstatr.o)
                0x004033f8                _fstat_r
 .text._isatty_r
                0x00403420       0x24 c:/program files (x86)/atmel/atmel toolchain/arm gcc/native/4.8.1437/arm-gnu-toolchain/bin/../lib/gcc/arm-none-eabi/4.8.4/../../../../arm-none-eabi/lib/armv7e-m\libc.a(lib_a-isattyr.o)
                0x00403420                _isatty_r
 .text._lseek_r
                0x00403444       0x28 c:/program files (x86)/atmel/atmel toolchain/arm gcc/native/4.8.1437/arm-gnu-toolchain/bin/../lib/gcc/arm-none-eabi/4.8.4/../../../../arm-none-eabi/lib/armv7e-m\libc.a(lib_a-lseekr.o)
                0x00403444                _lseek_r
 .text._read_r  0x0040346c       0x28 c:/program files (x86)/atmel/atmel toolchain/arm gcc/native/4.8.1437/arm-gnu-toolchain/bin/../lib/gcc/arm-none-eabi/4.8.4/../../../../arm-none-eabi/lib/armv7e-m\libc.a(lib_a-readr.o)
                0x0040346c                _read_r
 .text          0x00403494       0x2c c:/program files (x86)/atmel/atmel toolchain/arm gcc/native/4.8.1437/arm-gnu-toolchain/bin/../lib/gcc/arm-none-eabi/4.8.4/armv7e-m\libgcc.a(_aeabi_uldivmod.o)
                0x00403494                __aeabi_uldivmod
 .text          0x004034c0       0x60 c:/program files (x86)/atmel/atmel toolchain/arm gcc/native/4.8.1437/arm-gnu-toolchain/bin/../lib/gcc/arm-none-eabi/4.8.4/armv7e-m\libgcc.a(bpabi.o)
                0x004034c0                __gnu_ldivmod_helper
                0x004034f0                __gnu_uldivmod_helper
 .text          0x00403520        0x4 c:/program files (x86)/atmel/atmel toolchain/arm gcc/native/4.8.1437/arm-gnu-toolchain/bin/../lib/gcc/arm-none-eabi/4.8.4/armv7e-m\libgcc.a(_dvmd_tls.o)
                0x00403520                __aeabi_idiv0
                0x00403520                __aeabi_ldiv0
 .text          0x00403524      0x298 c:/program files (x86)/atmel/atmel toolchain/arm gcc/native/4.8.1437/arm-gnu-toolchain/bin/../lib/gcc/arm-none-eabi/4.8.4/armv7e-m\libgcc.a(_divdi3.o)
                0x00403524                __divdi3
 .text          0x004037bc      0x284 c:/program files (x86)/atmel/atmel toolchain/arm gcc/native/4.8.1437/arm-gnu-toolchain/bin/../lib/gcc/arm-none-eabi/4.8.4/armv7e-m\libgcc.a(_udivdi3.o)
                0x004037bc                __udivdi3
 *(.glue_7t)
 .glue_7t       0x00000000        0x0 linker stubs
 *(.glue_7)
 .glue_7        0x00000000        0x0 linker stubs
 *(.rodata .rodata* .gnu.linkonce.r.*)
 .rodata.str1.4
                0x00403a40       0xbc src/twi_slave_example.o
 .rodata.str1.4
                0x00403afc        0x2 c:/program files (x86)/atmel/atmel toolchain/arm gcc/native/4.8.1437/arm-gnu-toolchain/bin/../lib/gcc/arm-none-eabi/4.8.4/../../../../arm-none-eabi/lib/armv7e-m\libc.a(lib_a-impure.o)
                                  0x4 (size before relaxing)
 *fill*         0x00403afe        0x2 
 .rodata._global_impure_ptr
                0x00403b00        0x4 c:/program files (x86)/atmel/atmel toolchain/arm gcc/native/4.8.1437/arm-gnu-toolchain/bin/../lib/gcc/arm-none-eabi/4.8.4/../../../../arm-none-eabi/lib/armv7e-m\libc.a(lib_a-impure.o)
                0x00403b00                _global_impure_ptr
 .rodata.str1.4
                0x00403b04        0x2 c:/program files (x86)/atmel/atmel toolchain/arm gcc/native/4.8.1437/arm-gnu-toolchain/bin/../lib/gcc/arm-none-eabi/4.8.4/../../../../arm-none-eabi/lib/armv7e-m\libc.a(lib_a-puts.o)
                                  0x4 (size before relaxing)
 *fill*         0x00403b06        0x2 
 .rodata.str1.4
                0x00403b08       0x30 c:/program files (x86)/atmel/atmel toolchain/arm gcc/native/4.8.1437/arm-gnu-toolchain/bin/../lib/gcc/arm-none-eabi/4.8.4/../../../../arm-none-eabi/lib/armv7e-m\libc.a(lib_a-vfiprintf.o)
 .rodata.zeroes.6721
                0x00403b38       0x10 c:/program files (x86)/atmel/atmel toolchain/arm gcc/native/4.8.1437/arm-gnu-toolchain/bin/../lib/gcc/arm-none-eabi/4.8.4/../../../../arm-none-eabi/lib/armv7e-m\libc.a(lib_a-vfiprintf.o)
 .rodata.blanks.6720
                0x00403b48       0x10 c:/program files (x86)/atmel/atmel toolchain/arm gcc/native/4.8.1437/arm-gnu-toolchain/bin/../lib/gcc/arm-none-eabi/4.8.4/../../../../arm-none-eabi/lib/armv7e-m\libc.a(lib_a-vfiprintf.o)
 *(.ARM.extab* .gnu.linkonce.armextab.*)
                0x00403b58                . = ALIGN (0x4)
 *(.init)
 .init          0x00403b58        0x4 c:/program files (x86)/atmel/atmel toolchain/arm gcc/native/4.8.1437/arm-gnu-toolchain/bin/../lib/gcc/arm-none-eabi/4.8.4/armv7e-m/crti.o
                0x00403b58                _init
 .init          0x00403b5c        0x8 c:/program files (x86)/atmel/atmel toolchain/arm gcc/native/4.8.1437/arm-gnu-toolchain/bin/../lib/gcc/arm-none-eabi/4.8.4/armv7e-m/crtn.o
                0x00403b64                . = ALIGN (0x4)
                0x00403b64                __preinit_array_start = .
 *(.preinit_array)
                0x00403b64                __preinit_array_end = .
                0x00403b64                . = ALIGN (0x4)
                0x00403b64                __init_array_start = .
 *(SORT(.init_array.*))
 .init_array.00000
                0x00403b64        0x4 c:/program files (x86)/atmel/atmel toolchain/arm gcc/native/4.8.1437/arm-gnu-toolchain/bin/../lib/gcc/arm-none-eabi/4.8.4/../../../../arm-none-eabi/lib/armv7e-m\libc.a(lib_a-__call_atexit.o)
 *(.init_array)
 .init_array    0x00403b68        0x4 c:/program files (x86)/atmel/atmel toolchain/arm gcc/native/4.8.1437/arm-gnu-toolchain/bin/../lib/gcc/arm-none-eabi/4.8.4/armv7e-m/crtbegin.o
                0x00403b6c                __init_array_end = .
                0x00403b6c                . = ALIGN (0x4)
 *crtbegin.o(.ctors)
 *(EXCLUDE_FILE(*crtend.o) .ctors)
 *(SORT(.ctors.*))
 *crtend.o(.ctors)
                0x00403b6c                . = ALIGN (0x4)
 *(.fini)
 .fini          0x00403b6c        0x4 c:/program files (x86)/atmel/atmel toolchain/arm gcc/native/4.8.1437/arm-gnu-toolchain/bin/../lib/gcc/arm-none-eabi/4.8.4/armv7e-m/crti.o
                0x00403b6c                _fini
 .fini          0x00403b70        0x8 c:/program files (x86)/atmel/atmel toolchain/arm gcc/native/4.8.1437/arm-gnu-toolchain/bin/../lib/gcc/arm-none-eabi/4.8.4/armv7e-m/crtn.o
                0x00403b78                . = ALIGN (0x4)
                0x00403b78                __fini_array_start = .
 *(.fini_array)
 .fini_array    0x00403b78        0x4 c:/program files (x86)/atmel/atmel toolchain/arm gcc/native/4.8.1437/arm-gnu-toolchain/bin/../lib/gcc/arm-none-eabi/4.8.4/armv7e-m/crtbegin.o
 *(SORT(.fini_array.*))
                0x00403b7c                __fini_array_end = .
 *crtbegin.o(.dtors)
 *(EXCLUDE_FILE(*crtend.o) .dtors)
 *(SORT(.dtors.*))
 *crtend.o(.dtors)
                0x00403b7c                . = ALIGN (0x4)
                0x00403b7c                _efixed = .
                0x00403b7c                PROVIDE (__exidx_start, .)

.vfp11_veneer   0x00403b7c        0x0
 .vfp11_veneer  0x00000000        0x0 linker stubs

.v4_bx          0x00403b7c        0x0
 .v4_bx         0x00000000        0x0 linker stubs

.iplt           0x00403b7c        0x0
 .iplt          0x00000000        0x0 c:/program files (x86)/atmel/atmel toolchain/arm gcc/native/4.8.1437/arm-gnu-toolchain/bin/../lib/gcc/arm-none-eabi/4.8.4/armv7e-m/crtbegin.o

.ARM.exidx      0x00403b7c        0x8
 *(.ARM.exidx* .gnu.linkonce.armexidx.*)
 .ARM.exidx     0x00403b7c        0x8 c:/program files (x86)/atmel/atmel toolchain/arm gcc/native/4.8.1437/arm-gnu-toolchain/bin/../lib/gcc/arm-none-eabi/4.8.4/armv7e-m\libgcc.a(_divdi3.o)
 .ARM.exidx     0x00403b84        0x0 c:/program files (x86)/atmel/atmel toolchain/arm gcc/native/4.8.1437/arm-gnu-toolchain/bin/../lib/gcc/arm-none-eabi/4.8.4/armv7e-m\libgcc.a(_udivdi3.o)
                                  0x8 (size before relaxing)
                0x00403b84                PROVIDE (__exidx_end, .)

.eh_frame       0x00403b84        0x0
 .eh_frame      0x00403b84        0x0 c:/program files (x86)/atmel/atmel toolchain/arm gcc/native/4.8.1437/arm-gnu-toolchain/bin/../lib/gcc/arm-none-eabi/4.8.4/armv7e-m/crtbegin.o

.rel.dyn        0x00403b84        0x0
 .rel.iplt      0x00000000        0x0 c:/program files (x86)/atmel/atmel toolchain/arm gcc/native/4.8.1437/arm-gnu-toolchain/bin/../lib/gcc/arm-none-eabi/4.8.4/armv7e-m/crtbegin.o

.jcr            0x00403b84        0x0
 .jcr           0x00403b84        0x0 c:/program files (x86)/atmel/atmel toolchain/arm gcc/native/4.8.1437/arm-gnu-toolchain/bin/../lib/gcc/arm-none-eabi/4.8.4/armv7e-m/crtbegin.o

.igot.plt       0x00403b84        0x0
 .igot.plt      0x00000000        0x0 c:/program files (x86)/atmel/atmel toolchain/arm gcc/native/4.8.1437/arm-gnu-toolchain/bin/../lib/gcc/arm-none-eabi/4.8.4/armv7e-m/crtbegin.o
                0x00403b84                . = ALIGN (0x4)
                0x00403b84                _etext = .

.relocate       0x20000000      0x86c load address 0x00403b84
                0x20000000                . = ALIGN (0x4)
                0x20000000                _srelocate = .
 *(.ramfunc .ramfunc.*)
 *(.data .data.*)
 .data.g_interrupt_enabled
                0x20000000        0x1 src/ASF/common/utils/interrupt/interrupt_sam_nvic.o
                0x20000000                g_interrupt_enabled
 *fill*         0x20000001        0x3 
 .data.SystemCoreClock
                0x20000004        0x4 src/ASF/sam/utils/cmsis/samg/samg53/source/templates/system_samg53.o
                0x20000004                SystemCoreClock
 .data.impure_data
                0x20000008      0x428 c:/program files (x86)/atmel/atmel toolchain/arm gcc/native/4.8.1437/arm-gnu-toolchain/bin/../lib/gcc/arm-none-eabi/4.8.4/../../../../arm-none-eabi/lib/armv7e-m\libc.a(lib_a-impure.o)
 .data._impure_ptr
                0x20000430        0x4 c:/program files (x86)/atmel/atmel toolchain/arm gcc/native/4.8.1437/arm-gnu-toolchain/bin/../lib/gcc/arm-none-eabi/4.8.4/../../../../arm-none-eabi/lib/armv7e-m\libc.a(lib_a-impure.o)
                0x20000430                _impure_ptr
 .data.lc_ctype_charset
                0x20000434       0x20 c:/program files (x86)/atmel/atmel toolchain/arm gcc/native/4.8.1437/arm-gnu-toolchain/bin/../lib/gcc/arm-none-eabi/4.8.4/../../../../arm-none-eabi/lib/armv7e-m\libc.a(lib_a-locale.o)
 .data.__mb_cur_max
                0x20000454        0x4 c:/program files (x86)/atmel/atmel toolchain/arm gcc/native/4.8.1437/arm-gnu-toolchain/bin/../lib/gcc/arm-none-eabi/4.8.4/../../../../arm-none-eabi/lib/armv7e-m\libc.a(lib_a-locale.o)
                0x20000454                __mb_cur_max
 .data.__malloc_av_
                0x20000458      0x408 c:/program files (x86)/atmel/atmel toolchain/arm gcc/native/4.8.1437/arm-gnu-toolchain/bin/../lib/gcc/arm-none-eabi/4.8.4/../../../../arm-none-eabi/lib/armv7e-m\libc.a(lib_a-mallocr.o)
                0x20000458                __malloc_av_
 .data.__malloc_trim_threshold
                0x20000860        0x4 c:/program files (x86)/atmel/atmel toolchain/arm gcc/native/4.8.1437/arm-gnu-toolchain/bin/../lib/gcc/arm-none-eabi/4.8.4/../../../../arm-none-eabi/lib/armv7e-m\libc.a(lib_a-mallocr.o)
                0x20000860                __malloc_trim_threshold
 .data.__malloc_sbrk_base
                0x20000864        0x4 c:/program files (x86)/atmel/atmel toolchain/arm gcc/native/4.8.1437/arm-gnu-toolchain/bin/../lib/gcc/arm-none-eabi/4.8.4/../../../../arm-none-eabi/lib/armv7e-m\libc.a(lib_a-mallocr.o)
                0x20000864                __malloc_sbrk_base
 .data.__wctomb
                0x20000868        0x4 c:/program files (x86)/atmel/atmel toolchain/arm gcc/native/4.8.1437/arm-gnu-toolchain/bin/../lib/gcc/arm-none-eabi/4.8.4/../../../../arm-none-eabi/lib/armv7e-m\libc.a(lib_a-wctomb_r.o)
                0x20000868                __wctomb
                0x2000086c                . = ALIGN (0x4)
                0x2000086c                _erelocate = .

.bss            0x2000086c      0x26c load address 0x004043f0
                0x2000086c                . = ALIGN (0x4)
                0x2000086c                _sbss = .
                0x2000086c                _szero = .
 *(.bss .bss.*)
 .bss           0x2000086c       0x1c c:/program files (x86)/atmel/atmel toolchain/arm gcc/native/4.8.1437/arm-gnu-toolchain/bin/../lib/gcc/arm-none-eabi/4.8.4/armv7e-m/crtbegin.o
 .bss.heap.5098
                0x20000888        0x4 src/ASF/sam/utils/syscalls/gcc/syscalls.o
 .bss.__malloc_max_total_mem
                0x2000088c        0x4 c:/program files (x86)/atmel/atmel toolchain/arm gcc/native/4.8.1437/arm-gnu-toolchain/bin/../lib/gcc/arm-none-eabi/4.8.4/../../../../arm-none-eabi/lib/armv7e-m\libc.a(lib_a-mallocr.o)
                0x2000088c                __malloc_max_total_mem
 .bss.__malloc_max_sbrked_mem
                0x20000890        0x4 c:/program files (x86)/atmel/atmel toolchain/arm gcc/native/4.8.1437/arm-gnu-toolchain/bin/../lib/gcc/arm-none-eabi/4.8.4/../../../../arm-none-eabi/lib/armv7e-m\libc.a(lib_a-mallocr.o)
                0x20000890                __malloc_max_sbrked_mem
 .bss.__malloc_top_pad
                0x20000894        0x4 c:/program files (x86)/atmel/atmel toolchain/arm gcc/native/4.8.1437/arm-gnu-toolchain/bin/../lib/gcc/arm-none-eabi/4.8.4/../../../../arm-none-eabi/lib/armv7e-m\libc.a(lib_a-mallocr.o)
                0x20000894                __malloc_top_pad
 .bss.__malloc_current_mallinfo
                0x20000898       0x28 c:/program files (x86)/atmel/atmel toolchain/arm gcc/native/4.8.1437/arm-gnu-toolchain/bin/../lib/gcc/arm-none-eabi/4.8.4/../../../../arm-none-eabi/lib/armv7e-m\libc.a(lib_a-mallocr.o)
                0x20000898                __malloc_current_mallinfo
 *(COMMON)
 COMMON         0x200008c0        0x4 src/ASF/common/utils/stdio/read.o
                0x200008c0                ptr_get
 COMMON         0x200008c4        0x8 src/ASF/common/utils/stdio/write.o
                0x200008c4                ptr_put
                0x200008c8                stdio_base
 COMMON         0x200008cc      0x206 src/twi_slave_example.o
                0x200008cc                emulate_driver
 *fill*         0x20000ad2        0x2 
 COMMON         0x20000ad4        0x4 c:/program files (x86)/atmel/atmel toolchain/arm gcc/native/4.8.1437/arm-gnu-toolchain/bin/../lib/gcc/arm-none-eabi/4.8.4/../../../../arm-none-eabi/lib/armv7e-m\libc.a(lib_a-reent.o)
                0x20000ad4                errno
                0x20000ad8                . = ALIGN (0x4)
                0x20000ad8                _ebss = .
                0x20000ad8                _ezero = .

.stack          0x20000ad8     0x3000 load address 0x0040465c
                0x20000ad8                . = ALIGN (0x8)
                0x20000ad8                _sstack = .
                0x20003ad8                . = (. + __stack_size__)
 *fill*         0x20000ad8     0x3000 
                0x20003ad8                . = ALIGN (0x8)
                0x20003ad8                _estack = .
                0x20003ad8                . = ALIGN (0x4)
                0x20003ad8                _end = .
OUTPUT(TWI_TWI_SLAVE_EXAMPLE1.elf elf32-littlearm)

.ARM.attributes
                0x00000000       0x2e
 .ARM.attributes
                0x00000000       0x1e c:/program files (x86)/atmel/atmel toolchain/arm gcc/native/4.8.1437/arm-gnu-toolchain/bin/../lib/gcc/arm-none-eabi/4.8.4/armv7e-m/crti.o
 .ARM.attributes
                0x0000001e       0x2e c:/program files (x86)/atmel/atmel toolchain/arm gcc/native/4.8.1437/arm-gnu-toolchain/bin/../lib/gcc/arm-none-eabi/4.8.4/armv7e-m/crtbegin.o
 .ARM.attributes
                0x0000004c       0x37 src/ASF/common/services/clock/samg/sysclk.o
 .ARM.attributes
                0x00000083       0x37 src/ASF/common/utils/interrupt/interrupt_sam_nvic.o
 .ARM.attributes
                0x000000ba       0x37 src/ASF/common/utils/stdio/read.o
 .ARM.attributes
                0x000000f1       0x37 src/ASF/common/utils/stdio/write.o
 .ARM.attributes
                0x00000128       0x37 src/ASF/sam/boards/samg53_xplained_pro/board_init.o
 .ARM.attributes
                0x0000015f       0x37 src/ASF/sam/drivers/pmc/pmc.o
 .ARM.attributes
                0x00000196       0x37 src/ASF/sam/drivers/twi/twi.o
 .ARM.attributes
                0x000001cd       0x37 src/ASF/sam/drivers/uart/uart.o
 .ARM.attributes
                0x00000204       0x37 src/ASF/sam/drivers/usart/usart.o
 .ARM.attributes
                0x0000023b       0x37 src/ASF/sam/utils/cmsis/samg/samg53/source/templates/exceptions.o
 .ARM.attributes
                0x00000272       0x37 src/ASF/sam/utils/cmsis/samg/samg53/source/templates/gcc/startup_samg53.o
 .ARM.attributes
                0x000002a9       0x37 src/ASF/sam/utils/cmsis/samg/samg53/source/templates/system_samg53.o
 .ARM.attributes
                0x000002e0       0x37 src/ASF/sam/utils/syscalls/gcc/syscalls.o
 .ARM.attributes
                0x00000317       0x37 src/twi_slave_example.o
 .ARM.attributes
                0x0000034e       0x2e c:/program files (x86)/atmel/atmel toolchain/arm gcc/native/4.8.1437/arm-gnu-toolchain/bin/../lib/gcc/arm-none-eabi/4.8.4/../../../../arm-none-eabi/lib/armv7e-m\libc.a(lib_a-impure.o)
 .ARM.attributes
                0x0000037c       0x2e c:/program files (x86)/atmel/atmel toolchain/arm gcc/native/4.8.1437/arm-gnu-toolchain/bin/../lib/gcc/arm-none-eabi/4.8.4/../../../../arm-none-eabi/lib/armv7e-m\libc.a(lib_a-init.o)
 .ARM.attributes
                0x000003aa       0x2e c:/program files (x86)/atmel/atmel toolchain/arm gcc/native/4.8.1437/arm-gnu-toolchain/bin/../lib/gcc/arm-none-eabi/4.8.4/../../../../arm-none-eabi/lib/armv7e-m\libc.a(lib_a-iprintf.o)
 .ARM.attributes
                0x000003d8       0x2e c:/program files (x86)/atmel/atmel toolchain/arm gcc/native/4.8.1437/arm-gnu-toolchain/bin/../lib/gcc/arm-none-eabi/4.8.4/../../../../arm-none-eabi/lib/armv7e-m\libc.a(lib_a-memset.o)
 .ARM.attributes
                0x00000406       0x2e c:/program files (x86)/atmel/atmel toolchain/arm gcc/native/4.8.1437/arm-gnu-toolchain/bin/../lib/gcc/arm-none-eabi/4.8.4/../../../../arm-none-eabi/lib/armv7e-m\libc.a(lib_a-puts.o)
 .ARM.attributes
                0x00000434       0x2e c:/program files (x86)/atmel/atmel toolchain/arm gcc/native/4.8.1437/arm-gnu-toolchain/bin/../lib/gcc/arm-none-eabi/4.8.4/../../../../arm-none-eabi/lib/armv7e-m\libc.a(lib_a-setbuf.o)
 .ARM.attributes
                0x00000462       0x2e c:/program files (x86)/atmel/atmel toolchain/arm gcc/native/4.8.1437/arm-gnu-toolchain/bin/../lib/gcc/arm-none-eabi/4.8.4/../../../../arm-none-eabi/lib/armv7e-m\libc.a(lib_a-setvbuf.o)
 .ARM.attributes
                0x00000490       0x2e c:/program files (x86)/atmel/atmel toolchain/arm gcc/native/4.8.1437/arm-gnu-toolchain/bin/../lib/gcc/arm-none-eabi/4.8.4/../../../../arm-none-eabi/lib/armv7e-m\libc.a(lib_a-strlen.o)
 .ARM.attributes
                0x000004be       0x2e c:/program files (x86)/atmel/atmel toolchain/arm gcc/native/4.8.1437/arm-gnu-toolchain/bin/../lib/gcc/arm-none-eabi/4.8.4/../../../../arm-none-eabi/lib/armv7e-m\libc.a(lib_a-vfiprintf.o)
 .ARM.attributes
                0x000004ec       0x2e c:/program files (x86)/atmel/atmel toolchain/arm gcc/native/4.8.1437/arm-gnu-toolchain/bin/../lib/gcc/arm-none-eabi/4.8.4/../../../../arm-none-eabi/lib/armv7e-m\libc.a(lib_a-wsetup.o)
 .ARM.attributes
                0x0000051a       0x2e c:/program files (x86)/atmel/atmel toolchain/arm gcc/native/4.8.1437/arm-gnu-toolchain/bin/../lib/gcc/arm-none-eabi/4.8.4/../../../../arm-none-eabi/lib/armv7e-m\libc.a(lib_a-__call_atexit.o)
 .ARM.attributes
                0x00000548       0x2e c:/program files (x86)/atmel/atmel toolchain/arm gcc/native/4.8.1437/arm-gnu-toolchain/bin/../lib/gcc/arm-none-eabi/4.8.4/../../../../arm-none-eabi/lib/armv7e-m\libc.a(lib_a-atexit.o)
 .ARM.attributes
                0x00000576       0x2e c:/program files (x86)/atmel/atmel toolchain/arm gcc/native/4.8.1437/arm-gnu-toolchain/bin/../lib/gcc/arm-none-eabi/4.8.4/../../../../arm-none-eabi/lib/armv7e-m\libc.a(lib_a-fflush.o)
 .ARM.attributes
                0x000005a4       0x2e c:/program files (x86)/atmel/atmel toolchain/arm gcc/native/4.8.1437/arm-gnu-toolchain/bin/../lib/gcc/arm-none-eabi/4.8.4/../../../../arm-none-eabi/lib/armv7e-m\libc.a(lib_a-findfp.o)
 .ARM.attributes
                0x000005d2       0x2e c:/program files (x86)/atmel/atmel toolchain/arm gcc/native/4.8.1437/arm-gnu-toolchain/bin/../lib/gcc/arm-none-eabi/4.8.4/../../../../arm-none-eabi/lib/armv7e-m\libc.a(lib_a-fini.o)
 .ARM.attributes
                0x00000600       0x2e c:/program files (x86)/atmel/atmel toolchain/arm gcc/native/4.8.1437/arm-gnu-toolchain/bin/../lib/gcc/arm-none-eabi/4.8.4/../../../../arm-none-eabi/lib/armv7e-m\libc.a(lib_a-fputwc.o)
 .ARM.attributes
                0x0000062e       0x2e c:/program files (x86)/atmel/atmel toolchain/arm gcc/native/4.8.1437/arm-gnu-toolchain/bin/../lib/gcc/arm-none-eabi/4.8.4/../../../../arm-none-eabi/lib/armv7e-m\libc.a(lib_a-freer.o)
 .ARM.attributes
                0x0000065c       0x2e c:/program files (x86)/atmel/atmel toolchain/arm gcc/native/4.8.1437/arm-gnu-toolchain/bin/../lib/gcc/arm-none-eabi/4.8.4/../../../../arm-none-eabi/lib/armv7e-m\libc.a(lib_a-fvwrite.o)
 .ARM.attributes
                0x0000068a       0x2e c:/program files (x86)/atmel/atmel toolchain/arm gcc/native/4.8.1437/arm-gnu-toolchain/bin/../lib/gcc/arm-none-eabi/4.8.4/../../../../arm-none-eabi/lib/armv7e-m\libc.a(lib_a-fwalk.o)
 .ARM.attributes
                0x000006b8       0x2e c:/program files (x86)/atmel/atmel toolchain/arm gcc/native/4.8.1437/arm-gnu-toolchain/bin/../lib/gcc/arm-none-eabi/4.8.4/../../../../arm-none-eabi/lib/armv7e-m\libc.a(lib_a-locale.o)
 .ARM.attributes
                0x000006e6       0x2e c:/program files (x86)/atmel/atmel toolchain/arm gcc/native/4.8.1437/arm-gnu-toolchain/bin/../lib/gcc/arm-none-eabi/4.8.4/../../../../arm-none-eabi/lib/armv7e-m\libc.a(lib_a-makebuf.o)
 .ARM.attributes
                0x00000714       0x2e c:/program files (x86)/atmel/atmel toolchain/arm gcc/native/4.8.1437/arm-gnu-toolchain/bin/../lib/gcc/arm-none-eabi/4.8.4/../../../../arm-none-eabi/lib/armv7e-m\libc.a(lib_a-malloc.o)
 .ARM.attributes
                0x00000742       0x2e c:/program files (x86)/atmel/atmel toolchain/arm gcc/native/4.8.1437/arm-gnu-toolchain/bin/../lib/gcc/arm-none-eabi/4.8.4/../../../../arm-none-eabi/lib/armv7e-m\libc.a(lib_a-mallocr.o)
 .ARM.attributes
                0x00000770       0x2e c:/program files (x86)/atmel/atmel toolchain/arm gcc/native/4.8.1437/arm-gnu-toolchain/bin/../lib/gcc/arm-none-eabi/4.8.4/../../../../arm-none-eabi/lib/armv7e-m\libc.a(lib_a-memchr-stub.o)
 .ARM.attributes
                0x0000079e       0x1c c:/program files (x86)/atmel/atmel toolchain/arm gcc/native/4.8.1437/arm-gnu-toolchain/bin/../lib/gcc/arm-none-eabi/4.8.4/../../../../arm-none-eabi/lib/armv7e-m\libc.a(lib_a-memcpy.o)
 .ARM.attributes
                0x000007ba       0x2e c:/program files (x86)/atmel/atmel toolchain/arm gcc/native/4.8.1437/arm-gnu-toolchain/bin/../lib/gcc/arm-none-eabi/4.8.4/../../../../arm-none-eabi/lib/armv7e-m\libc.a(lib_a-memmove.o)
 .ARM.attributes
                0x000007e8       0x2e c:/program files (x86)/atmel/atmel toolchain/arm gcc/native/4.8.1437/arm-gnu-toolchain/bin/../lib/gcc/arm-none-eabi/4.8.4/../../../../arm-none-eabi/lib/armv7e-m\libc.a(lib_a-mlock.o)
 .ARM.attributes
                0x00000816       0x2e c:/program files (x86)/atmel/atmel toolchain/arm gcc/native/4.8.1437/arm-gnu-toolchain/bin/../lib/gcc/arm-none-eabi/4.8.4/../../../../arm-none-eabi/lib/armv7e-m\libc.a(lib_a-reallocr.o)
 .ARM.attributes
                0x00000844       0x2e c:/program files (x86)/atmel/atmel toolchain/arm gcc/native/4.8.1437/arm-gnu-toolchain/bin/../lib/gcc/arm-none-eabi/4.8.4/../../../../arm-none-eabi/lib/armv7e-m\libc.a(lib_a-sbrkr.o)
 .ARM.attributes
                0x00000872       0x2e c:/program files (x86)/atmel/atmel toolchain/arm gcc/native/4.8.1437/arm-gnu-toolchain/bin/../lib/gcc/arm-none-eabi/4.8.4/../../../../arm-none-eabi/lib/armv7e-m\libc.a(lib_a-stdio.o)
 .ARM.attributes
                0x000008a0       0x2e c:/program files (x86)/atmel/atmel toolchain/arm gcc/native/4.8.1437/arm-gnu-toolchain/bin/../lib/gcc/arm-none-eabi/4.8.4/../../../../arm-none-eabi/lib/armv7e-m\libc.a(lib_a-wbuf.o)
 .ARM.attributes
                0x000008ce       0x2e c:/program files (x86)/atmel/atmel toolchain/arm gcc/native/4.8.1437/arm-gnu-toolchain/bin/../lib/gcc/arm-none-eabi/4.8.4/../../../../arm-none-eabi/lib/armv7e-m\libc.a(lib_a-wcrtomb.o)
 .ARM.attributes
                0x000008fc       0x2e c:/program files (x86)/atmel/atmel toolchain/arm gcc/native/4.8.1437/arm-gnu-toolchain/bin/../lib/gcc/arm-none-eabi/4.8.4/../../../../arm-none-eabi/lib/armv7e-m\libc.a(lib_a-wctomb_r.o)
 .ARM.attributes
                0x0000092a       0x2e c:/program files (x86)/atmel/atmel toolchain/arm gcc/native/4.8.1437/arm-gnu-toolchain/bin/../lib/gcc/arm-none-eabi/4.8.4/../../../../arm-none-eabi/lib/armv7e-m\libc.a(lib_a-writer.o)
 .ARM.attributes
                0x00000958       0x2e c:/program files (x86)/atmel/atmel toolchain/arm gcc/native/4.8.1437/arm-gnu-toolchain/bin/../lib/gcc/arm-none-eabi/4.8.4/../../../../arm-none-eabi/lib/armv7e-m\libc.a(lib_a-__atexit.o)
 .ARM.attributes
                0x00000986       0x2e c:/program files (x86)/atmel/atmel toolchain/arm gcc/native/4.8.1437/arm-gnu-toolchain/bin/../lib/gcc/arm-none-eabi/4.8.4/../../../../arm-none-eabi/lib/armv7e-m\libc.a(lib_a-closer.o)
 .ARM.attributes
                0x000009b4       0x2e c:/program files (x86)/atmel/atmel toolchain/arm gcc/native/4.8.1437/arm-gnu-toolchain/bin/../lib/gcc/arm-none-eabi/4.8.4/../../../../arm-none-eabi/lib/armv7e-m\libc.a(lib_a-fclose.o)
 .ARM.attributes
                0x000009e2       0x2e c:/program files (x86)/atmel/atmel toolchain/arm gcc/native/4.8.1437/arm-gnu-toolchain/bin/../lib/gcc/arm-none-eabi/4.8.4/../../../../arm-none-eabi/lib/armv7e-m\libc.a(lib_a-fstatr.o)
 .ARM.attributes
                0x00000a10       0x2e c:/program files (x86)/atmel/atmel toolchain/arm gcc/native/4.8.1437/arm-gnu-toolchain/bin/../lib/gcc/arm-none-eabi/4.8.4/../../../../arm-none-eabi/lib/armv7e-m\libc.a(lib_a-isattyr.o)
 .ARM.attributes
                0x00000a3e       0x2e c:/program files (x86)/atmel/atmel toolchain/arm gcc/native/4.8.1437/arm-gnu-toolchain/bin/../lib/gcc/arm-none-eabi/4.8.4/../../../../arm-none-eabi/lib/armv7e-m\libc.a(lib_a-lseekr.o)
 .ARM.attributes
                0x00000a6c       0x2e c:/program files (x86)/atmel/atmel toolchain/arm gcc/native/4.8.1437/arm-gnu-toolchain/bin/../lib/gcc/arm-none-eabi/4.8.4/../../../../arm-none-eabi/lib/armv7e-m\libc.a(lib_a-readr.o)
 .ARM.attributes
                0x00000a9a       0x2e c:/program files (x86)/atmel/atmel toolchain/arm gcc/native/4.8.1437/arm-gnu-toolchain/bin/../lib/gcc/arm-none-eabi/4.8.4/../../../../arm-none-eabi/lib/armv7e-m\libc.a(lib_a-reent.o)
 .ARM.attributes
                0x00000ac8       0x1e c:/program files (x86)/atmel/atmel toolchain/arm gcc/native/4.8.1437/arm-gnu-toolchain/bin/../lib/gcc/arm-none-eabi/4.8.4/armv7e-m\libgcc.a(_aeabi_uldivmod.o)
 .ARM.attributes
                0x00000ae6       0x2e c:/program files (x86)/atmel/atmel toolchain/arm gcc/native/4.8.1437/arm-gnu-toolchain/bin/../lib/gcc/arm-none-eabi/4.8.4/armv7e-m\libgcc.a(bpabi.o)
 .ARM.attributes
                0x00000b14       0x1e c:/program files (x86)/atmel/atmel toolchain/arm gcc/native/4.8.1437/arm-gnu-toolchain/bin/../lib/gcc/arm-none-eabi/4.8.4/armv7e-m\libgcc.a(_dvmd_tls.o)
 .ARM.attributes
                0x00000b32       0x2e c:/program files (x86)/atmel/atmel toolchain/arm gcc/native/4.8.1437/arm-gnu-toolchain/bin/../lib/gcc/arm-none-eabi/4.8.4/armv7e-m\libgcc.a(_divdi3.o)
 .ARM.attributes
                0x00000b60       0x2e c:/program files (x86)/atmel/atmel toolchain/arm gcc/native/4.8.1437/arm-gnu-toolchain/bin/../lib/gcc/arm-none-eabi/4.8.4/armv7e-m\libgcc.a(_udivdi3.o)
 .ARM.attributes
                0x00000b8e       0x1e c:/program files (x86)/atmel/atmel toolchain/arm gcc/native/4.8.1437/arm-gnu-toolchain/bin/../lib/gcc/arm-none-eabi/4.8.4/armv7e-m/crtn.o

.comment        0x00000000       0x5b
 .comment       0x00000000       0x5b src/ASF/common/services/clock/samg/sysclk.o
                                 0x5c (size before relaxing)
 .comment       0x00000000       0x5c src/ASF/common/utils/interrupt/interrupt_sam_nvic.o
 .comment       0x00000000       0x5c src/ASF/common/utils/stdio/read.o
 .comment       0x00000000       0x5c src/ASF/common/utils/stdio/write.o
 .comment       0x00000000       0x5c src/ASF/sam/boards/samg53_xplained_pro/board_init.o
 .comment       0x00000000       0x5c src/ASF/sam/drivers/pmc/pmc.o
 .comment       0x00000000       0x5c src/ASF/sam/drivers/twi/twi.o
 .comment       0x00000000       0x5c src/ASF/sam/drivers/uart/uart.o
 .comment       0x00000000       0x5c src/ASF/sam/drivers/usart/usart.o
 .comment       0x00000000       0x5c src/ASF/sam/utils/cmsis/samg/samg53/source/templates/exceptions.o
 .comment       0x00000000       0x5c src/ASF/sam/utils/cmsis/samg/samg53/source/templates/gcc/startup_samg53.o
 .comment       0x00000000       0x5c src/ASF/sam/utils/cmsis/samg/samg53/source/templates/system_samg53.o
 .comment       0x00000000       0x5c src/ASF/sam/utils/syscalls/gcc/syscalls.o
 .comment       0x00000000       0x5c src/twi_slave_example.o

.debug_info     0x00000000     0x7c85
 .debug_info    0x00000000      0x74c src/ASF/common/services/clock/samg/sysclk.o
 .debug_info    0x0000074c      0x1e8 src/ASF/common/utils/interrupt/interrupt_sam_nvic.o
 .debug_info    0x00000934      0x1bb src/ASF/common/utils/stdio/read.o
 .debug_info    0x00000aef      0x1c0 src/ASF/common/utils/stdio/write.o
 .debug_info    0x00000caf      0xc39 src/ASF/sam/boards/samg53_xplained_pro/board_init.o
 .debug_info    0x000018e8      0xf45 src/ASF/sam/drivers/pmc/pmc.o
 .debug_info    0x0000282d      0xbe9 src/ASF/sam/drivers/twi/twi.o
 .debug_info    0x00003416      0x956 src/ASF/sam/drivers/uart/uart.o
 .debug_info    0x00003d6c     0x14b5 src/ASF/sam/drivers/usart/usart.o
 .debug_info    0x00005221       0xb9 src/ASF/sam/utils/cmsis/samg/samg53/source/templates/exceptions.o
 .debug_info    0x000052da      0x558 src/ASF/sam/utils/cmsis/samg/samg53/source/templates/gcc/startup_samg53.o
 .debug_info    0x00005832      0x487 src/ASF/sam/utils/cmsis/samg/samg53/source/templates/system_samg53.o
 .debug_info    0x00005cb9      0x43f src/ASF/sam/utils/syscalls/gcc/syscalls.o
 .debug_info    0x000060f8     0x1b8d src/twi_slave_example.o

.debug_abbrev   0x00000000     0x1920
 .debug_abbrev  0x00000000      0x21f src/ASF/common/services/clock/samg/sysclk.o
 .debug_abbrev  0x0000021f       0xef src/ASF/common/utils/interrupt/interrupt_sam_nvic.o
 .debug_abbrev  0x0000030e      0x101 src/ASF/common/utils/stdio/read.o
 .debug_abbrev  0x0000040f       0xf5 src/ASF/common/utils/stdio/write.o
 .debug_abbrev  0x00000504      0x1f9 src/ASF/sam/boards/samg53_xplained_pro/board_init.o
 .debug_abbrev  0x000006fd      0x2af src/ASF/sam/drivers/pmc/pmc.o
 .debug_abbrev  0x000009ac      0x2db src/ASF/sam/drivers/twi/twi.o
 .debug_abbrev  0x00000c87      0x1bd src/ASF/sam/drivers/uart/uart.o
 .debug_abbrev  0x00000e44      0x29d src/ASF/sam/drivers/usart/usart.o
 .debug_abbrev  0x000010e1       0x6c src/ASF/sam/utils/cmsis/samg/samg53/source/templates/exceptions.o
 .debug_abbrev  0x0000114d      0x1cb src/ASF/sam/utils/cmsis/samg/samg53/source/templates/gcc/startup_samg53.o
 .debug_abbrev  0x00001318       0xf5 src/ASF/sam/utils/cmsis/samg/samg53/source/templates/system_samg53.o
 .debug_abbrev  0x0000140d      0x14e src/ASF/sam/utils/syscalls/gcc/syscalls.o
 .debug_abbrev  0x0000155b      0x3c5 src/twi_slave_example.o

.debug_loc      0x00000000     0x2c0c
 .debug_loc     0x00000000       0xd4 src/ASF/common/services/clock/samg/sysclk.o
 .debug_loc     0x000000d4       0x1e src/ASF/common/utils/interrupt/interrupt_sam_nvic.o
 .debug_loc     0x000000f2       0xc5 src/ASF/common/utils/stdio/read.o
 .debug_loc     0x000001b7      0x161 src/ASF/common/utils/stdio/write.o
 .debug_loc     0x00000318       0x20 src/ASF/sam/boards/samg53_xplained_pro/board_init.o
 .debug_loc     0x00000338      0xa5c src/ASF/sam/drivers/pmc/pmc.o
 .debug_loc     0x00000d94      0x978 src/ASF/sam/drivers/twi/twi.o
 .debug_loc     0x0000170c      0x30b src/ASF/sam/drivers/uart/uart.o
 .debug_loc     0x00001a17      0xdcb src/ASF/sam/drivers/usart/usart.o
 .debug_loc     0x000027e2       0x7e src/ASF/sam/utils/cmsis/samg/samg53/source/templates/gcc/startup_samg53.o
 .debug_loc     0x00002860      0x12b src/ASF/sam/utils/syscalls/gcc/syscalls.o
 .debug_loc     0x0000298b      0x281 src/twi_slave_example.o

.debug_aranges  0x00000000      0x700
 .debug_aranges
                0x00000000       0x30 src/ASF/common/services/clock/samg/sysclk.o
 .debug_aranges
                0x00000030       0x28 src/ASF/common/utils/interrupt/interrupt_sam_nvic.o
 .debug_aranges
                0x00000058       0x20 src/ASF/common/utils/stdio/read.o
 .debug_aranges
                0x00000078       0x20 src/ASF/common/utils/stdio/write.o
 .debug_aranges
                0x00000098       0x20 src/ASF/sam/boards/samg53_xplained_pro/board_init.o
 .debug_aranges
                0x000000b8      0x1c8 src/ASF/sam/drivers/pmc/pmc.o
 .debug_aranges
                0x00000280       0xd0 src/ASF/sam/drivers/twi/twi.o
 .debug_aranges
                0x00000350       0xf8 src/ASF/sam/drivers/uart/uart.o
 .debug_aranges
                0x00000448      0x1b0 src/ASF/sam/drivers/usart/usart.o
 .debug_aranges
                0x000005f8       0x20 src/ASF/sam/utils/cmsis/samg/samg53/source/templates/exceptions.o
 .debug_aranges
                0x00000618       0x20 src/ASF/sam/utils/cmsis/samg/samg53/source/templates/gcc/startup_samg53.o
 .debug_aranges
                0x00000638       0x30 src/ASF/sam/utils/cmsis/samg/samg53/source/templates/system_samg53.o
 .debug_aranges
                0x00000668       0x60 src/ASF/sam/utils/syscalls/gcc/syscalls.o
 .debug_aranges
                0x000006c8       0x38 src/twi_slave_example.o

.debug_ranges   0x00000000      0x638
 .debug_ranges  0x00000000       0x20 src/ASF/common/services/clock/samg/sysclk.o
 .debug_ranges  0x00000020       0x18 src/ASF/common/utils/interrupt/interrupt_sam_nvic.o
 .debug_ranges  0x00000038       0x10 src/ASF/common/utils/stdio/read.o
 .debug_ranges  0x00000048       0x10 src/ASF/common/utils/stdio/write.o
 .debug_ranges  0x00000058       0x10 src/ASF/sam/boards/samg53_xplained_pro/board_init.o
 .debug_ranges  0x00000068      0x1b8 src/ASF/sam/drivers/pmc/pmc.o
 .debug_ranges  0x00000220       0xc0 src/ASF/sam/drivers/twi/twi.o
 .debug_ranges  0x000002e0       0xe8 src/ASF/sam/drivers/uart/uart.o
 .debug_ranges  0x000003c8      0x1b8 src/ASF/sam/drivers/usart/usart.o
 .debug_ranges  0x00000580       0x10 src/ASF/sam/utils/cmsis/samg/samg53/source/templates/exceptions.o
 .debug_ranges  0x00000590       0x10 src/ASF/sam/utils/cmsis/samg/samg53/source/templates/gcc/startup_samg53.o
 .debug_ranges  0x000005a0       0x20 src/ASF/sam/utils/cmsis/samg/samg53/source/templates/system_samg53.o
 .debug_ranges  0x000005c0       0x50 src/ASF/sam/utils/syscalls/gcc/syscalls.o
 .debug_ranges  0x00000610       0x28 src/twi_slave_example.o

.debug_macro    0x00000000     0xf108
 .debug_macro   0x00000000      0x4a1 src/ASF/common/services/clock/samg/sysclk.o
 .debug_macro   0x000004a1      0x886 src/ASF/common/services/clock/samg/sysclk.o
 .debug_macro   0x00000d27      0x4ae src/ASF/common/services/clock/samg/sysclk.o
 .debug_macro   0x000011d5       0x28 src/ASF/common/services/clock/samg/sysclk.o
 .debug_macro   0x000011fd      0x166 src/ASF/common/services/clock/samg/sysclk.o
 .debug_macro   0x00001363       0x76 src/ASF/common/services/clock/samg/sysclk.o
 .debug_macro   0x000013d9       0x16 src/ASF/common/services/clock/samg/sysclk.o
 .debug_macro   0x000013ef      0x6e1 src/ASF/common/services/clock/samg/sysclk.o
 .debug_macro   0x00001ad0       0x16 src/ASF/common/services/clock/samg/sysclk.o
 .debug_macro   0x00001ae6       0x44 src/ASF/common/services/clock/samg/sysclk.o
 .debug_macro   0x00001b2a      0x209 src/ASF/common/services/clock/samg/sysclk.o
 .debug_macro   0x00001d33       0x27 src/ASF/common/services/clock/samg/sysclk.o
 .debug_macro   0x00001d5a       0x3b src/ASF/common/services/clock/samg/sysclk.o
 .debug_macro   0x00001d95       0x18 src/ASF/common/services/clock/samg/sysclk.o
 .debug_macro   0x00001dad       0x42 src/ASF/common/services/clock/samg/sysclk.o
 .debug_macro   0x00001def      0xc91 src/ASF/common/services/clock/samg/sysclk.o
 .debug_macro   0x00002a80      0x6b3 src/ASF/common/services/clock/samg/sysclk.o
 .debug_macro   0x00003133      0x196 src/ASF/common/services/clock/samg/sysclk.o
 .debug_macro   0x000032c9      0x106 src/ASF/common/services/clock/samg/sysclk.o
 .debug_macro   0x000033cf       0x1c src/ASF/common/services/clock/samg/sysclk.o
 .debug_macro   0x000033eb      0x3bc src/ASF/common/services/clock/samg/sysclk.o
 .debug_macro   0x000037a7      0x22b src/ASF/common/services/clock/samg/sysclk.o
 .debug_macro   0x000039d2      0x15c src/ASF/common/services/clock/samg/sysclk.o
 .debug_macro   0x00003b2e       0xee src/ASF/common/services/clock/samg/sysclk.o
 .debug_macro   0x00003c1c      0x1fd src/ASF/common/services/clock/samg/sysclk.o
 .debug_macro   0x00003e19     0x25e3 src/ASF/common/services/clock/samg/sysclk.o
 .debug_macro   0x000063fc      0x8da src/ASF/common/services/clock/samg/sysclk.o
 .debug_macro   0x00006cd6       0x9a src/ASF/common/services/clock/samg/sysclk.o
 .debug_macro   0x00006d70      0x34b src/ASF/common/services/clock/samg/sysclk.o
 .debug_macro   0x000070bb       0x64 src/ASF/common/services/clock/samg/sysclk.o
 .debug_macro   0x0000711f      0x3bb src/ASF/common/services/clock/samg/sysclk.o
 .debug_macro   0x000074da      0x16c src/ASF/common/services/clock/samg/sysclk.o
 .debug_macro   0x00007646      0x5c3 src/ASF/common/services/clock/samg/sysclk.o
 .debug_macro   0x00007c09      0x3cb src/ASF/common/services/clock/samg/sysclk.o
 .debug_macro   0x00007fd4      0x62f src/ASF/common/services/clock/samg/sysclk.o
 .debug_macro   0x00008603      0x35d src/ASF/common/services/clock/samg/sysclk.o
 .debug_macro   0x00008960      0x5a0 src/ASF/common/services/clock/samg/sysclk.o
 .debug_macro   0x00008f00       0x76 src/ASF/common/services/clock/samg/sysclk.o
 .debug_macro   0x00008f76       0x82 src/ASF/common/services/clock/samg/sysclk.o
 .debug_macro   0x00008ff8       0x82 src/ASF/common/services/clock/samg/sysclk.o
 .debug_macro   0x0000907a       0x88 src/ASF/common/services/clock/samg/sysclk.o
 .debug_macro   0x00009102      0x10a src/ASF/common/services/clock/samg/sysclk.o
 .debug_macro   0x0000920c       0xe2 src/ASF/common/services/clock/samg/sysclk.o
 .debug_macro   0x000092ee       0xac src/ASF/common/services/clock/samg/sysclk.o
 .debug_macro   0x0000939a       0x94 src/ASF/common/services/clock/samg/sysclk.o
 .debug_macro   0x0000942e       0xa6 src/ASF/common/services/clock/samg/sysclk.o
 .debug_macro   0x000094d4       0x6a src/ASF/common/services/clock/samg/sysclk.o
 .debug_macro   0x0000953e       0x70 src/ASF/common/services/clock/samg/sysclk.o
 .debug_macro   0x000095ae       0x70 src/ASF/common/services/clock/samg/sysclk.o
 .debug_macro   0x0000961e       0xa0 src/ASF/common/services/clock/samg/sysclk.o
 .debug_macro   0x000096be       0x94 src/ASF/common/services/clock/samg/sysclk.o
 .debug_macro   0x00009752       0x40 src/ASF/common/services/clock/samg/sysclk.o
 .debug_macro   0x00009792       0xa6 src/ASF/common/services/clock/samg/sysclk.o
 .debug_macro   0x00009838       0x88 src/ASF/common/services/clock/samg/sysclk.o
 .debug_macro   0x000098c0       0x16 src/ASF/common/services/clock/samg/sysclk.o
 .debug_macro   0x000098d6       0x88 src/ASF/common/services/clock/samg/sysclk.o
 .debug_macro   0x0000995e       0x22 src/ASF/common/services/clock/samg/sysclk.o
 .debug_macro   0x00009980      0x12a src/ASF/common/services/clock/samg/sysclk.o
 .debug_macro   0x00009aaa      0x12a src/ASF/common/services/clock/samg/sysclk.o
 .debug_macro   0x00009bd4       0x1c src/ASF/common/services/clock/samg/sysclk.o
 .debug_macro   0x00009bf0       0x22 src/ASF/common/services/clock/samg/sysclk.o
 .debug_macro   0x00009c12       0x22 src/ASF/common/services/clock/samg/sysclk.o
 .debug_macro   0x00009c34       0x1c src/ASF/common/services/clock/samg/sysclk.o
 .debug_macro   0x00009c50       0x52 src/ASF/common/services/clock/samg/sysclk.o
 .debug_macro   0x00009ca2       0x10 src/ASF/common/services/clock/samg/sysclk.o
 .debug_macro   0x00009cb2      0x1f5 src/ASF/common/services/clock/samg/sysclk.o
 .debug_macro   0x00009ea7      0x391 src/ASF/common/services/clock/samg/sysclk.o
 .debug_macro   0x0000a238       0xba src/ASF/common/services/clock/samg/sysclk.o
 .debug_macro   0x0000a2f2       0x58 src/ASF/common/services/clock/samg/sysclk.o
 .debug_macro   0x0000a34a       0x35 src/ASF/common/services/clock/samg/sysclk.o
 .debug_macro   0x0000a37f       0xa3 src/ASF/common/services/clock/samg/sysclk.o
 .debug_macro   0x0000a422       0x16 src/ASF/common/services/clock/samg/sysclk.o
 .debug_macro   0x0000a438       0x35 src/ASF/common/services/clock/samg/sysclk.o
 .debug_macro   0x0000a46d       0x10 src/ASF/common/services/clock/samg/sysclk.o
 .debug_macro   0x0000a47d       0x52 src/ASF/common/services/clock/samg/sysclk.o
 .debug_macro   0x0000a4cf       0x16 src/ASF/common/services/clock/samg/sysclk.o
 .debug_macro   0x0000a4e5       0x43 src/ASF/common/services/clock/samg/sysclk.o
 .debug_macro   0x0000a528      0x180 src/ASF/common/services/clock/samg/sysclk.o
 .debug_macro   0x0000a6a8       0x10 src/ASF/common/services/clock/samg/sysclk.o
 .debug_macro   0x0000a6b8       0x22 src/ASF/common/services/clock/samg/sysclk.o
 .debug_macro   0x0000a6da       0xbd src/ASF/common/services/clock/samg/sysclk.o
 .debug_macro   0x0000a797       0x16 src/ASF/common/services/clock/samg/sysclk.o
 .debug_macro   0x0000a7ad      0x16c src/ASF/common/services/clock/samg/sysclk.o
 .debug_macro   0x0000a919       0x22 src/ASF/common/services/clock/samg/sysclk.o
 .debug_macro   0x0000a93b       0x16 src/ASF/common/services/clock/samg/sysclk.o
 .debug_macro   0x0000a951       0x16 src/ASF/common/services/clock/samg/sysclk.o
 .debug_macro   0x0000a967       0x29 src/ASF/common/services/clock/samg/sysclk.o
 .debug_macro   0x0000a990       0x6d src/ASF/common/services/clock/samg/sysclk.o
 .debug_macro   0x0000a9fd       0x3f src/ASF/common/services/clock/samg/sysclk.o
 .debug_macro   0x0000aa3c      0x3c3 src/ASF/common/services/clock/samg/sysclk.o
 .debug_macro   0x0000adff      0x231 src/ASF/common/services/clock/samg/sysclk.o
 .debug_macro   0x0000b030       0x16 src/ASF/common/services/clock/samg/sysclk.o
 .debug_macro   0x0000b046      0x72c src/ASF/common/services/clock/samg/sysclk.o
 .debug_macro   0x0000b772       0x58 src/ASF/common/services/clock/samg/sysclk.o
 .debug_macro   0x0000b7ca       0x64 src/ASF/common/services/clock/samg/sysclk.o
 .debug_macro   0x0000b82e       0x3a src/ASF/common/services/clock/samg/sysclk.o
 .debug_macro   0x0000b868       0x7b src/ASF/common/services/clock/samg/sysclk.o
 .debug_macro   0x0000b8e3       0x9a src/ASF/common/services/clock/samg/sysclk.o
 .debug_macro   0x0000b97d      0x40f src/ASF/common/utils/interrupt/interrupt_sam_nvic.o
 .debug_macro   0x0000bd8c      0x40f src/ASF/common/utils/stdio/read.o
 .debug_macro   0x0000c19b      0x40f src/ASF/common/utils/stdio/write.o
 .debug_macro   0x0000c5aa      0x4ae src/ASF/sam/boards/samg53_xplained_pro/board_init.o
 .debug_macro   0x0000ca58       0x82 src/ASF/sam/boards/samg53_xplained_pro/board_init.o
 .debug_macro   0x0000cada      0x424 src/ASF/sam/drivers/pmc/pmc.o
 .debug_macro   0x0000cefe       0x52 src/ASF/sam/drivers/pmc/pmc.o
 .debug_macro   0x0000cf50      0x442 src/ASF/sam/drivers/twi/twi.o
 .debug_macro   0x0000d392       0x46 src/ASF/sam/drivers/twi/twi.o
 .debug_macro   0x0000d3d8      0x41e src/ASF/sam/drivers/uart/uart.o
 .debug_macro   0x0000d7f6       0x16 src/ASF/sam/drivers/uart/uart.o
 .debug_macro   0x0000d80c      0x454 src/ASF/sam/drivers/usart/usart.o
 .debug_macro   0x0000dc60       0x28 src/ASF/sam/drivers/usart/usart.o
 .debug_macro   0x0000dc88      0x29c src/ASF/sam/utils/cmsis/samg/samg53/source/templates/exceptions.o
 .debug_macro   0x0000df24      0x436 src/ASF/sam/utils/cmsis/samg/samg53/source/templates/gcc/startup_samg53.o
 .debug_macro   0x0000e35a       0x10 src/ASF/sam/utils/cmsis/samg/samg53/source/templates/gcc/startup_samg53.o
 .debug_macro   0x0000e36a      0x2ae src/ASF/sam/utils/cmsis/samg/samg53/source/templates/system_samg53.o
 .debug_macro   0x0000e618       0x2d src/ASF/sam/utils/cmsis/samg/samg53/source/templates/system_samg53.o
 .debug_macro   0x0000e645      0x129 src/ASF/sam/utils/syscalls/gcc/syscalls.o
 .debug_macro   0x0000e76e       0x97 src/ASF/sam/utils/syscalls/gcc/syscalls.o
 .debug_macro   0x0000e805       0xef src/ASF/sam/utils/syscalls/gcc/syscalls.o
 .debug_macro   0x0000e8f4       0x4a src/ASF/sam/utils/syscalls/gcc/syscalls.o
 .debug_macro   0x0000e93e       0x52 src/ASF/sam/utils/syscalls/gcc/syscalls.o
 .debug_macro   0x0000e990       0x16 src/ASF/sam/utils/syscalls/gcc/syscalls.o
 .debug_macro   0x0000e9a6       0x10 src/ASF/sam/utils/syscalls/gcc/syscalls.o
 .debug_macro   0x0000e9b6       0x41 src/ASF/sam/utils/syscalls/gcc/syscalls.o
 .debug_macro   0x0000e9f7      0x120 src/ASF/sam/utils/syscalls/gcc/syscalls.o
 .debug_macro   0x0000eb17      0x551 src/twi_slave_example.o
 .debug_macro   0x0000f068       0x16 src/twi_slave_example.o
 .debug_macro   0x0000f07e       0x1c src/twi_slave_example.o
 .debug_macro   0x0000f09a       0x4c src/twi_slave_example.o
 .debug_macro   0x0000f0e6       0x22 src/twi_slave_example.o

.debug_line     0x00000000     0x958e
 .debug_line    0x00000000      0xb61 src/ASF/common/services/clock/samg/sysclk.o
 .debug_line    0x00000b61      0x9e8 src/ASF/common/utils/interrupt/interrupt_sam_nvic.o
 .debug_line    0x00001549      0x9cf src/ASF/common/utils/stdio/read.o
 .debug_line    0x00001f18      0x9c5 src/ASF/common/utils/stdio/write.o
 .debug_line    0x000028dd      0xb92 src/ASF/sam/boards/samg53_xplained_pro/board_init.o
 .debug_line    0x0000346f      0xe8f src/ASF/sam/drivers/pmc/pmc.o
 .debug_line    0x000042fe      0xc2a src/ASF/sam/drivers/twi/twi.o
 .debug_line    0x00004f28      0xbaf src/ASF/sam/drivers/uart/uart.o
 .debug_line    0x00005ad7      0xe64 src/ASF/sam/drivers/usart/usart.o
 .debug_line    0x0000693b      0x7c7 src/ASF/sam/utils/cmsis/samg/samg53/source/templates/exceptions.o
 .debug_line    0x00007102      0xa5f src/ASF/sam/utils/cmsis/samg/samg53/source/templates/gcc/startup_samg53.o
 .debug_line    0x00007b61      0x809 src/ASF/sam/utils/cmsis/samg/samg53/source/templates/system_samg53.o
 .debug_line    0x0000836a      0x39b src/ASF/sam/utils/syscalls/gcc/syscalls.o
 .debug_line    0x00008705      0xe89 src/twi_slave_example.o

.debug_str      0x00000000    0x3ff9f
 .debug_str     0x00000000    0x3c987 src/ASF/common/services/clock/samg/sysclk.o
                              0x3cc8c (size before relaxing)
 .debug_str     0x0003c987       0x94 src/ASF/common/utils/interrupt/interrupt_sam_nvic.o
                              0x397f6 (size before relaxing)
 .debug_str     0x0003ca1b       0x3f src/ASF/common/utils/stdio/read.o
                              0x397a5 (size before relaxing)
 .debug_str     0x0003ca5a       0x2e src/ASF/common/utils/stdio/write.o
                              0x397a7 (size before relaxing)
 .debug_str     0x0003ca88      0x781 src/ASF/sam/boards/samg53_xplained_pro/board_init.o
                              0x3cfe1 (size before relaxing)
 .debug_str     0x0003d209      0x643 src/ASF/sam/drivers/pmc/pmc.o
                              0x3a136 (size before relaxing)
 .debug_str     0x0003d84c      0x55e src/ASF/sam/drivers/twi/twi.o
                              0x39d21 (size before relaxing)
 .debug_str     0x0003ddaa      0x3ae src/ASF/sam/drivers/uart/uart.o
                              0x39bdb (size before relaxing)
 .debug_str     0x0003e158      0x7fd src/ASF/sam/drivers/usart/usart.o
                              0x3a044 (size before relaxing)
 .debug_str     0x0003e955       0x6a src/ASF/sam/utils/cmsis/samg/samg53/source/templates/exceptions.o
                              0x2d340 (size before relaxing)
 .debug_str     0x0003e9bf      0x1b3 src/ASF/sam/utils/cmsis/samg/samg53/source/templates/gcc/startup_samg53.o
                              0x399d1 (size before relaxing)
 .debug_str     0x0003eb72      0x1c1 src/ASF/sam/utils/cmsis/samg/samg53/source/templates/system_samg53.o
                              0x2d620 (size before relaxing)
 .debug_str     0x0003ed33      0x748 src/ASF/sam/utils/syscalls/gcc/syscalls.o
                               0x4f83 (size before relaxing)
 .debug_str     0x0003f47b      0xb24 src/twi_slave_example.o
                              0x3ddf3 (size before relaxing)

.debug_frame    0x00000000     0x190c
 .debug_frame   0x00000000       0x58 src/ASF/common/services/clock/samg/sysclk.o
 .debug_frame   0x00000058       0x30 src/ASF/common/utils/interrupt/interrupt_sam_nvic.o
 .debug_frame   0x00000088       0x30 src/ASF/common/utils/stdio/read.o
 .debug_frame   0x000000b8       0x30 src/ASF/common/utils/stdio/write.o
 .debug_frame   0x000000e8       0x28 src/ASF/sam/boards/samg53_xplained_pro/board_init.o
 .debug_frame   0x00000110      0x398 src/ASF/sam/drivers/pmc/pmc.o
 .debug_frame   0x000004a8      0x1c0 src/ASF/sam/drivers/twi/twi.o
 .debug_frame   0x00000668      0x1d8 src/ASF/sam/drivers/uart/uart.o
 .debug_frame   0x00000840      0x3b8 src/ASF/sam/drivers/usart/usart.o
 .debug_frame   0x00000bf8       0x20 src/ASF/sam/utils/cmsis/samg/samg53/source/templates/exceptions.o
 .debug_frame   0x00000c18       0x28 src/ASF/sam/utils/cmsis/samg/samg53/source/templates/gcc/startup_samg53.o
 .debug_frame   0x00000c40       0x40 src/ASF/sam/utils/cmsis/samg/samg53/source/templates/system_samg53.o
 .debug_frame   0x00000c80       0xa8 src/ASF/sam/utils/syscalls/gcc/syscalls.o
 .debug_frame   0x00000d28       0x88 src/twi_slave_example.o
 .debug_frame   0x00000db0       0x2c c:/program files (x86)/atmel/atmel toolchain/arm gcc/native/4.8.1437/arm-gnu-toolchain/bin/../lib/gcc/arm-none-eabi/4.8.4/../../../../arm-none-eabi/lib/armv7e-m\libc.a(lib_a-init.o)
 .debug_frame   0x00000ddc       0x58 c:/program files (x86)/atmel/atmel toolchain/arm gcc/native/4.8.1437/arm-gnu-toolchain/bin/../lib/gcc/arm-none-eabi/4.8.4/../../../../arm-none-eabi/lib/armv7e-m\libc.a(lib_a-iprintf.o)
 .debug_frame   0x00000e34       0x2c c:/program files (x86)/atmel/atmel toolchain/arm gcc/native/4.8.1437/arm-gnu-toolchain/bin/../lib/gcc/arm-none-eabi/4.8.4/../../../../arm-none-eabi/lib/armv7e-m\libc.a(lib_a-memset.o)
 .debug_frame   0x00000e60       0x40 c:/program files (x86)/atmel/atmel toolchain/arm gcc/native/4.8.1437/arm-gnu-toolchain/bin/../lib/gcc/arm-none-eabi/4.8.4/../../../../arm-none-eabi/lib/armv7e-m\libc.a(lib_a-puts.o)
 .debug_frame   0x00000ea0       0x20 c:/program files (x86)/atmel/atmel toolchain/arm gcc/native/4.8.1437/arm-gnu-toolchain/bin/../lib/gcc/arm-none-eabi/4.8.4/../../../../arm-none-eabi/lib/armv7e-m\libc.a(lib_a-setbuf.o)
 .debug_frame   0x00000ec0       0x30 c:/program files (x86)/atmel/atmel toolchain/arm gcc/native/4.8.1437/arm-gnu-toolchain/bin/../lib/gcc/arm-none-eabi/4.8.4/../../../../arm-none-eabi/lib/armv7e-m\libc.a(lib_a-setvbuf.o)
 .debug_frame   0x00000ef0       0x20 c:/program files (x86)/atmel/atmel toolchain/arm gcc/native/4.8.1437/arm-gnu-toolchain/bin/../lib/gcc/arm-none-eabi/4.8.4/../../../../arm-none-eabi/lib/armv7e-m\libc.a(lib_a-strlen.o)
 .debug_frame   0x00000f10       0xb8 c:/program files (x86)/atmel/atmel toolchain/arm gcc/native/4.8.1437/arm-gnu-toolchain/bin/../lib/gcc/arm-none-eabi/4.8.4/../../../../arm-none-eabi/lib/armv7e-m\libc.a(lib_a-vfiprintf.o)
 .debug_frame   0x00000fc8       0x2c c:/program files (x86)/atmel/atmel toolchain/arm gcc/native/4.8.1437/arm-gnu-toolchain/bin/../lib/gcc/arm-none-eabi/4.8.4/../../../../arm-none-eabi/lib/armv7e-m\libc.a(lib_a-wsetup.o)
 .debug_frame   0x00000ff4       0x48 c:/program files (x86)/atmel/atmel toolchain/arm gcc/native/4.8.1437/arm-gnu-toolchain/bin/../lib/gcc/arm-none-eabi/4.8.4/../../../../arm-none-eabi/lib/armv7e-m\libc.a(lib_a-__call_atexit.o)
 .debug_frame   0x0000103c       0x20 c:/program files (x86)/atmel/atmel toolchain/arm gcc/native/4.8.1437/arm-gnu-toolchain/bin/../lib/gcc/arm-none-eabi/4.8.4/../../../../arm-none-eabi/lib/armv7e-m\libc.a(lib_a-atexit.o)
 .debug_frame   0x0000105c       0x5c c:/program files (x86)/atmel/atmel toolchain/arm gcc/native/4.8.1437/arm-gnu-toolchain/bin/../lib/gcc/arm-none-eabi/4.8.4/../../../../arm-none-eabi/lib/armv7e-m\libc.a(lib_a-fflush.o)
 .debug_frame   0x000010b8      0x110 c:/program files (x86)/atmel/atmel toolchain/arm gcc/native/4.8.1437/arm-gnu-toolchain/bin/../lib/gcc/arm-none-eabi/4.8.4/../../../../arm-none-eabi/lib/armv7e-m\libc.a(lib_a-findfp.o)
 .debug_frame   0x000011c8       0x2c c:/program files (x86)/atmel/atmel toolchain/arm gcc/native/4.8.1437/arm-gnu-toolchain/bin/../lib/gcc/arm-none-eabi/4.8.4/../../../../arm-none-eabi/lib/armv7e-m\libc.a(lib_a-fini.o)
 .debug_frame   0x000011f4       0x50 c:/program files (x86)/atmel/atmel toolchain/arm gcc/native/4.8.1437/arm-gnu-toolchain/bin/../lib/gcc/arm-none-eabi/4.8.4/../../../../arm-none-eabi/lib/armv7e-m\libc.a(lib_a-fputwc.o)
 .debug_frame   0x00001244       0x50 c:/program files (x86)/atmel/atmel toolchain/arm gcc/native/4.8.1437/arm-gnu-toolchain/bin/../lib/gcc/arm-none-eabi/4.8.4/../../../../arm-none-eabi/lib/armv7e-m\libc.a(lib_a-freer.o)
 .debug_frame   0x00001294       0x38 c:/program files (x86)/atmel/atmel toolchain/arm gcc/native/4.8.1437/arm-gnu-toolchain/bin/../lib/gcc/arm-none-eabi/4.8.4/../../../../arm-none-eabi/lib/armv7e-m\libc.a(lib_a-fvwrite.o)
 .debug_frame   0x000012cc       0x54 c:/program files (x86)/atmel/atmel toolchain/arm gcc/native/4.8.1437/arm-gnu-toolchain/bin/../lib/gcc/arm-none-eabi/4.8.4/../../../../arm-none-eabi/lib/armv7e-m\libc.a(lib_a-fwalk.o)
 .debug_frame   0x00001320       0x98 c:/program files (x86)/atmel/atmel toolchain/arm gcc/native/4.8.1437/arm-gnu-toolchain/bin/../lib/gcc/arm-none-eabi/4.8.4/../../../../arm-none-eabi/lib/armv7e-m\libc.a(lib_a-locale.o)
 .debug_frame   0x000013b8       0x30 c:/program files (x86)/atmel/atmel toolchain/arm gcc/native/4.8.1437/arm-gnu-toolchain/bin/../lib/gcc/arm-none-eabi/4.8.4/../../../../arm-none-eabi/lib/armv7e-m\libc.a(lib_a-makebuf.o)
 .debug_frame   0x000013e8       0x30 c:/program files (x86)/atmel/atmel toolchain/arm gcc/native/4.8.1437/arm-gnu-toolchain/bin/../lib/gcc/arm-none-eabi/4.8.4/../../../../arm-none-eabi/lib/armv7e-m\libc.a(lib_a-malloc.o)
 .debug_frame   0x00001418       0x38 c:/program files (x86)/atmel/atmel toolchain/arm gcc/native/4.8.1437/arm-gnu-toolchain/bin/../lib/gcc/arm-none-eabi/4.8.4/../../../../arm-none-eabi/lib/armv7e-m\libc.a(lib_a-mallocr.o)
 .debug_frame   0x00001450       0x2c c:/program files (x86)/atmel/atmel toolchain/arm gcc/native/4.8.1437/arm-gnu-toolchain/bin/../lib/gcc/arm-none-eabi/4.8.4/../../../../arm-none-eabi/lib/armv7e-m\libc.a(lib_a-memchr-stub.o)
 .debug_frame   0x0000147c       0x2c c:/program files (x86)/atmel/atmel toolchain/arm gcc/native/4.8.1437/arm-gnu-toolchain/bin/../lib/gcc/arm-none-eabi/4.8.4/../../../../arm-none-eabi/lib/armv7e-m\libc.a(lib_a-memmove.o)
 .debug_frame   0x000014a8       0x30 c:/program files (x86)/atmel/atmel toolchain/arm gcc/native/4.8.1437/arm-gnu-toolchain/bin/../lib/gcc/arm-none-eabi/4.8.4/../../../../arm-none-eabi/lib/armv7e-m\libc.a(lib_a-mlock.o)
 .debug_frame   0x000014d8       0x38 c:/program files (x86)/atmel/atmel toolchain/arm gcc/native/4.8.1437/arm-gnu-toolchain/bin/../lib/gcc/arm-none-eabi/4.8.4/../../../../arm-none-eabi/lib/armv7e-m\libc.a(lib_a-reallocr.o)
 .debug_frame   0x00001510       0x2c c:/program files (x86)/atmel/atmel toolchain/arm gcc/native/4.8.1437/arm-gnu-toolchain/bin/../lib/gcc/arm-none-eabi/4.8.4/../../../../arm-none-eabi/lib/armv7e-m\libc.a(lib_a-sbrkr.o)
 .debug_frame   0x0000153c       0x80 c:/program files (x86)/atmel/atmel toolchain/arm gcc/native/4.8.1437/arm-gnu-toolchain/bin/../lib/gcc/arm-none-eabi/4.8.4/../../../../arm-none-eabi/lib/armv7e-m\libc.a(lib_a-stdio.o)
 .debug_frame   0x000015bc       0x40 c:/program files (x86)/atmel/atmel toolchain/arm gcc/native/4.8.1437/arm-gnu-toolchain/bin/../lib/gcc/arm-none-eabi/4.8.4/../../../../arm-none-eabi/lib/armv7e-m\libc.a(lib_a-wbuf.o)
 .debug_frame   0x000015fc       0x58 c:/program files (x86)/atmel/atmel toolchain/arm gcc/native/4.8.1437/arm-gnu-toolchain/bin/../lib/gcc/arm-none-eabi/4.8.4/../../../../arm-none-eabi/lib/armv7e-m\libc.a(lib_a-wcrtomb.o)
 .debug_frame   0x00001654       0x44 c:/program files (x86)/atmel/atmel toolchain/arm gcc/native/4.8.1437/arm-gnu-toolchain/bin/../lib/gcc/arm-none-eabi/4.8.4/../../../../arm-none-eabi/lib/armv7e-m\libc.a(lib_a-wctomb_r.o)
 .debug_frame   0x00001698       0x2c c:/program files (x86)/atmel/atmel toolchain/arm gcc/native/4.8.1437/arm-gnu-toolchain/bin/../lib/gcc/arm-none-eabi/4.8.4/../../../../arm-none-eabi/lib/armv7e-m\libc.a(lib_a-writer.o)
 .debug_frame   0x000016c4       0x30 c:/program files (x86)/atmel/atmel toolchain/arm gcc/native/4.8.1437/arm-gnu-toolchain/bin/../lib/gcc/arm-none-eabi/4.8.4/../../../../arm-none-eabi/lib/armv7e-m\libc.a(lib_a-__atexit.o)
 .debug_frame   0x000016f4       0x2c c:/program files (x86)/atmel/atmel toolchain/arm gcc/native/4.8.1437/arm-gnu-toolchain/bin/../lib/gcc/arm-none-eabi/4.8.4/../../../../arm-none-eabi/lib/armv7e-m\libc.a(lib_a-closer.o)
 .debug_frame   0x00001720       0x3c c:/program files (x86)/atmel/atmel toolchain/arm gcc/native/4.8.1437/arm-gnu-toolchain/bin/../lib/gcc/arm-none-eabi/4.8.4/../../../../arm-none-eabi/lib/armv7e-m\libc.a(lib_a-fclose.o)
 .debug_frame   0x0000175c       0x2c c:/program files (x86)/atmel/atmel toolchain/arm gcc/native/4.8.1437/arm-gnu-toolchain/bin/../lib/gcc/arm-none-eabi/4.8.4/../../../../arm-none-eabi/lib/armv7e-m\libc.a(lib_a-fstatr.o)
 .debug_frame   0x00001788       0x2c c:/program files (x86)/atmel/atmel toolchain/arm gcc/native/4.8.1437/arm-gnu-toolchain/bin/../lib/gcc/arm-none-eabi/4.8.4/../../../../arm-none-eabi/lib/armv7e-m\libc.a(lib_a-isattyr.o)
 .debug_frame   0x000017b4       0x2c c:/program files (x86)/atmel/atmel toolchain/arm gcc/native/4.8.1437/arm-gnu-toolchain/bin/../lib/gcc/arm-none-eabi/4.8.4/../../../../arm-none-eabi/lib/armv7e-m\libc.a(lib_a-lseekr.o)
 .debug_frame   0x000017e0       0x2c c:/program files (x86)/atmel/atmel toolchain/arm gcc/native/4.8.1437/arm-gnu-toolchain/bin/../lib/gcc/arm-none-eabi/4.8.4/../../../../arm-none-eabi/lib/armv7e-m\libc.a(lib_a-readr.o)
 .debug_frame   0x0000180c       0x48 c:/program files (x86)/atmel/atmel toolchain/arm gcc/native/4.8.1437/arm-gnu-toolchain/bin/../lib/gcc/arm-none-eabi/4.8.4/../../../../arm-none-eabi/lib/armv7e-m\libc.a(lib_a-reent.o)
 .debug_frame   0x00001854       0x50 c:/program files (x86)/atmel/atmel toolchain/arm gcc/native/4.8.1437/arm-gnu-toolchain/bin/../lib/gcc/arm-none-eabi/4.8.4/armv7e-m\libgcc.a(bpabi.o)
 .debug_frame   0x000018a4       0x34 c:/program files (x86)/atmel/atmel toolchain/arm gcc/native/4.8.1437/arm-gnu-toolchain/bin/../lib/gcc/arm-none-eabi/4.8.4/armv7e-m\libgcc.a(_divdi3.o)
 .debug_frame   0x000018d8       0x34 c:/program files (x86)/atmel/atmel toolchain/arm gcc/native/4.8.1437/arm-gnu-toolchain/bin/../lib/gcc/arm-none-eabi/4.8.4/armv7e-m\libgcc.a(_udivdi3.o)

Cross Reference Table

Symbol                                            File
ADC_Handler                                       src/ASF/sam/utils/cmsis/samg/samg53/source/templates/exceptions.o
                                                  src/ASF/sam/utils/cmsis/samg/samg53/source/templates/gcc/startup_samg53.o
ARM_Handler                                       src/ASF/sam/utils/cmsis/samg/samg53/source/templates/exceptions.o
                                                  src/ASF/sam/utils/cmsis/samg/samg53/source/templates/gcc/startup_samg53.o
BusFault_Handler                                  src/ASF/sam/utils/cmsis/samg/samg53/source/templates/exceptions.o
                                                  src/ASF/sam/utils/cmsis/samg/samg53/source/templates/gcc/startup_samg53.o
DebugMon_Handler                                  src/ASF/sam/utils/cmsis/samg/samg53/source/templates/exceptions.o
                                                  src/ASF/sam/utils/cmsis/samg/samg53/source/templates/gcc/startup_samg53.o
Dummy_Handler                                     src/ASF/sam/utils/cmsis/samg/samg53/source/templates/exceptions.o
                                                  src/ASF/sam/utils/cmsis/samg/samg53/source/templates/gcc/startup_samg53.o
EFC_Handler                                       src/ASF/sam/utils/cmsis/samg/samg53/source/templates/exceptions.o
                                                  src/ASF/sam/utils/cmsis/samg/samg53/source/templates/gcc/startup_samg53.o
HardFault_Handler                                 src/ASF/sam/utils/cmsis/samg/samg53/source/templates/exceptions.o
                                                  src/ASF/sam/utils/cmsis/samg/samg53/source/templates/gcc/startup_samg53.o
I2SC0_Handler                                     src/ASF/sam/utils/cmsis/samg/samg53/source/templates/exceptions.o
                                                  src/ASF/sam/utils/cmsis/samg/samg53/source/templates/gcc/startup_samg53.o
I2SC1_Handler                                     src/ASF/sam/utils/cmsis/samg/samg53/source/templates/exceptions.o
                                                  src/ASF/sam/utils/cmsis/samg/samg53/source/templates/gcc/startup_samg53.o
MEM2MEM_Handler                                   src/ASF/sam/utils/cmsis/samg/samg53/source/templates/exceptions.o
                                                  src/ASF/sam/utils/cmsis/samg/samg53/source/templates/gcc/startup_samg53.o
MemManage_Handler                                 src/ASF/sam/utils/cmsis/samg/samg53/source/templates/exceptions.o
                                                  src/ASF/sam/utils/cmsis/samg/samg53/source/templates/gcc/startup_samg53.o
NMI_Handler                                       src/ASF/sam/utils/cmsis/samg/samg53/source/templates/exceptions.o
                                                  src/ASF/sam/utils/cmsis/samg/samg53/source/templates/gcc/startup_samg53.o
PDMIC0_Handler                                    src/ASF/sam/utils/cmsis/samg/samg53/source/templates/exceptions.o
                                                  src/ASF/sam/utils/cmsis/samg/samg53/source/templates/gcc/startup_samg53.o
PDMIC1_Handler                                    src/ASF/sam/utils/cmsis/samg/samg53/source/templates/exceptions.o
                                                  src/ASF/sam/utils/cmsis/samg/samg53/source/templates/gcc/startup_samg53.o
PIOA_Handler                                      src/ASF/sam/utils/cmsis/samg/samg53/source/templates/exceptions.o
                                                  src/ASF/sam/utils/cmsis/samg/samg53/source/templates/gcc/startup_samg53.o
PIOB_Handler                                      src/ASF/sam/utils/cmsis/samg/samg53/source/templates/exceptions.o
                                                  src/ASF/sam/utils/cmsis/samg/samg53/source/templates/gcc/startup_samg53.o
PMC_Handler                                       src/ASF/sam/utils/cmsis/samg/samg53/source/templates/exceptions.o
                                                  src/ASF/sam/utils/cmsis/samg/samg53/source/templates/gcc/startup_samg53.o
PendSV_Handler                                    src/ASF/sam/utils/cmsis/samg/samg53/source/templates/exceptions.o
                                                  src/ASF/sam/utils/cmsis/samg/samg53/source/templates/gcc/startup_samg53.o
RSTC_Handler                                      src/ASF/sam/utils/cmsis/samg/samg53/source/templates/exceptions.o
                                                  src/ASF/sam/utils/cmsis/samg/samg53/source/templates/gcc/startup_samg53.o
RTC_Handler                                       src/ASF/sam/utils/cmsis/samg/samg53/source/templates/exceptions.o
                                                  src/ASF/sam/utils/cmsis/samg/samg53/source/templates/gcc/startup_samg53.o
RTT_Handler                                       src/ASF/sam/utils/cmsis/samg/samg53/source/templates/exceptions.o
                                                  src/ASF/sam/utils/cmsis/samg/samg53/source/templates/gcc/startup_samg53.o
Reset_Handler                                     src/ASF/sam/utils/cmsis/samg/samg53/source/templates/gcc/startup_samg53.o
SPI_Handler                                       src/ASF/sam/utils/cmsis/samg/samg53/source/templates/exceptions.o
                                                  src/ASF/sam/utils/cmsis/samg/samg53/source/templates/gcc/startup_samg53.o
SUPC_Handler                                      src/ASF/sam/utils/cmsis/samg/samg53/source/templates/exceptions.o
                                                  src/ASF/sam/utils/cmsis/samg/samg53/source/templates/gcc/startup_samg53.o
SVC_Handler                                       src/ASF/sam/utils/cmsis/samg/samg53/source/templates/exceptions.o
                                                  src/ASF/sam/utils/cmsis/samg/samg53/source/templates/gcc/startup_samg53.o
SysTick_Handler                                   src/ASF/sam/utils/cmsis/samg/samg53/source/templates/exceptions.o
                                                  src/ASF/sam/utils/cmsis/samg/samg53/source/templates/gcc/startup_samg53.o
SystemCoreClock                                   src/ASF/sam/utils/cmsis/samg/samg53/source/templates/system_samg53.o
SystemCoreClockUpdate                             src/ASF/sam/utils/cmsis/samg/samg53/source/templates/system_samg53.o
                                                  src/ASF/common/services/clock/samg/sysclk.o
SystemInit                                        src/ASF/sam/utils/cmsis/samg/samg53/source/templates/system_samg53.o
TC0_Handler                                       src/ASF/sam/utils/cmsis/samg/samg53/source/templates/exceptions.o
                                                  src/ASF/sam/utils/cmsis/samg/samg53/source/templates/gcc/startup_samg53.o
TC1_Handler                                       src/ASF/sam/utils/cmsis/samg/samg53/source/templates/exceptions.o
                                                  src/ASF/sam/utils/cmsis/samg/samg53/source/templates/gcc/startup_samg53.o
TC2_Handler                                       src/ASF/sam/utils/cmsis/samg/samg53/source/templates/exceptions.o
                                                  src/ASF/sam/utils/cmsis/samg/samg53/source/templates/gcc/startup_samg53.o
TC3_Handler                                       src/ASF/sam/utils/cmsis/samg/samg53/source/templates/exceptions.o
                                                  src/ASF/sam/utils/cmsis/samg/samg53/source/templates/gcc/startup_samg53.o
TC4_Handler                                       src/ASF/sam/utils/cmsis/samg/samg53/source/templates/exceptions.o
                                                  src/ASF/sam/utils/cmsis/samg/samg53/source/templates/gcc/startup_samg53.o
TC5_Handler                                       src/ASF/sam/utils/cmsis/samg/samg53/source/templates/exceptions.o
                                                  src/ASF/sam/utils/cmsis/samg/samg53/source/templates/gcc/startup_samg53.o
TWI0_Handler                                      src/ASF/sam/utils/cmsis/samg/samg53/source/templates/exceptions.o
                                                  src/ASF/sam/utils/cmsis/samg/samg53/source/templates/gcc/startup_samg53.o
TWI1_Handler                                      src/ASF/sam/utils/cmsis/samg/samg53/source/templates/exceptions.o
                                                  src/ASF/sam/utils/cmsis/samg/samg53/source/templates/gcc/startup_samg53.o
TWI2_Handler                                      src/twi_slave_example.o
                                                  src/ASF/sam/utils/cmsis/samg/samg53/source/templates/exceptions.o
                                                  src/ASF/sam/utils/cmsis/samg/samg53/source/templates/gcc/startup_samg53.o
UART0_Handler                                     src/ASF/sam/utils/cmsis/samg/samg53/source/templates/exceptions.o
                                                  src/ASF/sam/utils/cmsis/samg/samg53/source/templates/gcc/startup_samg53.o
UART1_Handler                                     src/ASF/sam/utils/cmsis/samg/samg53/source/templates/exceptions.o
                                                  src/ASF/sam/utils/cmsis/samg/samg53/source/templates/gcc/startup_samg53.o
USART_Handler                                     src/ASF/sam/utils/cmsis/samg/samg53/source/templates/exceptions.o
                                                  src/ASF/sam/utils/cmsis/samg/samg53/source/templates/gcc/startup_samg53.o