Archive member included because of file (symbol)

c:/program files (x86)/atmel/atmel toolchain/arm gcc/native/4.8.1437/arm-gnu-toolchain/bin/../lib/gcc/arm-none-eabi/4.8.4/armv7e-m\libgcc.a(_aeabi_uldivmod.o)
                              src/Libc/my_io.o (__aeabi_uldivmod)
c:/program files (x86)/atmel/atmel toolchain/arm gcc/native/4.8.1437/arm-gnu-toolchain/bin/../lib/gcc/arm-none-eabi/4.8.4/armv7e-m\libgcc.a(bpabi.o)
                              c:/program files (x86)/atmel/atmel toolchain/arm gcc/native/4.8.1437/arm-gnu-toolchain/bin/../lib/gcc/arm-none-eabi/4.8.4/armv7e-m\libgcc.a(_aeabi_uldivmod.o) (__gnu_uldivmod_helper)
c:/program files (x86)/atmel/atmel toolchain/arm gcc/native/4.8.1437/arm-gnu-toolchain/bin/../lib/gcc/arm-none-eabi/4.8.4/armv7e-m\libgcc.a(_dvmd_tls.o)
                              c:/program files (x86)/atmel/atmel toolchain/arm gcc/native/4.8.1437/arm-gnu-toolchain/bin/../lib/gcc/arm-none-eabi/4.8.4/armv7e-m\libgcc.a(_aeabi_uldivmod.o) (__aeabi_ldiv0)
c:/program files (x86)/atmel/atmel toolchain/arm gcc/native/4.8.1437/arm-gnu-toolchain/bin/../lib/gcc/arm-none-eabi/4.8.4/armv7e-m\libgcc.a(_divdi3.o)
                              c:/program files (x86)/atmel/atmel toolchain/arm gcc/native/4.8.1437/arm-gnu-toolchain/bin/../lib/gcc/arm-none-eabi/4.8.4/armv7e-m\libgcc.a(bpabi.o) (__divdi3)
c:/program files (x86)/atmel/atmel toolchain/arm gcc/native/4.8.1437/arm-gnu-toolchain/bin/../lib/gcc/arm-none-eabi/4.8.4/armv7e-m\libgcc.a(_udivdi3.o)
                              c:/program files (x86)/atmel/atmel toolchain/arm gcc/native/4.8.1437/arm-gnu-toolchain/bin/../lib/gcc/arm-none-eabi/4.8.4/armv7e-m\libgcc.a(bpabi.o) (__udivdi3)
c:/program files (x86)/atmel/atmel toolchain/arm gcc/native/4.8.1437/arm-gnu-toolchain/bin/../lib/gcc/arm-none-eabi/4.8.4/../../../../arm-none-eabi/lib/armv7e-m\libc.a(lib_a-exit.o)
                              c:/program files (x86)/atmel/atmel toolchain/arm gcc/native/4.8.1437/arm-gnu-toolchain/bin/../lib/gcc/arm-none-eabi/4.8.4/../../../../arm-none-eabi/lib/armv7e-m/crt0.o (exit)
c:/program files (x86)/atmel/atmel toolchain/arm gcc/native/4.8.1437/arm-gnu-toolchain/bin/../lib/gcc/arm-none-eabi/4.8.4/../../../../arm-none-eabi/lib/armv7e-m\libc.a(lib_a-impure.o)
                              c:/program files (x86)/atmel/atmel toolchain/arm gcc/native/4.8.1437/arm-gnu-toolchain/bin/../lib/gcc/arm-none-eabi/4.8.4/../../../../arm-none-eabi/lib/armv7e-m\libc.a(lib_a-exit.o) (_global_impure_ptr)
c:/program files (x86)/atmel/atmel toolchain/arm gcc/native/4.8.1437/arm-gnu-toolchain/bin/../lib/gcc/arm-none-eabi/4.8.4/../../../../arm-none-eabi/lib/armv7e-m\libc.a(lib_a-init.o)
                              c:/program files (x86)/atmel/atmel toolchain/arm gcc/native/4.8.1437/arm-gnu-toolchain/bin/../lib/gcc/arm-none-eabi/4.8.4/../../../../arm-none-eabi/lib/armv7e-m/crt0.o (__libc_init_array)
c:/program files (x86)/atmel/atmel toolchain/arm gcc/native/4.8.1437/arm-gnu-toolchain/bin/../lib/gcc/arm-none-eabi/4.8.4/../../../../arm-none-eabi/lib/armv7e-m\libc.a(lib_a-iprintf.o)
                              src/Libc/my_twi.o (iprintf)
c:/program files (x86)/atmel/atmel toolchain/arm gcc/native/4.8.1437/arm-gnu-toolchain/bin/../lib/gcc/arm-none-eabi/4.8.4/../../../../arm-none-eabi/lib/armv7e-m\libc.a(lib_a-memset.o)
                              c:/program files (x86)/atmel/atmel toolchain/arm gcc/native/4.8.1437/arm-gnu-toolchain/bin/../lib/gcc/arm-none-eabi/4.8.4/../../../../arm-none-eabi/lib/armv7e-m/crt0.o (memset)
c:/program files (x86)/atmel/atmel toolchain/arm gcc/native/4.8.1437/arm-gnu-toolchain/bin/../lib/gcc/arm-none-eabi/4.8.4/../../../../arm-none-eabi/lib/armv7e-m\libc.a(lib_a-setbuf.o)
                              src/main.o (setbuf)
c:/program files (x86)/atmel/atmel toolchain/arm gcc/native/4.8.1437/arm-gnu-toolchain/bin/../lib/gcc/arm-none-eabi/4.8.4/../../../../arm-none-eabi/lib/armv7e-m\libc.a(lib_a-setvbuf.o)
                              c:/program files (x86)/atmel/atmel toolchain/arm gcc/native/4.8.1437/arm-gnu-toolchain/bin/../lib/gcc/arm-none-eabi/4.8.4/../../../../arm-none-eabi/lib/armv7e-m\libc.a(lib_a-setbuf.o) (setvbuf)
c:/program files (x86)/atmel/atmel toolchain/arm gcc/native/4.8.1437/arm-gnu-toolchain/bin/../lib/gcc/arm-none-eabi/4.8.4/../../../../arm-none-eabi/lib/armv7e-m\libc.a(lib_a-vfiprintf.o)
                              c:/program files (x86)/atmel/atmel toolchain/arm gcc/native/4.8.1437/arm-gnu-toolchain/bin/../lib/gcc/arm-none-eabi/4.8.4/../../../../arm-none-eabi/lib/armv7e-m\libc.a(lib_a-iprintf.o) (_vfiprintf_r)
c:/program files (x86)/atmel/atmel toolchain/arm gcc/native/4.8.1437/arm-gnu-toolchain/bin/../lib/gcc/arm-none-eabi/4.8.4/../../../../arm-none-eabi/lib/armv7e-m\libc.a(lib_a-wsetup.o)
                              c:/program files (x86)/atmel/atmel toolchain/arm gcc/native/4.8.1437/arm-gnu-toolchain/bin/../lib/gcc/arm-none-eabi/4.8.4/../../../../arm-none-eabi/lib/armv7e-m\libc.a(lib_a-vfiprintf.o) (__swsetup_r)
[...]
Memory Configuration

Name             Origin             Length             Attributes
rom              0x00400000         0x00080000         xr
ram              0x20000000         0x00018000         xrw
*default*        0x00000000         0xffffffff

Linker script and memory map

LOAD c:/program files (x86)/atmel/atmel toolchain/arm gcc/native/4.8.1437/arm-gnu-toolchain/bin/../lib/gcc/arm-none-eabi/4.8.4/armv7e-m/crti.o
LOAD c:/program files (x86)/atmel/atmel toolchain/arm gcc/native/4.8.1437/arm-gnu-toolchain/bin/../lib/gcc/arm-none-eabi/4.8.4/armv7e-m/crtbegin.o
LOAD c:/program files (x86)/atmel/atmel toolchain/arm gcc/native/4.8.1437/arm-gnu-toolchain/bin/../lib/gcc/arm-none-eabi/4.8.4/../../../../arm-none-eabi/lib/armv7e-m/crt0.o
LOAD src/Libc/my_io.o
LOAD src/Libc/my_twi.o
LOAD src/ASF/common/services/clock/samg/sysclk.o
LOAD src/ASF/common/services/delay/sam/cycle_counter.o
LOAD src/ASF/common/services/serial/usart_serial.o
LOAD src/ASF/common/utils/interrupt/interrupt_sam_nvic.o
LOAD src/ASF/common/utils/stdio/read.o
LOAD src/ASF/common/utils/stdio/write.o
LOAD src/ASF/sam/boards/samg53_xplained_pro/board_init.o
LOAD src/ASF/sam/drivers/pmc/pmc.o
LOAD src/ASF/sam/drivers/pmc/sleep.o
LOAD src/ASF/sam/drivers/twi/twi.o
LOAD src/ASF/sam/drivers/uart/uart.o
LOAD src/ASF/sam/drivers/usart/usart.o
LOAD src/ASF/sam/utils/cmsis/samg/samg53/source/templates/exceptions.o
LOAD src/ASF/sam/utils/cmsis/samg/samg53/source/templates/gcc/startup_samg53.o
LOAD src/ASF/sam/utils/cmsis/samg/samg53/source/templates/system_samg53.o
LOAD src/ASF/sam/utils/syscalls/gcc/syscalls.o
LOAD src/Libc/my_uart.o
LOAD src/main.o
START GROUP
LOAD ../src/ASF/thirdparty/CMSIS/Lib/GCC\libarm_cortexM4lf_math.a
LOAD c:/program files (x86)/atmel/atmel toolchain/arm gcc/native/4.8.1437/arm-gnu-toolchain/bin/../lib/gcc/arm-none-eabi/4.8.4/../../../../arm-none-eabi/lib/armv7e-m\libm.a
END GROUP
START GROUP
LOAD c:/program files (x86)/atmel/atmel toolchain/arm gcc/native/4.8.1437/arm-gnu-toolchain/bin/../lib/gcc/arm-none-eabi/4.8.4/armv7e-m\libgcc.a
LOAD c:/program files (x86)/atmel/atmel toolchain/arm gcc/native/4.8.1437/arm-gnu-toolchain/bin/../lib/gcc/arm-none-eabi/4.8.4/../../../../arm-none-eabi/lib/armv7e-m\libc.a
END GROUP
LOAD c:/program files (x86)/atmel/atmel toolchain/arm gcc/native/4.8.1437/arm-gnu-toolchain/bin/../lib/gcc/arm-none-eabi/4.8.4/armv7e-m/crtend.o
LOAD c:/program files (x86)/atmel/atmel toolchain/arm gcc/native/4.8.1437/arm-gnu-toolchain/bin/../lib/gcc/arm-none-eabi/4.8.4/armv7e-m/crtn.o
                0x00003000                __stack_size__ = DEFINED (__stack_size__)?__stack_size__:0x3000
                0x20017ffc                __ram_end__ = ((ORIGIN (ram) + 0x18000) - 0x4)

.text           0x00400000     0x40d4
                0x00400000                . = ALIGN (0x4)
                0x00400000                _sfixed = .
 *(.vectors .vectors.*)
 .vectors       0x00400000       0xfc src/ASF/sam/utils/cmsis/samg/samg53/source/templates/gcc/startup_samg53.o
                0x00400000                exception_table
 *(.text .text.* .gnu.linkonce.t.*)
 .text          0x004000fc       0x54 c:/program files (x86)/atmel/atmel toolchain/arm gcc/native/4.8.1437/arm-gnu-toolchain/bin/../lib/gcc/arm-none-eabi/4.8.4/armv7e-m/crtbegin.o
 .text.io_led_pisca
                0x00400150       0x80 src/Libc/my_io.o
                0x00400150                io_led_pisca
 .text.Conf_LED
                0x004001d0       0x18 src/Libc/my_io.o
                0x004001d0                Conf_LED
 .text.Conf_Botao
                0x004001e8       0x14 src/Libc/my_io.o
                0x004001e8                Conf_Botao
 .text.Conf_Pinos_UART
                0x004001fc       0x1c src/Libc/my_io.o
                0x004001fc                Conf_Pinos_UART
 .text.Conf_Pacote_Dados_tx
                0x00400218       0x34 src/Libc/my_twi.o
                0x00400218                Conf_Pacote_Dados_tx
 .text.Conf_Pacote_Dados_rx
                0x0040024c       0x30 src/Libc/my_twi.o
                0x0040024c                Conf_Pacote_Dados_rx
 .text.SysTick_Handler
                0x0040027c       0x10 src/Libc/my_twi.o
                0x0040027c                SysTick_Handler
 .text.Conf_TWI
                0x0040028c       0x44 src/Libc/my_twi.o
                0x0040028c                Conf_TWI
 .text.Inicia_TWI
                0x004002d0       0x28 src/Libc/my_twi.o
                0x004002d0                Inicia_TWI
 .text.Escreve_pacote
                0x004002f8       0x68 src/Libc/my_twi.o
                0x004002f8                Escreve_pacote
 .text.Limpa_buffer
                0x00400360       0x18 src/Libc/my_twi.o
                0x00400360                Limpa_buffer
 .text.Le_pacote
                0x00400378       0x5c src/Libc/my_twi.o
                0x00400378                Le_pacote
 .text.Compara_pacote_buffer
                0x004003d4       0x38 src/Libc/my_twi.o
                0x004003d4                Compara_pacote_buffer
 .text.sysclk_init
                0x0040040c       0x58 src/ASF/common/services/clock/samg/sysclk.o
                0x0040040c                sysclk_init
 .text._read    0x00400464       0x40 src/ASF/common/utils/stdio/read.o
                0x00400464                _read
 .text._write   0x004004a4       0x54 src/ASF/common/utils/stdio/write.o
                0x004004a4                _write
 .text.system_board_init
                0x004004f8       0xc0 src/ASF/sam/boards/samg53_xplained_pro/board_init.o
                0x004004f8                board_init
                0x004004f8                system_board_init
 .text.pmc_switch_mck_to_pllack
                0x004005b8       0x64 src/ASF/sam/drivers/pmc/pmc.o
                0x004005b8                pmc_switch_mck_to_pllack
 .text.pmc_disable_pllack
                0x0040061c        0xc src/ASF/sam/drivers/pmc/pmc.o
                0x0040061c                pmc_disable_pllack
 .text.pmc_is_locked_pllack
                0x00400628       0x10 src/ASF/sam/drivers/pmc/pmc.o
                0x00400628                pmc_is_locked_pllack
 .text.pmc_enable_periph_clk
                0x00400638       0x34 src/ASF/sam/drivers/pmc/pmc.o
                0x00400638                pmc_enable_periph_clk
 .text.twi_set_speed
                0x0040066c       0x44 src/ASF/sam/drivers/twi/twi.o
                0x0040066c                twi_set_speed
 .text.twi_master_init
                0x004006b0       0x40 src/ASF/sam/drivers/twi/twi.o
                0x004006b0                twi_master_init
 .text.twi_master_read
                0x004006f0       0xac src/ASF/sam/drivers/twi/twi.o
                0x004006f0                twi_master_read
 .text.twi_master_write
                0x0040079c       0xa0 src/ASF/sam/drivers/twi/twi.o
                0x0040079c                twi_master_write
 .text.uart_init
                0x0040083c       0x38 src/ASF/sam/drivers/uart/uart.o
                0x0040083c                uart_init
 .text.uart_write
                0x00400874       0x10 src/ASF/sam/drivers/uart/uart.o
                0x00400874                uart_write
 .text.uart_read
                0x00400884       0x14 src/ASF/sam/drivers/uart/uart.o
                0x00400884                uart_read
 .text.usart_write
                0x00400898       0x14 src/ASF/sam/drivers/usart/usart.o
                0x00400898                usart_write
 .text.usart_read
                0x004008ac       0x18 src/ASF/sam/drivers/usart/usart.o
                0x004008ac                usart_read
 .text.Dummy_Handler
                0x004008c4        0x4 src/ASF/sam/utils/cmsis/samg/samg53/source/templates/exceptions.o
                0x004008c4                WKUP2_Handler
                0x004008c4                DebugMon_Handler
                0x004008c4                WKUP7_Handler
                0x004008c4                WKUP10_Handler
                0x004008c4                WKUP15_Handler
                0x004008c4                HardFault_Handler
                0x004008c4                TC2_Handler
                0x004008c4                SPI_Handler
                0x004008c4                TWI1_Handler
                0x004008c4                PendSV_Handler
                0x004008c4                NMI_Handler
                0x004008c4                WKUP3_Handler
                0x004008c4                ADC_Handler
                0x004008c4                WKUP4_Handler
                0x004008c4                WKUP6_Handler
                0x004008c4                RTT_Handler
                0x004008c4                PIOB_Handler
                0x004008c4                RTC_Handler
                0x004008c4                UsageFault_Handler
                0x004008c4                PDMIC1_Handler
                0x004008c4                WKUP13_Handler
                0x004008c4                WDT_Handler
                0x004008c4                WKUP12_Handler
                0x004008c4                TC4_Handler
                0x004008c4                TC1_Handler
                0x004008c4                UART1_Handler
                0x004008c4                WKUP14_Handler
                0x004008c4                TC3_Handler
                0x004008c4                ARM_Handler
                0x004008c4                Dummy_Handler
                0x004008c4                TWI0_Handler
                0x004008c4                WKUP11_Handler
                0x004008c4                TWI2_Handler
                0x004008c4                PIOA_Handler
                0x004008c4                MEM2MEM_Handler
                0x004008c4                USART_Handler
                0x004008c4                PMC_Handler
                0x004008c4                WKUP1_Handler
                0x004008c4                PDMIC0_Handler
                0x004008c4                MemManage_Handler
                0x004008c4                SUPC_Handler
                0x004008c4                SVC_Handler
                0x004008c4                EFC_Handler
                0x004008c4                WKUP8_Handler
                0x004008c4                I2SC0_Handler
                0x004008c4                UART0_Handler
                0x004008c4                I2SC1_Handler
                0x004008c4                WKUP5_Handler
                0x004008c4                BusFault_Handler
                0x004008c4                RSTC_Handler
                0x004008c4                TC0_Handler
                0x004008c4                WKUP0_Handler
                0x004008c4                TC5_Handler
                0x004008c4                WKUP9_Handler
 .text.Reset_Handler
                0x004008c8       0xe8 src/ASF/sam/utils/cmsis/samg/samg53/source/templates/gcc/startup_samg53.o
                0x004008c8                Reset_Handler
 .text.SystemInit
                0x004009b0       0x48 src/ASF/sam/utils/cmsis/samg/samg53/source/templates/system_samg53.o
                0x004009b0                SystemInit
 .text.SystemCoreClockUpdate
                0x004009f8       0xdc src/ASF/sam/utils/cmsis/samg/samg53/source/templates/system_samg53.o
                0x004009f8                SystemCoreClockUpdate
 .text.system_init_flash
                0x00400ad4       0x4c src/ASF/sam/utils/cmsis/samg/samg53/source/templates/system_samg53.o
                0x00400ad4                system_init_flash
 .text._sbrk    0x00400b20       0x34 src/ASF/sam/utils/syscalls/gcc/syscalls.o
                0x00400b20                _sbrk
 .text._close   0x00400b54        0x8 src/ASF/sam/utils/syscalls/gcc/syscalls.o
                0x00400b54                _close
 .text._fstat   0x00400b5c        0xc src/ASF/sam/utils/syscalls/gcc/syscalls.o
                0x00400b5c                _fstat
 .text._isatty  0x00400b68        0x4 src/ASF/sam/utils/syscalls/gcc/syscalls.o
                0x00400b68                _isatty
 .text._lseek   0x00400b6c        0x4 src/ASF/sam/utils/syscalls/gcc/syscalls.o
                0x00400b6c                _lseek
 .text.usart_serial_getchar
                0x00400b70       0x68 src/main.o
 .text.usart_serial_putchar
                0x00400bd8       0x6c src/main.o
 .text.Inicia_UART
                0x00400c44       0x7c src/main.o
                0x00400c44                Inicia_UART
 .text.main     0x00400cc0      0x10c src/main.o
                0x00400cc0                main
 .text          0x00400dcc       0x2c c:/program files (x86)/atmel/atmel toolchain/arm gcc/native/4.8.1437/arm-gnu-toolchain/bin/../lib/gcc/arm-none-eabi/4.8.4/armv7e-m\libgcc.a(_aeabi_uldivmod.o)
                0x00400dcc                __aeabi_uldivmod
 .text          0x00400df8       0x60 c:/program files (x86)/atmel/atmel toolchain/arm gcc/native/4.8.1437/arm-gnu-toolchain/bin/../lib/gcc/arm-none-eabi/4.8.4/armv7e-m\libgcc.a(bpabi.o)
                0x00400df8                __gnu_ldivmod_helper
                0x00400e28                __gnu_uldivmod_helper
 .text          0x00400e58        0x4 c:/program files (x86)/atmel/atmel toolchain/arm gcc/native/4.8.1437/arm-gnu-toolchain/bin/../lib/gcc/arm-none-eabi/4.8.4/armv7e-m\libgcc.a(_dvmd_tls.o)
                0x00400e58                __aeabi_idiv0
                0x00400e58                __aeabi_ldiv0
 .text          0x00400e5c      0x298 c:/program files (x86)/atmel/atmel toolchain/arm gcc/native/4.8.1437/arm-gnu-toolchain/bin/../lib/gcc/arm-none-eabi/4.8.4/armv7e-m\libgcc.a(_divdi3.o)
                0x00400e5c                __divdi3
 .text          0x004010f4      0x284 c:/program files (x86)/atmel/atmel toolchain/arm gcc/native/4.8.1437/arm-gnu-toolchain/bin/../lib/gcc/arm-none-eabi/4.8.4/armv7e-m\libgcc.a(_udivdi3.o)
                0x004010f4                __udivdi3
 .text.__libc_init_array
                0x00401378       0x50 c:/program files (x86)/atmel/atmel toolchain/arm gcc/native/4.8.1437/arm-gnu-toolchain/bin/../lib/gcc/arm-none-eabi/4.8.4/../../../../arm-none-eabi/lib/armv7e-m\libc.a(lib_a-init.o)
                0x00401378                __libc_init_array
 .text.iprintf  0x004013c8       0x28 c:/program files (x86)/atmel/atmel toolchain/arm gcc/native/4.8.1437/arm-gnu-toolchain/bin/../lib/gcc/arm-none-eabi/4.8.4/../../../../arm-none-eabi/lib/armv7e-m\libc.a(lib_a-iprintf.o)
                0x004013c8                iprintf
 .text.memset   0x004013f0       0x94 c:/program files (x86)/atmel/atmel toolchain/arm gcc/native/4.8.1437/arm-gnu-toolchain/bin/../lib/gcc/arm-none-eabi/4.8.4/../../../../arm-none-eabi/lib/armv7e-m\libc.a(lib_a-memset.o)
                0x004013f0                memset
 .text.setbuf   0x00401484       0x10 c:/program files (x86)/atmel/atmel toolchain/arm gcc/native/4.8.1437/arm-gnu-toolchain/bin/../lib/gcc/arm-none-eabi/4.8.4/../../../../arm-none-eabi/lib/armv7e-m\libc.a(lib_a-setbuf.o)
                0x00401484                setbuf
 .text.setvbuf  0x00401494      0x100 c:/program files (x86)/atmel/atmel toolchain/arm gcc/native/4.8.1437/arm-gnu-toolchain/bin/../lib/gcc/arm-none-eabi/4.8.4/../../../../arm-none-eabi/lib/armv7e-m\libc.a(lib_a-setvbuf.o)
                0x00401494                setvbuf
 .text.__sprint_r.part.0
                0x00401594       0x78 c:/program files (x86)/atmel/atmel toolchain/arm gcc/native/4.8.1437/arm-gnu-toolchain/bin/../lib/gcc/arm-none-eabi/4.8.4/../../../../arm-none-eabi/lib/armv7e-m\libc.a(lib_a-vfiprintf.o)
 .text._vfiprintf_r
                0x0040160c      0xc54 c:/program files (x86)/atmel/atmel toolchain/arm gcc/native/4.8.1437/arm-gnu-toolchain/bin/../lib/gcc/arm-none-eabi/4.8.4/../../../../arm-none-eabi/lib/armv7e-m\libc.a(lib_a-vfiprintf.o)
                0x0040160c                _vfiprintf_r
 .text.__sbprintf
                0x00402260       0x78 c:/program files (x86)/atmel/atmel toolchain/arm gcc/native/4.8.1437/arm-gnu-toolchain/bin/../lib/gcc/arm-none-eabi/4.8.4/../../../../arm-none-eabi/lib/armv7e-m\libc.a(lib_a-vfiprintf.o)
 .text.__swsetup_r
                0x004022d8       0xc4 c:/program files (x86)/atmel/atmel toolchain/arm gcc/native/4.8.1437/arm-gnu-toolchain/bin/../lib/gcc/arm-none-eabi/4.8.4/../../../../arm-none-eabi/lib/armv7e-m\libc.a(lib_a-wsetup.o)
                0x004022d8                __swsetup_r
 .text.startup.register_fini
                0x0040239c       0x14 c:/program files (x86)/atmel/atmel toolchain/arm gcc/native/4.8.1437/arm-gnu-toolchain/bin/../lib/gcc/arm-none-eabi/4.8.4/../../../../arm-none-eabi/lib/armv7e-m\libc.a(lib_a-__call_atexit.o)
 .text.atexit   0x004023b0        0xc c:/program files (x86)/atmel/atmel toolchain/arm gcc/native/4.8.1437/arm-gnu-toolchain/bin/../lib/gcc/arm-none-eabi/4.8.4/../../../../arm-none-eabi/lib/armv7e-m\libc.a(lib_a-atexit.o)
                0x004023b0                atexit
 .text.__sflush_r
                0x004023bc      0x154 c:/program files (x86)/atmel/atmel toolchain/arm gcc/native/4.8.1437/arm-gnu-toolchain/bin/../lib/gcc/arm-none-eabi/4.8.4/../../../../arm-none-eabi/lib/armv7e-m\libc.a(lib_a-fflush.o)
                0x004023bc                __sflush_r
 .text._fflush_r
                0x00402510       0x2c c:/program files (x86)/atmel/atmel toolchain/arm gcc/native/4.8.1437/arm-gnu-toolchain/bin/../lib/gcc/arm-none-eabi/4.8.4/../../../../arm-none-eabi/lib/armv7e-m\libc.a(lib_a-fflush.o)
                0x00402510                _fflush_r
 .text._cleanup_r
                0x0040253c        0xc c:/program files (x86)/atmel/atmel toolchain/arm gcc/native/4.8.1437/arm-gnu-toolchain/bin/../lib/gcc/arm-none-eabi/4.8.4/../../../../arm-none-eabi/lib/armv7e-m\libc.a(lib_a-findfp.o)
                0x0040253c                _cleanup_r
 .text.__sinit  0x00402548       0xf4 c:/program files (x86)/atmel/atmel toolchain/arm gcc/native/4.8.1437/arm-gnu-toolchain/bin/../lib/gcc/arm-none-eabi/4.8.4/../../../../arm-none-eabi/lib/armv7e-m\libc.a(lib_a-findfp.o)
                0x00402548                __sinit
 .text.__sfp_lock_acquire
                0x0040263c        0x4 c:/program files (x86)/atmel/atmel toolchain/arm gcc/native/4.8.1437/arm-gnu-toolchain/bin/../lib/gcc/arm-none-eabi/4.8.4/../../../../arm-none-eabi/lib/armv7e-m\libc.a(lib_a-findfp.o)
                0x0040263c                __sfp_lock_acquire
 .text.__sfp_lock_release
                0x00402640        0x4 c:/program files (x86)/atmel/atmel toolchain/arm gcc/native/4.8.1437/arm-gnu-toolchain/bin/../lib/gcc/arm-none-eabi/4.8.4/../../../../arm-none-eabi/lib/armv7e-m\libc.a(lib_a-findfp.o)
                0x00402640                __sfp_lock_release
 .text.__libc_fini_array
                0x00402644       0x30 c:/program files (x86)/atmel/atmel toolchain/arm gcc/native/4.8.1437/arm-gnu-toolchain/bin/../lib/gcc/arm-none-eabi/4.8.4/../../../../arm-none-eabi/lib/armv7e-m\libc.a(lib_a-fini.o)
                0x00402644                __libc_fini_array
 .text._fputwc_r
                0x00402674       0xbc c:/program files (x86)/atmel/atmel toolchain/arm gcc/native/4.8.1437/arm-gnu-toolchain/bin/../lib/gcc/arm-none-eabi/4.8.4/../../../../arm-none-eabi/lib/armv7e-m\libc.a(lib_a-fputwc.o)
                0x00402674                _fputwc_r
 .text._malloc_trim_r
                0x00402730       0x9c c:/program files (x86)/atmel/atmel toolchain/arm gcc/native/4.8.1437/arm-gnu-toolchain/bin/../lib/gcc/arm-none-eabi/4.8.4/../../../../arm-none-eabi/lib/armv7e-m\libc.a(lib_a-freer.o)
                0x00402730                _malloc_trim_r
 .text._free_r  0x004027cc      0x19c c:/program files (x86)/atmel/atmel toolchain/arm gcc/native/4.8.1437/arm-gnu-toolchain/bin/../lib/gcc/arm-none-eabi/4.8.4/../../../../arm-none-eabi/lib/armv7e-m\libc.a(lib_a-freer.o)
                0x004027cc                _free_r
 .text.__sfvwrite_r
                0x00402968      0x318 c:/program files (x86)/atmel/atmel toolchain/arm gcc/native/4.8.1437/arm-gnu-toolchain/bin/../lib/gcc/arm-none-eabi/4.8.4/../../../../arm-none-eabi/lib/armv7e-m\libc.a(lib_a-fvwrite.o)
                0x00402968                __sfvwrite_r
 .text._fwalk   0x00402c80       0x4c c:/program files (x86)/atmel/atmel toolchain/arm gcc/native/4.8.1437/arm-gnu-toolchain/bin/../lib/gcc/arm-none-eabi/4.8.4/../../../../arm-none-eabi/lib/armv7e-m\libc.a(lib_a-fwalk.o)
                0x00402c80                _fwalk
 .text.__locale_charset
                0x00402ccc        0x8 c:/program files (x86)/atmel/atmel toolchain/arm gcc/native/4.8.1437/arm-gnu-toolchain/bin/../lib/gcc/arm-none-eabi/4.8.4/../../../../arm-none-eabi/lib/armv7e-m\libc.a(lib_a-locale.o)
                0x00402ccc                __locale_charset
 .text.__locale_mb_cur_max
                0x00402cd4        0xc c:/program files (x86)/atmel/atmel toolchain/arm gcc/native/4.8.1437/arm-gnu-toolchain/bin/../lib/gcc/arm-none-eabi/4.8.4/../../../../arm-none-eabi/lib/armv7e-m\libc.a(lib_a-locale.o)
                0x00402cd4                __locale_mb_cur_max
 .text.__smakebuf_r
                0x00402ce0       0xe0 c:/program files (x86)/atmel/atmel toolchain/arm gcc/native/4.8.1437/arm-gnu-toolchain/bin/../lib/gcc/arm-none-eabi/4.8.4/../../../../arm-none-eabi/lib/armv7e-m\libc.a(lib_a-makebuf.o)
                0x00402ce0                __smakebuf_r
 .text.malloc   0x00402dc0       0x10 c:/program files (x86)/atmel/atmel toolchain/arm gcc/native/4.8.1437/arm-gnu-toolchain/bin/../lib/gcc/arm-none-eabi/4.8.4/../../../../arm-none-eabi/lib/armv7e-m\libc.a(lib_a-malloc.o)
                0x00402dc0                malloc
 .text._malloc_r
                0x00402dd0      0x538 c:/program files (x86)/atmel/atmel toolchain/arm gcc/native/4.8.1437/arm-gnu-toolchain/bin/../lib/gcc/arm-none-eabi/4.8.4/../../../../arm-none-eabi/lib/armv7e-m\libc.a(lib_a-mallocr.o)
                0x00402dd0                _malloc_r
 .text.memchr   0x00403308       0x90 c:/program files (x86)/atmel/atmel toolchain/arm gcc/native/4.8.1437/arm-gnu-toolchain/bin/../lib/gcc/arm-none-eabi/4.8.4/../../../../arm-none-eabi/lib/armv7e-m\libc.a(lib_a-memchr-stub.o)
                0x00403308                memchr
 .text          0x00403398      0x134 c:/program files (x86)/atmel/atmel toolchain/arm gcc/native/4.8.1437/arm-gnu-toolchain/bin/../lib/gcc/arm-none-eabi/4.8.4/../../../../arm-none-eabi/lib/armv7e-m\libc.a(lib_a-memcpy.o)
                0x00403398                memcpy
 .text.memmove  0x004034cc       0xc0 c:/program files (x86)/atmel/atmel toolchain/arm gcc/native/4.8.1437/arm-gnu-toolchain/bin/../lib/gcc/arm-none-eabi/4.8.4/../../../../arm-none-eabi/lib/armv7e-m\libc.a(lib_a-memmove.o)
                0x004034cc                memmove
 .text.__malloc_lock
                0x0040358c        0x4 c:/program files (x86)/atmel/atmel toolchain/arm gcc/native/4.8.1437/arm-gnu-toolchain/bin/../lib/gcc/arm-none-eabi/4.8.4/../../../../arm-none-eabi/lib/armv7e-m\libc.a(lib_a-mlock.o)
                0x0040358c                __malloc_lock
 .text.__malloc_unlock
                0x00403590        0x4 c:/program files (x86)/atmel/atmel toolchain/arm gcc/native/4.8.1437/arm-gnu-toolchain/bin/../lib/gcc/arm-none-eabi/4.8.4/../../../../arm-none-eabi/lib/armv7e-m\libc.a(lib_a-mlock.o)
                0x00403590                __malloc_unlock
 .text._realloc_r
                0x00403594      0x3cc c:/program files (x86)/atmel/atmel toolchain/arm gcc/native/4.8.1437/arm-gnu-toolchain/bin/../lib/gcc/arm-none-eabi/4.8.4/../../../../arm-none-eabi/lib/armv7e-m\libc.a(lib_a-reallocr.o)
                0x00403594                _realloc_r
 .text._sbrk_r  0x00403960       0x24 c:/program files (x86)/atmel/atmel toolchain/arm gcc/native/4.8.1437/arm-gnu-toolchain/bin/../lib/gcc/arm-none-eabi/4.8.4/../../../../arm-none-eabi/lib/armv7e-m\libc.a(lib_a-sbrkr.o)
                0x00403960                _sbrk_r
 .text.__sread  0x00403984       0x24 c:/program files (x86)/atmel/atmel toolchain/arm gcc/native/4.8.1437/arm-gnu-toolchain/bin/../lib/gcc/arm-none-eabi/4.8.4/../../../../arm-none-eabi/lib/armv7e-m\libc.a(lib_a-stdio.o)
                0x00403984                __sread
 .text.__swrite
                0x004039a8       0x38 c:/program files (x86)/atmel/atmel toolchain/arm gcc/native/4.8.1437/arm-gnu-toolchain/bin/../lib/gcc/arm-none-eabi/4.8.4/../../../../arm-none-eabi/lib/armv7e-m\libc.a(lib_a-stdio.o)
                0x004039a8                __swrite
 .text.__sseek  0x004039e0       0x20 c:/program files (x86)/atmel/atmel toolchain/arm gcc/native/4.8.1437/arm-gnu-toolchain/bin/../lib/gcc/arm-none-eabi/4.8.4/../../../../arm-none-eabi/lib/armv7e-m\libc.a(lib_a-stdio.o)
                0x004039e0                __sseek
 .text.__sclose
                0x00403a00        0x8 c:/program files (x86)/atmel/atmel toolchain/arm gcc/native/4.8.1437/arm-gnu-toolchain/bin/../lib/gcc/arm-none-eabi/4.8.4/../../../../arm-none-eabi/lib/armv7e-m\libc.a(lib_a-stdio.o)
                0x00403a00                __sclose
 .text.strlen   0x00403a08       0x60 c:/program files (x86)/atmel/atmel toolchain/arm gcc/native/4.8.1437/arm-gnu-toolchain/bin/../lib/gcc/arm-none-eabi/4.8.4/../../../../arm-none-eabi/lib/armv7e-m\libc.a(lib_a-strlen.o)
                0x00403a08                strlen
 .text.__swbuf_r
                0x00403a68       0xa8 c:/program files (x86)/atmel/atmel toolchain/arm gcc/native/4.8.1437/arm-gnu-toolchain/bin/../lib/gcc/arm-none-eabi/4.8.4/../../../../arm-none-eabi/lib/armv7e-m\libc.a(lib_a-wbuf.o)
                0x00403a68                __swbuf_r
 .text._wcrtomb_r
                0x00403b10       0x50 c:/program files (x86)/atmel/atmel toolchain/arm gcc/native/4.8.1437/arm-gnu-toolchain/bin/../lib/gcc/arm-none-eabi/4.8.4/../../../../arm-none-eabi/lib/armv7e-m\libc.a(lib_a-wcrtomb.o)
                0x00403b10                _wcrtomb_r
 .text.__ascii_wctomb
                0x00403b60       0x1c c:/program files (x86)/atmel/atmel toolchain/arm gcc/native/4.8.1437/arm-gnu-toolchain/bin/../lib/gcc/arm-none-eabi/4.8.4/../../../../arm-none-eabi/lib/armv7e-m\libc.a(lib_a-wctomb_r.o)
                0x00403b60                __ascii_wctomb
 .text._write_r
                0x00403b7c       0x28 c:/program files (x86)/atmel/atmel toolchain/arm gcc/native/4.8.1437/arm-gnu-toolchain/bin/../lib/gcc/arm-none-eabi/4.8.4/../../../../arm-none-eabi/lib/armv7e-m\libc.a(lib_a-writer.o)
                0x00403b7c                _write_r
 .text.__register_exitproc
                0x00403ba4       0xa8 c:/program files (x86)/atmel/atmel toolchain/arm gcc/native/4.8.1437/arm-gnu-toolchain/bin/../lib/gcc/arm-none-eabi/4.8.4/../../../../arm-none-eabi/lib/armv7e-m\libc.a(lib_a-__atexit.o)
                0x00403ba4                __register_exitproc
 .text._close_r
                0x00403c4c       0x24 c:/program files (x86)/atmel/atmel toolchain/arm gcc/native/4.8.1437/arm-gnu-toolchain/bin/../lib/gcc/arm-none-eabi/4.8.4/../../../../arm-none-eabi/lib/armv7e-m\libc.a(lib_a-closer.o)
                0x00403c4c                _close_r
 .text._fclose_r
                0x00403c70       0x80 c:/program files (x86)/atmel/atmel toolchain/arm gcc/native/4.8.1437/arm-gnu-toolchain/bin/../lib/gcc/arm-none-eabi/4.8.4/../../../../arm-none-eabi/lib/armv7e-m\libc.a(lib_a-fclose.o)
                0x00403c70                _fclose_r
 .text.fclose   0x00403cf0       0x10 c:/program files (x86)/atmel/atmel toolchain/arm gcc/native/4.8.1437/arm-gnu-toolchain/bin/../lib/gcc/arm-none-eabi/4.8.4/../../../../arm-none-eabi/lib/armv7e-m\libc.a(lib_a-fclose.o)
                0x00403cf0                fclose
 .text._fstat_r
                0x00403d00       0x28 c:/program files (x86)/atmel/atmel toolchain/arm gcc/native/4.8.1437/arm-gnu-toolchain/bin/../lib/gcc/arm-none-eabi/4.8.4/../../../../arm-none-eabi/lib/armv7e-m\libc.a(lib_a-fstatr.o)
                0x00403d00                _fstat_r
 .text._isatty_r
                0x00403d28       0x24 c:/program files (x86)/atmel/atmel toolchain/arm gcc/native/4.8.1437/arm-gnu-toolchain/bin/../lib/gcc/arm-none-eabi/4.8.4/../../../../arm-none-eabi/lib/armv7e-m\libc.a(lib_a-isattyr.o)
                0x00403d28                _isatty_r
 .text._lseek_r
                0x00403d4c       0x28 c:/program files (x86)/atmel/atmel toolchain/arm gcc/native/4.8.1437/arm-gnu-toolchain/bin/../lib/gcc/arm-none-eabi/4.8.4/../../../../arm-none-eabi/lib/armv7e-m\libc.a(lib_a-lseekr.o)
                0x00403d4c                _lseek_r
 .text._read_r  0x00403d74       0x28 c:/program files (x86)/atmel/atmel toolchain/arm gcc/native/4.8.1437/arm-gnu-toolchain/bin/../lib/gcc/arm-none-eabi/4.8.4/../../../../arm-none-eabi/lib/armv7e-m\libc.a(lib_a-readr.o)
                0x00403d74                _read_r
 *(.glue_7t)
 .glue_7t       0x00000000        0x0 linker stubs
 *(.glue_7)
 .glue_7        0x00000000        0x0 linker stubs
 *(.rodata .rodata* .gnu.linkonce.r.*)
 .rodata.dados_teste
                0x00403d9c       0x28 src/Libc/my_twi.o
 .rodata.str1.4
                0x00403dc4      0x167 src/Libc/my_twi.o
                                0x16c (size before relaxing)
 *fill*         0x00403f2b        0x1 
 .rodata.dados_teste
                0x00403f2c       0x28 src/main.o
 .rodata.str1.4
                0x00403f54      0x101 src/main.o
                                0x108 (size before relaxing)
 *fill*         0x00404055        0x3 
 .rodata.str1.4
                0x00404058        0x2 c:/program files (x86)/atmel/atmel toolchain/arm gcc/native/4.8.1437/arm-gnu-toolchain/bin/../lib/gcc/arm-none-eabi/4.8.4/../../../../arm-none-eabi/lib/armv7e-m\libc.a(lib_a-impure.o)
                                  0x4 (size before relaxing)
 *fill*         0x0040405a        0x2 
 .rodata._global_impure_ptr
                0x0040405c        0x4 c:/program files (x86)/atmel/atmel toolchain/arm gcc/native/4.8.1437/arm-gnu-toolchain/bin/../lib/gcc/arm-none-eabi/4.8.4/../../../../arm-none-eabi/lib/armv7e-m\libc.a(lib_a-impure.o)
                0x0040405c                _global_impure_ptr
 .rodata.str1.4
                0x00404060       0x30 c:/program files (x86)/atmel/atmel toolchain/arm gcc/native/4.8.1437/arm-gnu-toolchain/bin/../lib/gcc/arm-none-eabi/4.8.4/../../../../arm-none-eabi/lib/armv7e-m\libc.a(lib_a-vfiprintf.o)
 .rodata.zeroes.6721
                0x00404090       0x10 c:/program files (x86)/atmel/atmel toolchain/arm gcc/native/4.8.1437/arm-gnu-toolchain/bin/../lib/gcc/arm-none-eabi/4.8.4/../../../../arm-none-eabi/lib/armv7e-m\libc.a(lib_a-vfiprintf.o)
 .rodata.blanks.6720
                0x004040a0       0x10 c:/program files (x86)/atmel/atmel toolchain/arm gcc/native/4.8.1437/arm-gnu-toolchain/bin/../lib/gcc/arm-none-eabi/4.8.4/../../../../arm-none-eabi/lib/armv7e-m\libc.a(lib_a-vfiprintf.o)
 *(.ARM.extab* .gnu.linkonce.armextab.*)
                0x004040b0                . = ALIGN (0x4)
 *(.init)
 .init          0x004040b0        0x4 c:/program files (x86)/atmel/atmel toolchain/arm gcc/native/4.8.1437/arm-gnu-toolchain/bin/../lib/gcc/arm-none-eabi/4.8.4/armv7e-m/crti.o
                0x004040b0                _init
 .init          0x004040b4        0x8 c:/program files (x86)/atmel/atmel toolchain/arm gcc/native/4.8.1437/arm-gnu-toolchain/bin/../lib/gcc/arm-none-eabi/4.8.4/armv7e-m/crtn.o
                0x004040bc                . = ALIGN (0x4)
                0x004040bc                __preinit_array_start = .
 *(.preinit_array)
                0x004040bc                __preinit_array_end = .
                0x004040bc                . = ALIGN (0x4)
                0x004040bc                __init_array_start = .
 *(SORT(.init_array.*))
 .init_array.00000
                0x004040bc        0x4 c:/program files (x86)/atmel/atmel toolchain/arm gcc/native/4.8.1437/arm-gnu-toolchain/bin/../lib/gcc/arm-none-eabi/4.8.4/../../../../arm-none-eabi/lib/armv7e-m\libc.a(lib_a-__call_atexit.o)
 *(.init_array)
 .init_array    0x004040c0        0x4 c:/program files (x86)/atmel/atmel toolchain/arm gcc/native/4.8.1437/arm-gnu-toolchain/bin/../lib/gcc/arm-none-eabi/4.8.4/armv7e-m/crtbegin.o
                0x004040c4                __init_array_end = .
                0x004040c4                . = ALIGN (0x4)
 *crtbegin.o(.ctors)
 *(EXCLUDE_FILE(*crtend.o) .ctors)
 *(SORT(.ctors.*))
 *crtend.o(.ctors)
                0x004040c4                . = ALIGN (0x4)
 *(.fini)
 .fini          0x004040c4        0x4 c:/program files (x86)/atmel/atmel toolchain/arm gcc/native/4.8.1437/arm-gnu-toolchain/bin/../lib/gcc/arm-none-eabi/4.8.4/armv7e-m/crti.o
                0x004040c4                _fini
 .fini          0x004040c8        0x8 c:/program files (x86)/atmel/atmel toolchain/arm gcc/native/4.8.1437/arm-gnu-toolchain/bin/../lib/gcc/arm-none-eabi/4.8.4/armv7e-m/crtn.o
                0x004040d0                . = ALIGN (0x4)
                0x004040d0                __fini_array_start = .
 *(.fini_array)
 .fini_array    0x004040d0        0x4 c:/program files (x86)/atmel/atmel toolchain/arm gcc/native/4.8.1437/arm-gnu-toolchain/bin/../lib/gcc/arm-none-eabi/4.8.4/armv7e-m/crtbegin.o
 *(SORT(.fini_array.*))
                0x004040d4                __fini_array_end = .
 *crtbegin.o(.dtors)
 *(EXCLUDE_FILE(*crtend.o) .dtors)
 *(SORT(.dtors.*))
 *crtend.o(.dtors)
                0x004040d4                . = ALIGN (0x4)
                0x004040d4                _efixed = .
                0x004040d4                PROVIDE (__exidx_start, .)

.vfp11_veneer   0x004040d4        0x0
 .vfp11_veneer  0x00000000        0x0 linker stubs

.v4_bx          0x004040d4        0x0
 .v4_bx         0x00000000        0x0 linker stubs

.iplt           0x004040d4        0x0
 .iplt          0x00000000        0x0 c:/program files (x86)/atmel/atmel toolchain/arm gcc/native/4.8.1437/arm-gnu-toolchain/bin/../lib/gcc/arm-none-eabi/4.8.4/armv7e-m/crtbegin.o

.ARM.exidx      0x004040d4        0x8
 *(.ARM.exidx* .gnu.linkonce.armexidx.*)
 .ARM.exidx     0x004040d4        0x8 c:/program files (x86)/atmel/atmel toolchain/arm gcc/native/4.8.1437/arm-gnu-toolchain/bin/../lib/gcc/arm-none-eabi/4.8.4/armv7e-m\libgcc.a(_divdi3.o)
 .ARM.exidx     0x004040dc        0x0 c:/program files (x86)/atmel/atmel toolchain/arm gcc/native/4.8.1437/arm-gnu-toolchain/bin/../lib/gcc/arm-none-eabi/4.8.4/armv7e-m\libgcc.a(_udivdi3.o)
                                  0x8 (size before relaxing)
                0x004040dc                PROVIDE (__exidx_end, .)

.eh_frame       0x004040dc        0x0
 .eh_frame      0x004040dc        0x0 c:/program files (x86)/atmel/atmel toolchain/arm gcc/native/4.8.1437/arm-gnu-toolchain/bin/../lib/gcc/arm-none-eabi/4.8.4/armv7e-m/crtbegin.o

.rel.dyn        0x004040dc        0x0
 .rel.iplt      0x00000000        0x0 c:/program files (x86)/atmel/atmel toolchain/arm gcc/native/4.8.1437/arm-gnu-toolchain/bin/../lib/gcc/arm-none-eabi/4.8.4/armv7e-m/crtbegin.o

.jcr            0x004040dc        0x0
 .jcr           0x004040dc        0x0 c:/program files (x86)/atmel/atmel toolchain/arm gcc/native/4.8.1437/arm-gnu-toolchain/bin/../lib/gcc/arm-none-eabi/4.8.4/armv7e-m/crtbegin.o

.igot.plt       0x004040dc        0x0
 .igot.plt      0x00000000        0x0 c:/program files (x86)/atmel/atmel toolchain/arm gcc/native/4.8.1437/arm-gnu-toolchain/bin/../lib/gcc/arm-none-eabi/4.8.4/armv7e-m/crtbegin.o
                0x004040dc                . = ALIGN (0x4)
                0x004040dc                _etext = .

.relocate       0x20000000      0x87c load address 0x004040dc
                0x20000000                . = ALIGN (0x4)
                0x20000000                _srelocate = .
 *(.ramfunc .ramfunc.*)
 .ramfunc       0x20000000        0xc src/ASF/common/services/delay/sam/cycle_counter.o
                0x20000000                portable_delay_cycles
 *(.data .data.*)
 .data.g_interrupt_enabled
                0x2000000c        0x1 src/ASF/common/utils/interrupt/interrupt_sam_nvic.o
                0x2000000c                g_interrupt_enabled
 *fill*         0x2000000d        0x3 
 .data.SystemCoreClock
                0x20000010        0x4 src/ASF/sam/utils/cmsis/samg/samg53/source/templates/system_samg53.o
                0x20000010                SystemCoreClock
 *fill*         0x20000014        0x4 
 .data.impure_data
                0x20000018      0x428 c:/program files (x86)/atmel/atmel toolchain/arm gcc/native/4.8.1437/arm-gnu-toolchain/bin/../lib/gcc/arm-none-eabi/4.8.4/../../../../arm-none-eabi/lib/armv7e-m\libc.a(lib_a-impure.o)
 .data._impure_ptr
                0x20000440        0x4 c:/program files (x86)/atmel/atmel toolchain/arm gcc/native/4.8.1437/arm-gnu-toolchain/bin/../lib/gcc/arm-none-eabi/4.8.4/../../../../arm-none-eabi/lib/armv7e-m\libc.a(lib_a-impure.o)
                0x20000440                _impure_ptr
 .data.lc_ctype_charset
                0x20000444       0x20 c:/program files (x86)/atmel/atmel toolchain/arm gcc/native/4.8.1437/arm-gnu-toolchain/bin/../lib/gcc/arm-none-eabi/4.8.4/../../../../arm-none-eabi/lib/armv7e-m\libc.a(lib_a-locale.o)
 .data.__mb_cur_max
                0x20000464        0x4 c:/program files (x86)/atmel/atmel toolchain/arm gcc/native/4.8.1437/arm-gnu-toolchain/bin/../lib/gcc/arm-none-eabi/4.8.4/../../../../arm-none-eabi/lib/armv7e-m\libc.a(lib_a-locale.o)
                0x20000464                __mb_cur_max
 .data.__malloc_av_
                0x20000468      0x408 c:/program files (x86)/atmel/atmel toolchain/arm gcc/native/4.8.1437/arm-gnu-toolchain/bin/../lib/gcc/arm-none-eabi/4.8.4/../../../../arm-none-eabi/lib/armv7e-m\libc.a(lib_a-mallocr.o)
                0x20000468                __malloc_av_
 .data.__malloc_trim_threshold
                0x20000870        0x4 c:/program files (x86)/atmel/atmel toolchain/arm gcc/native/4.8.1437/arm-gnu-toolchain/bin/../lib/gcc/arm-none-eabi/4.8.4/../../../../arm-none-eabi/lib/armv7e-m\libc.a(lib_a-mallocr.o)
                0x20000870                __malloc_trim_threshold
 .data.__malloc_sbrk_base
                0x20000874        0x4 c:/program files (x86)/atmel/atmel toolchain/arm gcc/native/4.8.1437/arm-gnu-toolchain/bin/../lib/gcc/arm-none-eabi/4.8.4/../../../../arm-none-eabi/lib/armv7e-m\libc.a(lib_a-mallocr.o)
                0x20000874                __malloc_sbrk_base
 .data.__wctomb
                0x20000878        0x4 c:/program files (x86)/atmel/atmel toolchain/arm gcc/native/4.8.1437/arm-gnu-toolchain/bin/../lib/gcc/arm-none-eabi/4.8.4/../../../../arm-none-eabi/lib/armv7e-m\libc.a(lib_a-wctomb_r.o)
                0x20000878                __wctomb
                0x2000087c                . = ALIGN (0x4)
                0x2000087c                _erelocate = .

.bss            0x2000087c       0xd4 load address 0x00404958
                0x2000087c                . = ALIGN (0x4)
                0x2000087c                _sbss = .
                0x2000087c                _szero = .
 *(.bss .bss.*)
 .bss           0x2000087c       0x1c c:/program files (x86)/atmel/atmel toolchain/arm gcc/native/4.8.1437/arm-gnu-toolchain/bin/../lib/gcc/arm-none-eabi/4.8.4/armv7e-m/crtbegin.o
 .bss.g_ul_ms_ticks
                0x20000898        0x4 src/Libc/my_twi.o
                0x20000898                g_ul_ms_ticks
 .bss.gs_uc_dados_teste
                0x2000089c       0x28 src/Libc/my_twi.o
 .bss.heap.5098
                0x200008c4        0x4 src/ASF/sam/utils/syscalls/gcc/syscalls.o
 .bss.__malloc_max_total_mem
                0x200008c8        0x4 c:/program files (x86)/atmel/atmel toolchain/arm gcc/native/4.8.1437/arm-gnu-toolchain/bin/../lib/gcc/arm-none-eabi/4.8.4/../../../../arm-none-eabi/lib/armv7e-m\libc.a(lib_a-mallocr.o)
                0x200008c8                __malloc_max_total_mem
 .bss.__malloc_max_sbrked_mem
                0x200008cc        0x4 c:/program files (x86)/atmel/atmel toolchain/arm gcc/native/4.8.1437/arm-gnu-toolchain/bin/../lib/gcc/arm-none-eabi/4.8.4/../../../../arm-none-eabi/lib/armv7e-m\libc.a(lib_a-mallocr.o)
                0x200008cc                __malloc_max_sbrked_mem
 .bss.__malloc_top_pad
                0x200008d0        0x4 c:/program files (x86)/atmel/atmel toolchain/arm gcc/native/4.8.1437/arm-gnu-toolchain/bin/../lib/gcc/arm-none-eabi/4.8.4/../../../../arm-none-eabi/lib/armv7e-m\libc.a(lib_a-mallocr.o)
                0x200008d0                __malloc_top_pad
 .bss.__malloc_current_mallinfo
                0x200008d4       0x28 c:/program files (x86)/atmel/atmel toolchain/arm gcc/native/4.8.1437/arm-gnu-toolchain/bin/../lib/gcc/arm-none-eabi/4.8.4/../../../../arm-none-eabi/lib/armv7e-m\libc.a(lib_a-mallocr.o)
                0x200008d4                __malloc_current_mallinfo
 *(COMMON)
 COMMON         0x200008fc       0x44 src/Libc/my_twi.o
                0x200008fc                pacote_dados_tx
                0x20000914                pacote_dados_rx
                0x2000092c                COMANDO
                0x20000930                ADDRESS
                0x20000934                opc
 COMMON         0x20000940        0x4 src/ASF/common/utils/stdio/read.o
                0x20000940                ptr_get
 COMMON         0x20000944        0x8 src/ASF/common/utils/stdio/write.o
                0x20000944                ptr_put
                0x20000948                stdio_base
 COMMON         0x2000094c        0x4 c:/program files (x86)/atmel/atmel toolchain/arm gcc/native/4.8.1437/arm-gnu-toolchain/bin/../lib/gcc/arm-none-eabi/4.8.4/../../../../arm-none-eabi/lib/armv7e-m\libc.a(lib_a-reent.o)
                0x2000094c                errno
                0x20000950                . = ALIGN (0x4)
                0x20000950                _ebss = .
                0x20000950                _ezero = .

.stack          0x20000950     0x3000 load address 0x00404a2c
                0x20000950                . = ALIGN (0x8)
                0x20000950                _sstack = .
                0x20003950                . = (. + __stack_size__)
 *fill*         0x20000950     0x3000 
                0x20003950                . = ALIGN (0x8)
                0x20003950                _estack = .
                0x20003950                . = ALIGN (0x4)
                0x20003950                _end = .
OUTPUT(MauaSat.elf elf32-littlearm)

.ARM.attributes
                0x00000000       0x30
 .ARM.attributes
                0x00000000       0x1e c:/program files (x86)/atmel/atmel toolchain/arm gcc/native/4.8.1437/arm-gnu-toolchain/bin/../lib/gcc/arm-none-eabi/4.8.4/armv7e-m/crti.o
 .ARM.attributes
                0x0000001e       0x2e c:/program files (x86)/atmel/atmel toolchain/arm gcc/native/4.8.1437/arm-gnu-toolchain/bin/../lib/gcc/arm-none-eabi/4.8.4/armv7e-m/crtbegin.o
 .ARM.attributes
                0x0000004c       0x37 src/Libc/my_io.o
 .ARM.attributes
                0x00000083       0x37 src/Libc/my_twi.o
 .ARM.attributes
                0x000000ba       0x37 src/ASF/common/services/clock/samg/sysclk.o
 .ARM.attributes
                0x000000f1       0x37 src/ASF/common/services/delay/sam/cycle_counter.o
 .ARM.attributes
                0x00000128       0x37 src/ASF/common/utils/interrupt/interrupt_sam_nvic.o
 .ARM.attributes
                0x0000015f       0x37 src/ASF/common/utils/stdio/read.o
 .ARM.attributes
                0x00000196       0x37 src/ASF/common/utils/stdio/write.o
 .ARM.attributes
                0x000001cd       0x37 src/ASF/sam/boards/samg53_xplained_pro/board_init.o
 .ARM.attributes
                0x00000204       0x37 src/ASF/sam/drivers/pmc/pmc.o
 .ARM.attributes
                0x0000023b       0x37 src/ASF/sam/drivers/twi/twi.o
 .ARM.attributes
                0x00000272       0x37 src/ASF/sam/drivers/uart/uart.o
 .ARM.attributes
                0x000002a9       0x37 src/ASF/sam/drivers/usart/usart.o
 .ARM.attributes
                0x000002e0       0x37 src/ASF/sam/utils/cmsis/samg/samg53/source/templates/exceptions.o
 .ARM.attributes
                0x00000317       0x37 src/ASF/sam/utils/cmsis/samg/samg53/source/templates/gcc/startup_samg53.o
 .ARM.attributes
                0x0000034e       0x37 src/ASF/sam/utils/cmsis/samg/samg53/source/templates/system_samg53.o
 .ARM.attributes
                0x00000385       0x37 src/ASF/sam/utils/syscalls/gcc/syscalls.o
 .ARM.attributes
                0x000003bc       0x37 src/main.o
 .ARM.attributes
                0x000003f3       0x1e c:/program files (x86)/atmel/atmel toolchain/arm gcc/native/4.8.1437/arm-gnu-toolchain/bin/../lib/gcc/arm-none-eabi/4.8.4/armv7e-m\libgcc.a(_aeabi_uldivmod.o)
 .ARM.attributes
                0x00000411       0x2e c:/program files (x86)/atmel/atmel toolchain/arm gcc/native/4.8.1437/arm-gnu-toolchain/bin/../lib/gcc/arm-none-eabi/4.8.4/armv7e-m\libgcc.a(bpabi.o)
 .ARM.attributes
                0x0000043f       0x1e c:/program files (x86)/atmel/atmel toolchain/arm gcc/native/4.8.1437/arm-gnu-toolchain/bin/../lib/gcc/arm-none-eabi/4.8.4/armv7e-m\libgcc.a(_dvmd_tls.o)
 .ARM.attributes
                0x0000045d       0x2e c:/program files (x86)/atmel/atmel toolchain/arm gcc/native/4.8.1437/arm-gnu-toolchain/bin/../lib/gcc/arm-none-eabi/4.8.4/armv7e-m\libgcc.a(_divdi3.o)
 .ARM.attributes
                0x0000048b       0x2e c:/program files (x86)/atmel/atmel toolchain/arm gcc/native/4.8.1437/arm-gnu-toolchain/bin/../lib/gcc/arm-none-eabi/4.8.4/armv7e-m\libgcc.a(_udivdi3.o)
 .ARM.attributes
                0x000004b9       0x2e c:/program files (x86)/atmel/atmel toolchain/arm gcc/native/4.8.1437/arm-gnu-toolchain/bin/../lib/gcc/arm-none-eabi/4.8.4/../../../../arm-none-eabi/lib/armv7e-m\libc.a(lib_a-impure.o)
 .ARM.attributes
                0x000004e7       0x2e c:/program files (x86)/atmel/atmel toolchain/arm gcc/native/4.8.1437/arm-gnu-toolchain/bin/../lib/gcc/arm-none-eabi/4.8.4/../../../../arm-none-eabi/lib/armv7e-m\libc.a(lib_a-init.o)
 .ARM.attributes
                0x00000515       0x2e c:/program files (x86)/atmel/atmel toolchain/arm gcc/native/4.8.1437/arm-gnu-toolchain/bin/../lib/gcc/arm-none-eabi/4.8.4/../../../../arm-none-eabi/lib/armv7e-m\libc.a(lib_a-iprintf.o)
 .ARM.attributes
                0x00000543       0x2e c:/program files (x86)/atmel/atmel toolchain/arm gcc/native/4.8.1437/arm-gnu-toolchain/bin/../lib/gcc/arm-none-eabi/4.8.4/../../../../arm-none-eabi/lib/armv7e-m\libc.a(lib_a-memset.o)
 .ARM.attributes
                0x00000571       0x2e c:/program files (x86)/atmel/atmel toolchain/arm gcc/native/4.8.1437/arm-gnu-toolchain/bin/../lib/gcc/arm-none-eabi/4.8.4/../../../../arm-none-eabi/lib/armv7e-m\libc.a(lib_a-setbuf.o)
 .ARM.attributes
                0x0000059f       0x2e c:/program files (x86)/atmel/atmel toolchain/arm gcc/native/4.8.1437/arm-gnu-toolchain/bin/../lib/gcc/arm-none-eabi/4.8.4/../../../../arm-none-eabi/lib/armv7e-m\libc.a(lib_a-setvbuf.o)
 .ARM.attributes
                0x000005cd       0x2e c:/program files (x86)/atmel/atmel toolchain/arm gcc/native/4.8.1437/arm-gnu-toolchain/bin/../lib/gcc/arm-none-eabi/4.8.4/../../../../arm-none-eabi/lib/armv7e-m\libc.a(lib_a-vfiprintf.o)
 .ARM.attributes
                0x000005fb       0x2e c:/program files (x86)/atmel/atmel toolchain/arm gcc/native/4.8.1437/arm-gnu-toolchain/bin/../lib/gcc/arm-none-eabi/4.8.4/../../../../arm-none-eabi/lib/armv7e-m\libc.a(lib_a-wsetup.o)
 .ARM.attributes
                0x00000629       0x2e c:/program files (x86)/atmel/atmel toolchain/arm gcc/native/4.8.1437/arm-gnu-toolchain/bin/../lib/gcc/arm-none-eabi/4.8.4/../../../../arm-none-eabi/lib/armv7e-m\libc.a(lib_a-__call_atexit.o)
 .ARM.attributes
                0x00000657       0x2e c:/program files (x86)/atmel/atmel toolchain/arm gcc/native/4.8.1437/arm-gnu-toolchain/bin/../lib/gcc/arm-none-eabi/4.8.4/../../../../arm-none-eabi/lib/armv7e-m\libc.a(lib_a-atexit.o)
 .ARM.attributes
                0x00000685       0x2e c:/program files (x86)/atmel/atmel toolchain/arm gcc/native/4.8.1437/arm-gnu-toolchain/bin/../lib/gcc/arm-none-eabi/4.8.4/../../../../arm-none-eabi/lib/armv7e-m\libc.a(lib_a-fflush.o)
 .ARM.attributes
                0x000006b3       0x2e c:/program files (x86)/atmel/atmel toolchain/arm gcc/native/4.8.1437/arm-gnu-toolchain/bin/../lib/gcc/arm-none-eabi/4.8.4/../../../../arm-none-eabi/lib/armv7e-m\libc.a(lib_a-findfp.o)
 .ARM.attributes
                0x000006e1       0x2e c:/program files (x86)/atmel/atmel toolchain/arm gcc/native/4.8.1437/arm-gnu-toolchain/bin/../lib/gcc/arm-none-eabi/4.8.4/../../../../arm-none-eabi/lib/armv7e-m\libc.a(lib_a-fini.o)
 .ARM.attributes
                0x0000070f       0x2e c:/program files (x86)/atmel/atmel toolchain/arm gcc/native/4.8.1437/arm-gnu-toolchain/bin/../lib/gcc/arm-none-eabi/4.8.4/../../../../arm-none-eabi/lib/armv7e-m\libc.a(lib_a-fputwc.o)
 .ARM.attributes
                0x0000073d       0x2e c:/program files (x86)/atmel/atmel toolchain/arm gcc/native/4.8.1437/arm-gnu-toolchain/bin/../lib/gcc/arm-none-eabi/4.8.4/../../../../arm-none-eabi/lib/armv7e-m\libc.a(lib_a-freer.o)
 .ARM.attributes
                0x0000076b       0x2e c:/program files (x86)/atmel/atmel toolchain/arm gcc/native/4.8.1437/arm-gnu-toolchain/bin/../lib/gcc/arm-none-eabi/4.8.4/../../../../arm-none-eabi/lib/armv7e-m\libc.a(lib_a-fvwrite.o)
 .ARM.attributes
                0x00000799       0x2e c:/program files (x86)/atmel/atmel toolchain/arm gcc/native/4.8.1437/arm-gnu-toolchain/bin/../lib/gcc/arm-none-eabi/4.8.4/../../../../arm-none-eabi/lib/armv7e-m\libc.a(lib_a-fwalk.o)
 .ARM.attributes
                0x000007c7       0x2e c:/program files (x86)/atmel/atmel toolchain/arm gcc/native/4.8.1437/arm-gnu-toolchain/bin/../lib/gcc/arm-none-eabi/4.8.4/../../../../arm-none-eabi/lib/armv7e-m\libc.a(lib_a-locale.o)
 .ARM.attributes
                0x000007f5       0x2e c:/program files (x86)/atmel/atmel toolchain/arm gcc/native/4.8.1437/arm-gnu-toolchain/bin/../lib/gcc/arm-none-eabi/4.8.4/../../../../arm-none-eabi/lib/armv7e-m\libc.a(lib_a-makebuf.o)
 .ARM.attributes
                0x00000823       0x2e c:/program files (x86)/atmel/atmel toolchain/arm gcc/native/4.8.1437/arm-gnu-toolchain/bin/../lib/gcc/arm-none-eabi/4.8.4/../../../../arm-none-eabi/lib/armv7e-m\libc.a(lib_a-malloc.o)
 .ARM.attributes
                0x00000851       0x2e c:/program files (x86)/atmel/atmel toolchain/arm gcc/native/4.8.1437/arm-gnu-toolchain/bin/../lib/gcc/arm-none-eabi/4.8.4/../../../../arm-none-eabi/lib/armv7e-m\libc.a(lib_a-mallocr.o)
 .ARM.attributes
                0x0000087f       0x2e c:/program files (x86)/atmel/atmel toolchain/arm gcc/native/4.8.1437/arm-gnu-toolchain/bin/../lib/gcc/arm-none-eabi/4.8.4/../../../../arm-none-eabi/lib/armv7e-m\libc.a(lib_a-memchr-stub.o)
 .ARM.attributes
                0x000008ad       0x1c c:/program files (x86)/atmel/atmel toolchain/arm gcc/native/4.8.1437/arm-gnu-toolchain/bin/../lib/gcc/arm-none-eabi/4.8.4/../../../../arm-none-eabi/lib/armv7e-m\libc.a(lib_a-memcpy.o)
 .ARM.attributes
                0x000008c9       0x2e c:/program files (x86)/atmel/atmel toolchain/arm gcc/native/4.8.1437/arm-gnu-toolchain/bin/../lib/gcc/arm-none-eabi/4.8.4/../../../../arm-none-eabi/lib/armv7e-m\libc.a(lib_a-memmove.o)
 .ARM.attributes
                0x000008f7       0x2e c:/program files (x86)/atmel/atmel toolchain/arm gcc/native/4.8.1437/arm-gnu-toolchain/bin/../lib/gcc/arm-none-eabi/4.8.4/../../../../arm-none-eabi/lib/armv7e-m\libc.a(lib_a-mlock.o)
 .ARM.attributes
                0x00000925       0x2e c:/program files (x86)/atmel/atmel toolchain/arm gcc/native/4.8.1437/arm-gnu-toolchain/bin/../lib/gcc/arm-none-eabi/4.8.4/../../../../arm-none-eabi/lib/armv7e-m\libc.a(lib_a-reallocr.o)
 .ARM.attributes
                0x00000953       0x2e c:/program files (x86)/atmel/atmel toolchain/arm gcc/native/4.8.1437/arm-gnu-toolchain/bin/../lib/gcc/arm-none-eabi/4.8.4/../../../../arm-none-eabi/lib/armv7e-m\libc.a(lib_a-sbrkr.o)
 .ARM.attributes
                0x00000981       0x2e c:/program files (x86)/atmel/atmel toolchain/arm gcc/native/4.8.1437/arm-gnu-toolchain/bin/../lib/gcc/arm-none-eabi/4.8.4/../../../../arm-none-eabi/lib/armv7e-m\libc.a(lib_a-stdio.o)
 .ARM.attributes
                0x000009af       0x2e c:/program files (x86)/atmel/atmel toolchain/arm gcc/native/4.8.1437/arm-gnu-toolchain/bin/../lib/gcc/arm-none-eabi/4.8.4/../../../../arm-none-eabi/lib/armv7e-m\libc.a(lib_a-strlen.o)
 .ARM.attributes
                0x000009dd       0x2e c:/program files (x86)/atmel/atmel toolchain/arm gcc/native/4.8.1437/arm-gnu-toolchain/bin/../lib/gcc/arm-none-eabi/4.8.4/../../../../arm-none-eabi/lib/armv7e-m\libc.a(lib_a-wbuf.o)
 .ARM.attributes
                0x00000a0b       0x2e c:/program files (x86)/atmel/atmel toolchain/arm gcc/native/4.8.1437/arm-gnu-toolchain/bin/../lib/gcc/arm-none-eabi/4.8.4/../../../../arm-none-eabi/lib/armv7e-m\libc.a(lib_a-wcrtomb.o)
 .ARM.attributes
                0x00000a39       0x2e c:/program files (x86)/atmel/atmel toolchain/arm gcc/native/4.8.1437/arm-gnu-toolchain/bin/../lib/gcc/arm-none-eabi/4.8.4/../../../../arm-none-eabi/lib/armv7e-m\libc.a(lib_a-wctomb_r.o)
 .ARM.attributes
                0x00000a67       0x2e c:/program files (x86)/atmel/atmel toolchain/arm gcc/native/4.8.1437/arm-gnu-toolchain/bin/../lib/gcc/arm-none-eabi/4.8.4/../../../../arm-none-eabi/lib/armv7e-m\libc.a(lib_a-writer.o)
 .ARM.attributes
                0x00000a95       0x2e c:/program files (x86)/atmel/atmel toolchain/arm gcc/native/4.8.1437/arm-gnu-toolchain/bin/../lib/gcc/arm-none-eabi/4.8.4/../../../../arm-none-eabi/lib/armv7e-m\libc.a(lib_a-__atexit.o)
 .ARM.attributes
                0x00000ac3       0x2e c:/program files (x86)/atmel/atmel toolchain/arm gcc/native/4.8.1437/arm-gnu-toolchain/bin/../lib/gcc/arm-none-eabi/4.8.4/../../../../arm-none-eabi/lib/armv7e-m\libc.a(lib_a-closer.o)
 .ARM.attributes
                0x00000af1       0x2e c:/program files (x86)/atmel/atmel toolchain/arm gcc/native/4.8.1437/arm-gnu-toolchain/bin/../lib/gcc/arm-none-eabi/4.8.4/../../../../arm-none-eabi/lib/armv7e-m\libc.a(lib_a-fclose.o)
 .ARM.attributes
                0x00000b1f       0x2e c:/program files (x86)/atmel/atmel toolchain/arm gcc/native/4.8.1437/arm-gnu-toolchain/bin/../lib/gcc/arm-none-eabi/4.8.4/../../../../arm-none-eabi/lib/armv7e-m\libc.a(lib_a-fstatr.o)
 .ARM.attributes
                0x00000b4d       0x2e c:/program files (x86)/atmel/atmel toolchain/arm gcc/native/4.8.1437/arm-gnu-toolchain/bin/../lib/gcc/arm-none-eabi/4.8.4/../../../../arm-none-eabi/lib/armv7e-m\libc.a(lib_a-isattyr.o)
 .ARM.attributes
                0x00000b7b       0x2e c:/program files (x86)/atmel/atmel toolchain/arm gcc/native/4.8.1437/arm-gnu-toolchain/bin/../lib/gcc/arm-none-eabi/4.8.4/../../../../arm-none-eabi/lib/armv7e-m\libc.a(lib_a-lseekr.o)
 .ARM.attributes
                0x00000ba9       0x2e c:/program files (x86)/atmel/atmel toolchain/arm gcc/native/4.8.1437/arm-gnu-toolchain/bin/../lib/gcc/arm-none-eabi/4.8.4/../../../../arm-none-eabi/lib/armv7e-m\libc.a(lib_a-readr.o)
 .ARM.attributes
                0x00000bd7       0x2e c:/program files (x86)/atmel/atmel toolchain/arm gcc/native/4.8.1437/arm-gnu-toolchain/bin/../lib/gcc/arm-none-eabi/4.8.4/../../../../arm-none-eabi/lib/armv7e-m\libc.a(lib_a-reent.o)
 .ARM.attributes
                0x00000c05       0x1e c:/program files (x86)/atmel/atmel toolchain/arm gcc/native/4.8.1437/arm-gnu-toolchain/bin/../lib/gcc/arm-none-eabi/4.8.4/armv7e-m/crtn.o

.comment        0x00000000       0x5b
 .comment       0x00000000       0x5b src/Libc/my_io.o
                                 0x5c (size before relaxing)
 .comment       0x00000000       0x5c src/Libc/my_twi.o
 .comment       0x00000000       0x5c src/ASF/common/services/clock/samg/sysclk.o
 .comment       0x00000000       0x5c src/ASF/common/services/delay/sam/cycle_counter.o
 .comment       0x00000000       0x5c src/ASF/common/utils/interrupt/interrupt_sam_nvic.o
 .comment       0x00000000       0x5c src/ASF/common/utils/stdio/read.o
 .comment       0x00000000       0x5c src/ASF/common/utils/stdio/write.o
 .comment       0x00000000       0x5c src/ASF/sam/boards/samg53_xplained_pro/board_init.o
 .comment       0x00000000       0x5c src/ASF/sam/drivers/pmc/pmc.o
 .comment       0x00000000       0x5c src/ASF/sam/drivers/twi/twi.o
 .comment       0x00000000       0x5c src/ASF/sam/drivers/uart/uart.o
 .comment       0x00000000       0x5c src/ASF/sam/drivers/usart/usart.o
 .comment       0x00000000       0x5c src/ASF/sam/utils/cmsis/samg/samg53/source/templates/exceptions.o
 .comment       0x00000000       0x5c src/ASF/sam/utils/cmsis/samg/samg53/source/templates/gcc/startup_samg53.o
 .comment       0x00000000       0x5c src/ASF/sam/utils/cmsis/samg/samg53/source/templates/system_samg53.o
 .comment       0x00000000       0x5c src/ASF/sam/utils/syscalls/gcc/syscalls.o
 .comment       0x00000000       0x5c src/main.o

.debug_info     0x00000000     0x8da1
 .debug_info    0x00000000      0xb33 src/Libc/my_io.o
 .debug_info    0x00000b33      0xcb0 src/Libc/my_twi.o
 .debug_info    0x000017e3      0x731 src/ASF/common/services/clock/samg/sysclk.o
 .debug_info    0x00001f14      0x134 src/ASF/common/services/delay/sam/cycle_counter.o
 .debug_info    0x00002048      0x1e8 src/ASF/common/utils/interrupt/interrupt_sam_nvic.o
 .debug_info    0x00002230      0x1bb src/ASF/common/utils/stdio/read.o
 .debug_info    0x000023eb      0x1c0 src/ASF/common/utils/stdio/write.o
 .debug_info    0x000025ab      0xc39 src/ASF/sam/boards/samg53_xplained_pro/board_init.o
 .debug_info    0x000031e4      0xf59 src/ASF/sam/drivers/pmc/pmc.o
 .debug_info    0x0000413d      0xbdc src/ASF/sam/drivers/twi/twi.o
 .debug_info    0x00004d19      0x8f0 src/ASF/sam/drivers/uart/uart.o
 .debug_info    0x00005609     0x14b5 src/ASF/sam/drivers/usart/usart.o
 .debug_info    0x00006abe       0xb9 src/ASF/sam/utils/cmsis/samg/samg53/source/templates/exceptions.o
 .debug_info    0x00006b77      0x558 src/ASF/sam/utils/cmsis/samg/samg53/source/templates/gcc/startup_samg53.o
 .debug_info    0x000070cf      0x47b src/ASF/sam/utils/cmsis/samg/samg53/source/templates/system_samg53.o
 .debug_info    0x0000754a      0x43f src/ASF/sam/utils/syscalls/gcc/syscalls.o
 .debug_info    0x00007989     0x1418 src/main.o

.debug_abbrev   0x00000000     0x1ebd
 .debug_abbrev  0x00000000      0x260 src/Libc/my_io.o
 .debug_abbrev  0x00000260      0x2d5 src/Libc/my_twi.o
 .debug_abbrev  0x00000535      0x21f src/ASF/common/services/clock/samg/sysclk.o
 .debug_abbrev  0x00000754       0x9d src/ASF/common/services/delay/sam/cycle_counter.o
 .debug_abbrev  0x000007f1       0xef src/ASF/common/utils/interrupt/interrupt_sam_nvic.o
 .debug_abbrev  0x000008e0      0x101 src/ASF/common/utils/stdio/read.o
 .debug_abbrev  0x000009e1       0xf5 src/ASF/common/utils/stdio/write.o
 .debug_abbrev  0x00000ad6      0x1f9 src/ASF/sam/boards/samg53_xplained_pro/board_init.o
 .debug_abbrev  0x00000ccf      0x2af src/ASF/sam/drivers/pmc/pmc.o
 .debug_abbrev  0x00000f7e      0x2db src/ASF/sam/drivers/twi/twi.o
 .debug_abbrev  0x00001259      0x1bd src/ASF/sam/drivers/uart/uart.o
 .debug_abbrev  0x00001416      0x29d src/ASF/sam/drivers/usart/usart.o
 .debug_abbrev  0x000016b3       0x6c src/ASF/sam/utils/cmsis/samg/samg53/source/templates/exceptions.o
 .debug_abbrev  0x0000171f      0x1cb src/ASF/sam/utils/cmsis/samg/samg53/source/templates/gcc/startup_samg53.o
 .debug_abbrev  0x000018ea       0xf5 src/ASF/sam/utils/cmsis/samg/samg53/source/templates/system_samg53.o
 .debug_abbrev  0x000019df      0x14e src/ASF/sam/utils/syscalls/gcc/syscalls.o
 .debug_abbrev  0x00001b2d      0x390 src/main.o

.debug_loc      0x00000000     0x2cbe
 .debug_loc     0x00000000       0x9c src/Libc/my_io.o
 .debug_loc     0x0000009c       0xde src/Libc/my_twi.o
 .debug_loc     0x0000017a       0xd4 src/ASF/common/services/clock/samg/sysclk.o
 .debug_loc     0x0000024e       0x1e src/ASF/common/utils/interrupt/interrupt_sam_nvic.o
 .debug_loc     0x0000026c       0xc5 src/ASF/common/utils/stdio/read.o
 .debug_loc     0x00000331      0x161 src/ASF/common/utils/stdio/write.o
 .debug_loc     0x00000492       0x20 src/ASF/sam/boards/samg53_xplained_pro/board_init.o
 .debug_loc     0x000004b2      0xa7c src/ASF/sam/drivers/pmc/pmc.o
 .debug_loc     0x00000f2e      0x8f6 src/ASF/sam/drivers/twi/twi.o
 .debug_loc     0x00001824      0x30b src/ASF/sam/drivers/uart/uart.o
 .debug_loc     0x00001b2f      0xdcb src/ASF/sam/drivers/usart/usart.o
 .debug_loc     0x000028fa       0x7e src/ASF/sam/utils/cmsis/samg/samg53/source/templates/gcc/startup_samg53.o
 .debug_loc     0x00002978      0x12b src/ASF/sam/utils/syscalls/gcc/syscalls.o
 .debug_loc     0x00002aa3      0x21b src/main.o

.debug_aranges  0x00000000      0x7a8
 .debug_aranges
                0x00000000       0x38 src/Libc/my_io.o
 .debug_aranges
                0x00000038       0x60 src/Libc/my_twi.o
 .debug_aranges
                0x00000098       0x30 src/ASF/common/services/clock/samg/sysclk.o
 .debug_aranges
                0x000000c8       0x20 src/ASF/common/services/delay/sam/cycle_counter.o
 .debug_aranges
                0x000000e8       0x28 src/ASF/common/utils/interrupt/interrupt_sam_nvic.o
 .debug_aranges
                0x00000110       0x20 src/ASF/common/utils/stdio/read.o
 .debug_aranges
                0x00000130       0x20 src/ASF/common/utils/stdio/write.o
 .debug_aranges
                0x00000150       0x20 src/ASF/sam/boards/samg53_xplained_pro/board_init.o
 .debug_aranges
                0x00000170      0x1c8 src/ASF/sam/drivers/pmc/pmc.o
 .debug_aranges
                0x00000338       0xd0 src/ASF/sam/drivers/twi/twi.o
 .debug_aranges
                0x00000408       0xe8 src/ASF/sam/drivers/uart/uart.o
 .debug_aranges
                0x000004f0      0x1b0 src/ASF/sam/drivers/usart/usart.o
 .debug_aranges
                0x000006a0       0x20 src/ASF/sam/utils/cmsis/samg/samg53/source/templates/exceptions.o
 .debug_aranges
                0x000006c0       0x20 src/ASF/sam/utils/cmsis/samg/samg53/source/templates/gcc/startup_samg53.o
 .debug_aranges
                0x000006e0       0x30 src/ASF/sam/utils/cmsis/samg/samg53/source/templates/system_samg53.o
 .debug_aranges
                0x00000710       0x60 src/ASF/sam/utils/syscalls/gcc/syscalls.o
 .debug_aranges
                0x00000770       0x38 src/main.o

.debug_ranges   0x00000000      0x6c8
 .debug_ranges  0x00000000       0x40 src/Libc/my_io.o
 .debug_ranges  0x00000040       0x50 src/Libc/my_twi.o
 .debug_ranges  0x00000090       0x20 src/ASF/common/services/clock/samg/sysclk.o
 .debug_ranges  0x000000b0       0x10 src/ASF/common/services/delay/sam/cycle_counter.o
 .debug_ranges  0x000000c0       0x18 src/ASF/common/utils/interrupt/interrupt_sam_nvic.o
 .debug_ranges  0x000000d8       0x10 src/ASF/common/utils/stdio/read.o
 .debug_ranges  0x000000e8       0x10 src/ASF/common/utils/stdio/write.o
 .debug_ranges  0x000000f8       0x10 src/ASF/sam/boards/samg53_xplained_pro/board_init.o
 .debug_ranges  0x00000108      0x1b8 src/ASF/sam/drivers/pmc/pmc.o
 .debug_ranges  0x000002c0       0xc0 src/ASF/sam/drivers/twi/twi.o
 .debug_ranges  0x00000380       0xd8 src/ASF/sam/drivers/uart/uart.o
 .debug_ranges  0x00000458      0x1b8 src/ASF/sam/drivers/usart/usart.o
 .debug_ranges  0x00000610       0x10 src/ASF/sam/utils/cmsis/samg/samg53/source/templates/exceptions.o
 .debug_ranges  0x00000620       0x10 src/ASF/sam/utils/cmsis/samg/samg53/source/templates/gcc/startup_samg53.o
 .debug_ranges  0x00000630       0x20 src/ASF/sam/utils/cmsis/samg/samg53/source/templates/system_samg53.o
 .debug_ranges  0x00000650       0x50 src/ASF/sam/utils/syscalls/gcc/syscalls.o
 .debug_ranges  0x000006a0       0x28 src/main.o

.debug_macro    0x00000000    0x10465
 .debug_macro   0x00000000      0x4c9 src/Libc/my_io.o
 .debug_macro   0x000004c9      0x886 src/Libc/my_io.o
 .debug_macro   0x00000d4f      0x3b9 src/Libc/my_io.o
 .debug_macro   0x00001108      0x166 src/Libc/my_io.o
 .debug_macro   0x0000126e       0x76 src/Libc/my_io.o
 .debug_macro   0x000012e4       0x16 src/Libc/my_io.o
 .debug_macro   0x000012fa      0x6e1 src/Libc/my_io.o
 .debug_macro   0x000019db       0x16 src/Libc/my_io.o
 .debug_macro   0x000019f1       0x44 src/Libc/my_io.o
 .debug_macro   0x00001a35      0x209 src/Libc/my_io.o
 .debug_macro   0x00001c3e       0x27 src/Libc/my_io.o
 .debug_macro   0x00001c65       0x3b src/Libc/my_io.o
 .debug_macro   0x00001ca0       0x18 src/Libc/my_io.o
 .debug_macro   0x00001cb8       0x42 src/Libc/my_io.o
 .debug_macro   0x00001cfa      0xc91 src/Libc/my_io.o
 .debug_macro   0x0000298b      0x626 src/Libc/my_io.o
 .debug_macro   0x00002fb1      0x196 src/Libc/my_io.o
 .debug_macro   0x00003147      0x106 src/Libc/my_io.o
 .debug_macro   0x0000324d       0x1c src/Libc/my_io.o
 .debug_macro   0x00003269      0x3bc src/Libc/my_io.o
 .debug_macro   0x00003625      0x1e5 src/Libc/my_io.o
 .debug_macro   0x0000380a      0x15c src/Libc/my_io.o
 .debug_macro   0x00003966       0xee src/Libc/my_io.o
 .debug_macro   0x00003a54      0x1fd src/Libc/my_io.o
 .debug_macro   0x00003c51     0x25e3 src/Libc/my_io.o
 .debug_macro   0x00006234      0x8e1 src/Libc/my_io.o
 .debug_macro   0x00006b15       0x9a src/Libc/my_io.o
 .debug_macro   0x00006baf      0x34b src/Libc/my_io.o
 .debug_macro   0x00006efa       0x64 src/Libc/my_io.o
 .debug_macro   0x00006f5e      0x3bb src/Libc/my_io.o
 .debug_macro   0x00007319      0x69b src/Libc/my_io.o
 .debug_macro   0x000079b4      0x5d3 src/Libc/my_io.o
 .debug_macro   0x00007f87      0x3d2 src/Libc/my_io.o
 .debug_macro   0x00008359      0x62f src/Libc/my_io.o
 .debug_macro   0x00008988      0x349 src/Libc/my_io.o
 .debug_macro   0x00008cd1      0x5a0 src/Libc/my_io.o
 .debug_macro   0x00009271       0x76 src/Libc/my_io.o
 .debug_macro   0x000092e7       0x82 src/Libc/my_io.o
 .debug_macro   0x00009369       0x82 src/Libc/my_io.o
 .debug_macro   0x000093eb       0x88 src/Libc/my_io.o
 .debug_macro   0x00009473      0x112 src/Libc/my_io.o
 .debug_macro   0x00009585       0xe8 src/Libc/my_io.o
 .debug_macro   0x0000966d       0xac src/Libc/my_io.o
 .debug_macro   0x00009719       0x94 src/Libc/my_io.o
 .debug_macro   0x000097ad       0xa6 src/Libc/my_io.o
 .debug_macro   0x00009853       0x6a src/Libc/my_io.o
 .debug_macro   0x000098bd       0x70 src/Libc/my_io.o
 .debug_macro   0x0000992d       0x70 src/Libc/my_io.o
 .debug_macro   0x0000999d       0xa0 src/Libc/my_io.o
 .debug_macro   0x00009a3d       0x94 src/Libc/my_io.o
 .debug_macro   0x00009ad1       0x40 src/Libc/my_io.o
 .debug_macro   0x00009b11       0xa6 src/Libc/my_io.o
 .debug_macro   0x00009bb7       0x88 src/Libc/my_io.o
 .debug_macro   0x00009c3f       0x16 src/Libc/my_io.o
 .debug_macro   0x00009c55       0x88 src/Libc/my_io.o
 .debug_macro   0x00009cdd       0x22 src/Libc/my_io.o
 .debug_macro   0x00009cff      0x12a src/Libc/my_io.o
 .debug_macro   0x00009e29      0x12a src/Libc/my_io.o
 .debug_macro   0x00009f53       0x1c src/Libc/my_io.o
 .debug_macro   0x00009f6f       0x2e src/Libc/my_io.o
 .debug_macro   0x00009f9d       0x22 src/Libc/my_io.o
 .debug_macro   0x00009fbf       0x1c src/Libc/my_io.o
 .debug_macro   0x00009fdb       0x52 src/Libc/my_io.o
 .debug_macro   0x0000a02d       0x10 src/Libc/my_io.o
 .debug_macro   0x0000a03d      0x1f5 src/Libc/my_io.o
 .debug_macro   0x0000a232      0x391 src/Libc/my_io.o
 .debug_macro   0x0000a5c3       0xeb src/Libc/my_io.o
 .debug_macro   0x0000a6ae       0x58 src/Libc/my_io.o
 .debug_macro   0x0000a706       0x35 src/Libc/my_io.o
 .debug_macro   0x0000a73b       0xa3 src/Libc/my_io.o
 .debug_macro   0x0000a7de       0x16 src/Libc/my_io.o
 .debug_macro   0x0000a7f4       0x35 src/Libc/my_io.o
 .debug_macro   0x0000a829       0x10 src/Libc/my_io.o
 .debug_macro   0x0000a839       0x52 src/Libc/my_io.o
 .debug_macro   0x0000a88b       0x16 src/Libc/my_io.o
 .debug_macro   0x0000a8a1       0x43 src/Libc/my_io.o
 .debug_macro   0x0000a8e4      0x180 src/Libc/my_io.o
 .debug_macro   0x0000aa64       0x10 src/Libc/my_io.o
 .debug_macro   0x0000aa74       0x22 src/Libc/my_io.o
 .debug_macro   0x0000aa96       0xbd src/Libc/my_io.o
 .debug_macro   0x0000ab53       0x16 src/Libc/my_io.o
 .debug_macro   0x0000ab69      0x16c src/Libc/my_io.o
 .debug_macro   0x0000acd5       0x22 src/Libc/my_io.o
 .debug_macro   0x0000acf7       0x16 src/Libc/my_io.o
 .debug_macro   0x0000ad0d       0x16 src/Libc/my_io.o
 .debug_macro   0x0000ad23       0x29 src/Libc/my_io.o
 .debug_macro   0x0000ad4c       0x66 src/Libc/my_io.o
 .debug_macro   0x0000adb2       0x3f src/Libc/my_io.o
 .debug_macro   0x0000adf1      0x3c3 src/Libc/my_io.o
 .debug_macro   0x0000b1b4       0x28 src/Libc/my_io.o
 .debug_macro   0x0000b1dc      0x20d src/Libc/my_io.o
 .debug_macro   0x0000b3e9       0x22 src/Libc/my_io.o
 .debug_macro   0x0000b40b      0x684 src/Libc/my_io.o
 .debug_macro   0x0000ba8f       0x58 src/Libc/my_io.o
 .debug_macro   0x0000bae7       0x64 src/Libc/my_io.o
 .debug_macro   0x0000bb4b       0x3a src/Libc/my_io.o
 .debug_macro   0x0000bb85       0x7b src/Libc/my_io.o
 .debug_macro   0x0000bc00       0x82 src/Libc/my_io.o
 .debug_macro   0x0000bc82       0x28 src/Libc/my_io.o
 .debug_macro   0x0000bcaa       0x22 src/Libc/my_io.o
 .debug_macro   0x0000bccc       0x1c src/Libc/my_io.o
 .debug_macro   0x0000bce8      0x4a6 src/Libc/my_twi.o
 .debug_macro   0x0000c18e       0x3a src/Libc/my_twi.o
 .debug_macro   0x0000c1c8       0x4c src/Libc/my_twi.o
 .debug_macro   0x0000c214      0x48e src/ASF/common/services/clock/samg/sysclk.o
 .debug_macro   0x0000c6a2      0x207 src/ASF/common/services/clock/samg/sysclk.o
 .debug_macro   0x0000c8a9      0x41e src/ASF/common/services/delay/sam/cycle_counter.o
 .debug_macro   0x0000ccc7       0x22 src/ASF/common/services/delay/sam/cycle_counter.o
 .debug_macro   0x0000cce9      0x40f src/ASF/common/utils/interrupt/interrupt_sam_nvic.o
 .debug_macro   0x0000d0f8      0x40f src/ASF/common/utils/stdio/read.o
 .debug_macro   0x0000d507      0x40f src/ASF/common/utils/stdio/write.o
 .debug_macro   0x0000d916      0x4ae src/ASF/sam/boards/samg53_xplained_pro/board_init.o
 .debug_macro   0x0000ddc4      0x424 src/ASF/sam/drivers/pmc/pmc.o
 .debug_macro   0x0000e1e8       0x52 src/ASF/sam/drivers/pmc/pmc.o
 .debug_macro   0x0000e23a      0x442 src/ASF/sam/drivers/twi/twi.o
 .debug_macro   0x0000e67c      0x42b src/ASF/sam/drivers/uart/uart.o
 .debug_macro   0x0000eaa7      0x454 src/ASF/sam/drivers/usart/usart.o
 .debug_macro   0x0000eefb       0x28 src/ASF/sam/drivers/usart/usart.o
 .debug_macro   0x0000ef23      0x29c src/ASF/sam/utils/cmsis/samg/samg53/source/templates/exceptions.o
 .debug_macro   0x0000f1bf      0x436 src/ASF/sam/utils/cmsis/samg/samg53/source/templates/gcc/startup_samg53.o
 .debug_macro   0x0000f5f5       0x10 src/ASF/sam/utils/cmsis/samg/samg53/source/templates/gcc/startup_samg53.o
 .debug_macro   0x0000f605      0x2a2 src/ASF/sam/utils/cmsis/samg/samg53/source/templates/system_samg53.o
 .debug_macro   0x0000f8a7       0x2d src/ASF/sam/utils/cmsis/samg/samg53/source/templates/system_samg53.o
 .debug_macro   0x0000f8d4      0x129 src/ASF/sam/utils/syscalls/gcc/syscalls.o
 .debug_macro   0x0000f9fd       0x97 src/ASF/sam/utils/syscalls/gcc/syscalls.o
 .debug_macro   0x0000fa94       0xef src/ASF/sam/utils/syscalls/gcc/syscalls.o
 .debug_macro   0x0000fb83       0x4a src/ASF/sam/utils/syscalls/gcc/syscalls.o
 .debug_macro   0x0000fbcd       0x52 src/ASF/sam/utils/syscalls/gcc/syscalls.o
 .debug_macro   0x0000fc1f       0x16 src/ASF/sam/utils/syscalls/gcc/syscalls.o
 .debug_macro   0x0000fc35       0x10 src/ASF/sam/utils/syscalls/gcc/syscalls.o
 .debug_macro   0x0000fc45       0x41 src/ASF/sam/utils/syscalls/gcc/syscalls.o
 .debug_macro   0x0000fc86      0x120 src/ASF/sam/utils/syscalls/gcc/syscalls.o
 .debug_macro   0x0000fda6      0x557 src/main.o
 .debug_macro   0x000102fd       0x16 src/main.o
 .debug_macro   0x00010313       0x88 src/main.o
 .debug_macro   0x0001039b       0x16 src/main.o
 .debug_macro   0x000103b1       0x22 src/main.o
 .debug_macro   0x000103d3       0x52 src/main.o
 .debug_macro   0x00010425       0x40 src/main.o

.debug_line     0x00000000     0xb70e
 .debug_line    0x00000000      0xc3e src/Libc/my_io.o
 .debug_line    0x00000c3e      0xbf1 src/Libc/my_twi.o
 .debug_line    0x0000182f      0xb16 src/ASF/common/services/clock/samg/sysclk.o
 .debug_line    0x00002345      0x9d6 src/ASF/common/services/delay/sam/cycle_counter.o
 .debug_line    0x00002d1b      0x9e8 src/ASF/common/utils/interrupt/interrupt_sam_nvic.o
 .debug_line    0x00003703      0x9cf src/ASF/common/utils/stdio/read.o
 .debug_line    0x000040d2      0x9c5 src/ASF/common/utils/stdio/write.o
 .debug_line    0x00004a97      0xb92 src/ASF/sam/boards/samg53_xplained_pro/board_init.o
 .debug_line    0x00005629      0xe88 src/ASF/sam/drivers/pmc/pmc.o
 .debug_line    0x000064b1      0xc22 src/ASF/sam/drivers/twi/twi.o
 .debug_line    0x000070d3      0xb8d src/ASF/sam/drivers/uart/uart.o
 .debug_line    0x00007c60      0xe64 src/ASF/sam/drivers/usart/usart.o
 .debug_line    0x00008ac4      0x7c7 src/ASF/sam/utils/cmsis/samg/samg53/source/templates/exceptions.o
 .debug_line    0x0000928b      0xa5f src/ASF/sam/utils/cmsis/samg/samg53/source/templates/gcc/startup_samg53.o
 .debug_line    0x00009cea      0x807 src/ASF/sam/utils/cmsis/samg/samg53/source/templates/system_samg53.o
 .debug_line    0x0000a4f1      0x39b src/ASF/sam/utils/syscalls/gcc/syscalls.o
 .debug_line    0x0000a88c      0xe82 src/main.o

.debug_str      0x00000000    0x40d16
 .debug_str     0x00000000    0x3d719 src/Libc/my_io.o
                              0x3da86 (size before relaxing)
 .debug_str     0x0003d719      0x7a2 src/Libc/my_twi.o
                              0x3d956 (size before relaxing)
 .debug_str     0x0003debb      0x25d src/ASF/common/services/clock/samg/sysclk.o
                              0x3d407 (size before relaxing)
 .debug_str     0x0003e118       0x35 src/ASF/common/services/delay/sam/cycle_counter.o
                              0x3a5c9 (size before relaxing)
 .debug_str     0x0003e14d       0x94 src/ASF/common/utils/interrupt/interrupt_sam_nvic.o
                              0x3a4a9 (size before relaxing)
 .debug_str     0x0003e1e1       0x3f src/ASF/common/utils/stdio/read.o
                              0x3a458 (size before relaxing)
 .debug_str     0x0003e220       0x2e src/ASF/common/utils/stdio/write.o
                              0x3a45a (size before relaxing)
 .debug_str     0x0003e24e      0x238 src/ASF/sam/boards/samg53_xplained_pro/board_init.o
                              0x3d94c (size before relaxing)
 .debug_str     0x0003e486      0x5f1 src/ASF/sam/drivers/pmc/pmc.o
                              0x3ae05 (size before relaxing)
 .debug_str     0x0003ea77      0x3aa src/ASF/sam/drivers/twi/twi.o
                              0x3a9ba (size before relaxing)
 .debug_str     0x0003ee21      0x379 src/ASF/sam/drivers/uart/uart.o
                              0x3a850 (size before relaxing)
 .debug_str     0x0003f19a      0x7fd src/ASF/sam/drivers/usart/usart.o
                              0x3acf7 (size before relaxing)
 .debug_str     0x0003f997       0x6a src/ASF/sam/utils/cmsis/samg/samg53/source/templates/exceptions.o
                              0x2e944 (size before relaxing)
 .debug_str     0x0003fa01      0x1b3 src/ASF/sam/utils/cmsis/samg/samg53/source/templates/gcc/startup_samg53.o
                              0x3a684 (size before relaxing)
 .debug_str     0x0003fbb4      0x17f src/ASF/sam/utils/cmsis/samg/samg53/source/templates/system_samg53.o
                              0x2ebf2 (size before relaxing)
 .debug_str     0x0003fd33      0x748 src/ASF/sam/utils/syscalls/gcc/syscalls.o
                               0x4f5b (size before relaxing)
 .debug_str     0x0004047b      0x89b src/main.o
                              0x3e54d (size before relaxing)

.debug_frame    0x00000000     0x1a08
 .debug_frame   0x00000000       0x64 src/Libc/my_io.o
 .debug_frame   0x00000064       0xd8 src/Libc/my_twi.o
 .debug_frame   0x0000013c       0x58 src/ASF/common/services/clock/samg/sysclk.o
 .debug_frame   0x00000194       0x20 src/ASF/common/services/delay/sam/cycle_counter.o
 .debug_frame   0x000001b4       0x30 src/ASF/common/utils/interrupt/interrupt_sam_nvic.o
 .debug_frame   0x000001e4       0x30 src/ASF/common/utils/stdio/read.o
 .debug_frame   0x00000214       0x30 src/ASF/common/utils/stdio/write.o
 .debug_frame   0x00000244       0x28 src/ASF/sam/boards/samg53_xplained_pro/board_init.o
 .debug_frame   0x0000026c      0x398 src/ASF/sam/drivers/pmc/pmc.o
 .debug_frame   0x00000604      0x1bc src/ASF/sam/drivers/twi/twi.o
 .debug_frame   0x000007c0      0x1b8 src/ASF/sam/drivers/uart/uart.o
 .debug_frame   0x00000978      0x3b8 src/ASF/sam/drivers/usart/usart.o
 .debug_frame   0x00000d30       0x20 src/ASF/sam/utils/cmsis/samg/samg53/source/templates/exceptions.o
 .debug_frame   0x00000d50       0x28 src/ASF/sam/utils/cmsis/samg/samg53/source/templates/gcc/startup_samg53.o
 .debug_frame   0x00000d78       0x40 src/ASF/sam/utils/cmsis/samg/samg53/source/templates/system_samg53.o
 .debug_frame   0x00000db8       0xa8 src/ASF/sam/utils/syscalls/gcc/syscalls.o
 .debug_frame   0x00000e60       0x8c src/main.o
 .debug_frame   0x00000eec       0x50 c:/program files (x86)/atmel/atmel toolchain/arm gcc/native/4.8.1437/arm-gnu-toolchain/bin/../lib/gcc/arm-none-eabi/4.8.4/armv7e-m\libgcc.a(bpabi.o)
 .debug_frame   0x00000f3c       0x34 c:/program files (x86)/atmel/atmel toolchain/arm gcc/native/4.8.1437/arm-gnu-toolchain/bin/../lib/gcc/arm-none-eabi/4.8.4/armv7e-m\libgcc.a(_divdi3.o)
 .debug_frame   0x00000f70       0x34 c:/program files (x86)/atmel/atmel toolchain/arm gcc/native/4.8.1437/arm-gnu-toolchain/bin/../lib/gcc/arm-none-eabi/4.8.4/armv7e-m\libgcc.a(_udivdi3.o)
 .debug_frame   0x00000fa4       0x2c c:/program files (x86)/atmel/atmel toolchain/arm gcc/native/4.8.1437/arm-gnu-toolchain/bin/../lib/gcc/arm-none-eabi/4.8.4/../../../../arm-none-eabi/lib/armv7e-m\libc.a(lib_a-init.o)
 .debug_frame   0x00000fd0       0x58 c:/program files (x86)/atmel/atmel toolchain/arm gcc/native/4.8.1437/arm-gnu-toolchain/bin/../lib/gcc/arm-none-eabi/4.8.4/../../../../arm-none-eabi/lib/armv7e-m\libc.a(lib_a-iprintf.o)
 .debug_frame   0x00001028       0x2c c:/program files (x86)/atmel/atmel toolchain/arm gcc/native/4.8.1437/arm-gnu-toolchain/bin/../lib/gcc/arm-none-eabi/4.8.4/../../../../arm-none-eabi/lib/armv7e-m\libc.a(lib_a-memset.o)
 .debug_frame   0x00001054       0x20 c:/program files (x86)/atmel/atmel toolchain/arm gcc/native/4.8.1437/arm-gnu-toolchain/bin/../lib/gcc/arm-none-eabi/4.8.4/../../../../arm-none-eabi/lib/armv7e-m\libc.a(lib_a-setbuf.o)
 .debug_frame   0x00001074       0x30 c:/program files (x86)/atmel/atmel toolchain/arm gcc/native/4.8.1437/arm-gnu-toolchain/bin/../lib/gcc/arm-none-eabi/4.8.4/../../../../arm-none-eabi/lib/armv7e-m\libc.a(lib_a-setvbuf.o)
 .debug_frame   0x000010a4       0xb8 c:/program files (x86)/atmel/atmel toolchain/arm gcc/native/4.8.1437/arm-gnu-toolchain/bin/../lib/gcc/arm-none-eabi/4.8.4/../../../../arm-none-eabi/lib/armv7e-m\libc.a(lib_a-vfiprintf.o)
 .debug_frame   0x0000115c       0x2c c:/program files (x86)/atmel/atmel toolchain/arm gcc/native/4.8.1437/arm-gnu-toolchain/bin/../lib/gcc/arm-none-eabi/4.8.4/../../../../arm-none-eabi/lib/armv7e-m\libc.a(lib_a-wsetup.o)
 .debug_frame   0x00001188       0x48 c:/program files (x86)/atmel/atmel toolchain/arm gcc/native/4.8.1437/arm-gnu-toolchain/bin/../lib/gcc/arm-none-eabi/4.8.4/../../../../arm-none-eabi/lib/armv7e-m\libc.a(lib_a-__call_atexit.o)
 .debug_frame   0x000011d0       0x20 c:/program files (x86)/atmel/atmel toolchain/arm gcc/native/4.8.1437/arm-gnu-toolchain/bin/../lib/gcc/arm-none-eabi/4.8.4/../../../../arm-none-eabi/lib/armv7e-m\libc.a(lib_a-atexit.o)
 .debug_frame   0x000011f0       0x5c c:/program files (x86)/atmel/atmel toolchain/arm gcc/native/4.8.1437/arm-gnu-toolchain/bin/../lib/gcc/arm-none-eabi/4.8.4/../../../../arm-none-eabi/lib/armv7e-m\libc.a(lib_a-fflush.o)
 .debug_frame   0x0000124c      0x110 c:/program files (x86)/atmel/atmel toolchain/arm gcc/native/4.8.1437/arm-gnu-toolchain/bin/../lib/gcc/arm-none-eabi/4.8.4/../../../../arm-none-eabi/lib/armv7e-m\libc.a(lib_a-findfp.o)
 .debug_frame   0x0000135c       0x2c c:/program files (x86)/atmel/atmel toolchain/arm gcc/native/4.8.1437/arm-gnu-toolchain/bin/../lib/gcc/arm-none-eabi/4.8.4/../../../../arm-none-eabi/lib/armv7e-m\libc.a(lib_a-fini.o)
 .debug_frame   0x00001388       0x50 c:/program files (x86)/atmel/atmel toolchain/arm gcc/native/4.8.1437/arm-gnu-toolchain/bin/../lib/gcc/arm-none-eabi/4.8.4/../../../../arm-none-eabi/lib/armv7e-m\libc.a(lib_a-fputwc.o)
 .debug_frame   0x000013d8       0x50 c:/program files (x86)/atmel/atmel toolchain/arm gcc/native/4.8.1437/arm-gnu-toolchain/bin/../lib/gcc/arm-none-eabi/4.8.4/../../../../arm-none-eabi/lib/armv7e-m\libc.a(lib_a-freer.o)
 .debug_frame   0x00001428       0x38 c:/program files (x86)/atmel/atmel toolchain/arm gcc/native/4.8.1437/arm-gnu-toolchain/bin/../lib/gcc/arm-none-eabi/4.8.4/../../../../arm-none-eabi/lib/armv7e-m\libc.a(lib_a-fvwrite.o)
 .debug_frame   0x00001460       0x54 c:/program files (x86)/atmel/atmel toolchain/arm gcc/native/4.8.1437/arm-gnu-toolchain/bin/../lib/gcc/arm-none-eabi/4.8.4/../../../../arm-none-eabi/lib/armv7e-m\libc.a(lib_a-fwalk.o)
 .debug_frame   0x000014b4       0x98 c:/program files (x86)/atmel/atmel toolchain/arm gcc/native/4.8.1437/arm-gnu-toolchain/bin/../lib/gcc/arm-none-eabi/4.8.4/../../../../arm-none-eabi/lib/armv7e-m\libc.a(lib_a-locale.o)
 .debug_frame   0x0000154c       0x30 c:/program files (x86)/atmel/atmel toolchain/arm gcc/native/4.8.1437/arm-gnu-toolchain/bin/../lib/gcc/arm-none-eabi/4.8.4/../../../../arm-none-eabi/lib/armv7e-m\libc.a(lib_a-makebuf.o)
 .debug_frame   0x0000157c       0x30 c:/program files (x86)/atmel/atmel toolchain/arm gcc/native/4.8.1437/arm-gnu-toolchain/bin/../lib/gcc/arm-none-eabi/4.8.4/../../../../arm-none-eabi/lib/armv7e-m\libc.a(lib_a-malloc.o)
 .debug_frame   0x000015ac       0x38 c:/program files (x86)/atmel/atmel toolchain/arm gcc/native/4.8.1437/arm-gnu-toolchain/bin/../lib/gcc/arm-none-eabi/4.8.4/../../../../arm-none-eabi/lib/armv7e-m\libc.a(lib_a-mallocr.o)
 .debug_frame   0x000015e4       0x2c c:/program files (x86)/atmel/atmel toolchain/arm gcc/native/4.8.1437/arm-gnu-toolchain/bin/../lib/gcc/arm-none-eabi/4.8.4/../../../../arm-none-eabi/lib/armv7e-m\libc.a(lib_a-memchr-stub.o)
 .debug_frame   0x00001610       0x2c c:/program files (x86)/atmel/atmel toolchain/arm gcc/native/4.8.1437/arm-gnu-toolchain/bin/../lib/gcc/arm-none-eabi/4.8.4/../../../../arm-none-eabi/lib/armv7e-m\libc.a(lib_a-memmove.o)
 .debug_frame   0x0000163c       0x30 c:/program files (x86)/atmel/atmel toolchain/arm gcc/native/4.8.1437/arm-gnu-toolchain/bin/../lib/gcc/arm-none-eabi/4.8.4/../../../../arm-none-eabi/lib/armv7e-m\libc.a(lib_a-mlock.o)
 .debug_frame   0x0000166c       0x38 c:/program files (x86)/atmel/atmel toolchain/arm gcc/native/4.8.1437/arm-gnu-toolchain/bin/../lib/gcc/arm-none-eabi/4.8.4/../../../../arm-none-eabi/lib/armv7e-m\libc.a(lib_a-reallocr.o)
 .debug_frame   0x000016a4       0x2c c:/program files (x86)/atmel/atmel toolchain/arm gcc/native/4.8.1437/arm-gnu-toolchain/bin/../lib/gcc/arm-none-eabi/4.8.4/../../../../arm-none-eabi/lib/armv7e-m\libc.a(lib_a-sbrkr.o)
 .debug_frame   0x000016d0       0x80 c:/program files (x86)/atmel/atmel toolchain/arm gcc/native/4.8.1437/arm-gnu-toolchain/bin/../lib/gcc/arm-none-eabi/4.8.4/../../../../arm-none-eabi/lib/armv7e-m\libc.a(lib_a-stdio.o)
 .debug_frame   0x00001750       0x20 c:/program files (x86)/atmel/atmel toolchain/arm gcc/native/4.8.1437/arm-gnu-toolchain/bin/../lib/gcc/arm-none-eabi/4.8.4/../../../../arm-none-eabi/lib/armv7e-m\libc.a(lib_a-strlen.o)
 .debug_frame   0x00001770       0x40 c:/program files (x86)/atmel/atmel toolchain/arm gcc/native/4.8.1437/arm-gnu-toolchain/bin/../lib/gcc/arm-none-eabi/4.8.4/../../../../arm-none-eabi/lib/armv7e-m\libc.a(lib_a-wbuf.o)
 .debug_frame   0x000017b0       0x58 c:/program files (x86)/atmel/atmel toolchain/arm gcc/native/4.8.1437/arm-gnu-toolchain/bin/../lib/gcc/arm-none-eabi/4.8.4/../../../../arm-none-eabi/lib/armv7e-m\libc.a(lib_a-wcrtomb.o)
 .debug_frame   0x00001808       0x44 c:/program files (x86)/atmel/atmel toolchain/arm gcc/native/4.8.1437/arm-gnu-toolchain/bin/../lib/gcc/arm-none-eabi/4.8.4/../../../../arm-none-eabi/lib/armv7e-m\libc.a(lib_a-wctomb_r.o)
 .debug_frame   0x0000184c       0x2c c:/program files (x86)/atmel/atmel toolchain/arm gcc/native/4.8.1437/arm-gnu-toolchain/bin/../lib/gcc/arm-none-eabi/4.8.4/../../../../arm-none-eabi/lib/armv7e-m\libc.a(lib_a-writer.o)
 .debug_frame   0x00001878       0x30 c:/program files (x86)/atmel/atmel toolchain/arm gcc/native/4.8.1437/arm-gnu-toolchain/bin/../lib/gcc/arm-none-eabi/4.8.4/../../../../arm-none-eabi/lib/armv7e-m\libc.a(lib_a-__atexit.o)
 .debug_frame   0x000018a8       0x2c c:/program files (x86)/atmel/atmel toolchain/arm gcc/native/4.8.1437/arm-gnu-toolchain/bin/../lib/gcc/arm-none-eabi/4.8.4/../../../../arm-none-eabi/lib/armv7e-m\libc.a(lib_a-closer.o)
 .debug_frame   0x000018d4       0x3c c:/program files (x86)/atmel/atmel toolchain/arm gcc/native/4.8.1437/arm-gnu-toolchain/bin/../lib/gcc/arm-none-eabi/4.8.4/../../../../arm-none-eabi/lib/armv7e-m\libc.a(lib_a-fclose.o)
 .debug_frame   0x00001910       0x2c c:/program files (x86)/atmel/atmel toolchain/arm gcc/native/4.8.1437/arm-gnu-toolchain/bin/../lib/gcc/arm-none-eabi/4.8.4/../../../../arm-none-eabi/lib/armv7e-m\libc.a(lib_a-fstatr.o)
 .debug_frame   0x0000193c       0x2c c:/program files (x86)/atmel/atmel toolchain/arm gcc/native/4.8.1437/arm-gnu-toolchain/bin/../lib/gcc/arm-none-eabi/4.8.4/../../../../arm-none-eabi/lib/armv7e-m\libc.a(lib_a-isattyr.o)
 .debug_frame   0x00001968       0x2c c:/program files (x86)/atmel/atmel toolchain/arm gcc/native/4.8.1437/arm-gnu-toolchain/bin/../lib/gcc/arm-none-eabi/4.8.4/../../../../arm-none-eabi/lib/armv7e-m\libc.a(lib_a-lseekr.o)
 .debug_frame   0x00001994       0x2c c:/program files (x86)/atmel/atmel toolchain/arm gcc/native/4.8.1437/arm-gnu-toolchain/bin/../lib/gcc/arm-none-eabi/4.8.4/../../../../arm-none-eabi/lib/armv7e-m\libc.a(lib_a-readr.o)
 .debug_frame   0x000019c0       0x48 c:/program files (x86)/atmel/atmel toolchain/arm gcc/native/4.8.1437/arm-gnu-toolchain/bin/../lib/gcc/arm-none-eabi/4.8.4/../../../../arm-none-eabi/lib/armv7e-m\libc.a(lib_a-reent.o)

Cross Reference Table

Symbol                                            File
ADC_Handler                                       src/ASF/sam/utils/cmsis/samg/samg53/source/templates/exceptions.o
                                                  src/ASF/sam/utils/cmsis/samg/samg53/source/templates/gcc/startup_samg53.o
ADDRESS                                           src/main.o
                                                  src/Libc/my_twi.o
ARM_Handler                                       src/ASF/sam/utils/cmsis/samg/samg53/source/templates/exceptions.o
                                                  src/ASF/sam/utils/cmsis/samg/samg53/source/templates/gcc/startup_samg53.o
BusFault_Handler                                  src/ASF/sam/utils/cmsis/samg/samg53/source/templates/exceptions.o
                                                  src/ASF/sam/utils/cmsis/samg/samg53/source/templates/gcc/startup_samg53.o
COMANDO                                           src/main.o
                                                  src/Libc/my_twi.o
Compara_pacote_buffer                             src/Libc/my_twi.o
                                                  src/main.o
Conf_Botao                                        src/Libc/my_io.o
                                                  src/main.o
Conf_LED                                          src/Libc/my_io.o
                                                  src/main.o
Conf_Pacote_Dados_rx                              src/Libc/my_twi.o
                                                  src/main.o
Conf_Pacote_Dados_tx                              src/Libc/my_twi.o
                                                  src/main.o
Conf_Pinos_UART                                   src/Libc/my_io.o
                                                  src/main.o
Conf_TWI                                          src/Libc/my_twi.o
                                                  src/main.o
DebugMon_Handler                                  src/ASF/sam/utils/cmsis/samg/samg53/source/templates/exceptions.o
                                                  src/ASF/sam/utils/cmsis/samg/samg53/source/templates/gcc/startup_samg53.o
Dummy_Handler                                     src/ASF/sam/utils/cmsis/samg/samg53/source/templates/exceptions.o
                                                  src/ASF/sam/utils/cmsis/samg/samg53/source/templates/gcc/startup_samg53.o
EFC_Handler                                       src/ASF/sam/utils/cmsis/samg/samg53/source/templates/exceptions.o
                                                  src/ASF/sam/utils/cmsis/samg/samg53/source/templates/gcc/startup_samg53.o
Escreve_pacote                                    src/Libc/my_twi.o
                                                  src/main.o
HardFault_Handler                                 src/ASF/sam/utils/cmsis/samg/samg53/source/templates/exceptions.o
                                                  src/ASF/sam/utils/cmsis/samg/samg53/source/templates/gcc/startup_samg53.o
I2SC0_Handler                                     src/ASF/sam/utils/cmsis/samg/samg53/source/templates/exceptions.o
                                                  src/ASF/sam/utils/cmsis/samg/samg53/source/templates/gcc/startup_samg53.o
I2SC1_Handler                                     src/ASF/sam/utils/cmsis/samg/samg53/source/templates/exceptions.o
                                                  src/ASF/sam/utils/cmsis/samg/samg53/source/templates/gcc/startup_samg53.o
Inicia_TWI                                        src/Libc/my_twi.o
                                                  src/main.o
Inicia_UART                                       src/main.o
Le_pacote                                         src/Libc/my_twi.o
                                                  src/main.o
Limpa_buffer                                      src/Libc/my_twi.o
                                                  src/main.o
MEM2MEM_Handler                                   src/ASF/sam/utils/cmsis/samg/samg53/source/templates/exceptions.o
                                                  src/ASF/sam/utils/cmsis/samg/samg53/source/templates/gcc/startup_samg53.o
MemManage_Handler                                 src/ASF/sam/utils/cmsis/samg/samg53/source/templates/exceptions.o
                                                  src/ASF/sam/utils/cmsis/samg/samg53/source/templates/gcc/startup_samg53.o
NMI_Handler                                       src/ASF/sam/utils/cmsis/samg/samg53/source/templates/exceptions.o
                                                  src/ASF/sam/utils/cmsis/samg/samg53/source/templates/gcc/startup_samg53.o
PDMIC0_Handler                                    src/ASF/sam/utils/cmsis/samg/samg53/source/templates/exceptions.o
                                                  src/ASF/sam/utils/cmsis/samg/samg53/source/templates/gcc/startup_samg53.o
PDMIC1_Handler                                    src/ASF/sam/utils/cmsis/samg/samg53/source/templates/exceptions.o
                                                  src/ASF/sam/utils/cmsis/samg/samg53/source/templates/gcc/startup_samg53.o
PIOA_Handler                                      src/ASF/sam/utils/cmsis/samg/samg53/source/templates/exceptions.o
                                                  src/ASF/sam/utils/cmsis/samg/samg53/source/templates/gcc/startup_samg53.o
PIOB_Handler                                      src/ASF/sam/utils/cmsis/samg/samg53/source/templates/exceptions.o
                                                  src/ASF/sam/utils/cmsis/samg/samg53/source/templates/gcc/startup_samg53.o
PMC_Handler                                       src/ASF/sam/utils/cmsis/samg/samg53/source/templates/exceptions.o
                                                  src/ASF/sam/utils/cmsis/samg/samg53/source/templates/gcc/startup_samg53.o
PendSV_Handler                                    src/ASF/sam/utils/cmsis/samg/samg53/source/templates/exceptions.o
                                                  src/ASF/sam/utils/cmsis/samg/samg53/source/templates/gcc/startup_samg53.o
RSTC_Handler                                      src/ASF/sam/utils/cmsis/samg/samg53/source/templates/exceptions.o
                                                  src/ASF/sam/utils/cmsis/samg/samg53/source/templates/gcc/startup_samg53.o
RTC_Handler                                       src/ASF/sam/utils/cmsis/samg/samg53/source/templates/exceptions.o
                                                  src/ASF/sam/utils/cmsis/samg/samg53/source/templates/gcc/startup_samg53.o
RTT_Handler                                       src/ASF/sam/utils/cmsis/samg/samg53/source/templates/exceptions.o
                                                  src/ASF/sam/utils/cmsis/samg/samg53/source/templates/gcc/startup_samg53.o
Reset_Handler                                     src/ASF/sam/utils/cmsis/samg/samg53/source/templates/gcc/startup_samg53.o
SPI_Handler                                       src/ASF/sam/utils/cmsis/samg/samg53/source/templates/exceptions.o
                                                  src/ASF/sam/utils/cmsis/samg/samg53/source/templates/gcc/startup_samg53.o
SUPC_Handler                                      src/ASF/sam/utils/cmsis/samg/samg53/source/templates/exceptions.o
                                                  src/ASF/sam/utils/cmsis/samg/samg53/source/templates/gcc/startup_samg53.o
SVC_Handler                                       src/ASF/sam/utils/cmsis/samg/samg53/source/templates/exceptions.o
                                                  src/ASF/sam/utils/cmsis/samg/samg53/source/templates/gcc/startup_samg53.o
SysTick_Handler                                   src/Libc/my_twi.o
                                                  src/ASF/sam/utils/cmsis/samg/samg53/source/templates/gcc/startup_samg53.o
SystemCoreClock                                   src/ASF/sam/utils/cmsis/samg/samg53/source/templates/system_samg53.o
SystemCoreClockUpdate                             src/ASF/sam/utils/cmsis/samg/samg53/source/templates/system_samg53.o
                                                  src/ASF/common/services/clock/samg/sysclk.o
SystemInit                                        src/ASF/sam/utils/cmsis/samg/samg53/source/templates/system_samg53.o
                                                  src/main.o
TC0_Handler                                       src/ASF/sam/utils/cmsis/samg/samg53/source/templates/exceptions.o