Archive member included because of file (symbol)

c:/program files (x86)/atmel/atmel toolchain/arm gcc/native/4.7.1416/arm-gnu-toolchain/bin/../lib/gcc/arm-none-eabi/4.7.4/armv7e-m\libgcc.a(_aeabi_uldivmod.o)
                              src/twi_eeprom_example.o (__aeabi_uldivmod)
c:/program files (x86)/atmel/atmel toolchain/arm gcc/native/4.7.1416/arm-gnu-toolchain/bin/../lib/gcc/arm-none-eabi/4.7.4/armv7e-m\libgcc.a(bpabi.o)
                              c:/program files (x86)/atmel/atmel toolchain/arm gcc/native/4.7.1416/arm-gnu-toolchain/bin/../lib/gcc/arm-none-eabi/4.7.4/armv7e-m\libgcc.a(_aeabi_uldivmod.o) (__gnu_uldivmod_helper)
c:/program files (x86)/atmel/atmel toolchain/arm gcc/native/4.7.1416/arm-gnu-toolchain/bin/../lib/gcc/arm-none-eabi/4.7.4/armv7e-m\libgcc.a(_dvmd_tls.o)
                              c:/program files (x86)/atmel/atmel toolchain/arm gcc/native/4.7.1416/arm-gnu-toolchain/bin/../lib/gcc/arm-none-eabi/4.7.4/armv7e-m\libgcc.a(_aeabi_uldivmod.o) (__aeabi_ldiv0)
c:/program files (x86)/atmel/atmel toolchain/arm gcc/native/4.7.1416/arm-gnu-toolchain/bin/../lib/gcc/arm-none-eabi/4.7.4/armv7e-m\libgcc.a(_divdi3.o)
                              c:/program files (x86)/atmel/atmel toolchain/arm gcc/native/4.7.1416/arm-gnu-toolchain/bin/../lib/gcc/arm-none-eabi/4.7.4/armv7e-m\libgcc.a(bpabi.o) (__divdi3)
c:/program files (x86)/atmel/atmel toolchain/arm gcc/native/4.7.1416/arm-gnu-toolchain/bin/../lib/gcc/arm-none-eabi/4.7.4/armv7e-m\libgcc.a(_udivdi3.o)
                              c:/program files (x86)/atmel/atmel toolchain/arm gcc/native/4.7.1416/arm-gnu-toolchain/bin/../lib/gcc/arm-none-eabi/4.7.4/armv7e-m\libgcc.a(bpabi.o) (__udivdi3)
c:/program files (x86)/atmel/atmel toolchain/arm gcc/native/4.7.1416/arm-gnu-toolchain/bin/../lib/gcc/arm-none-eabi/4.7.4/../../../../arm-none-eabi/lib/armv7e-m\libc.a(lib_a-__atexit.o)
                              c:/program files (x86)/atmel/atmel toolchain/arm gcc/native/4.7.1416/arm-gnu-toolchain/bin/../lib/gcc/arm-none-eabi/4.7.4/../../../../arm-none-eabi/lib/armv7e-m/crt0.o (__register_exitproc)
c:/program files (x86)/atmel/atmel toolchain/arm gcc/native/4.7.1416/arm-gnu-toolchain/bin/../lib/gcc/arm-none-eabi/4.7.4/../../../../arm-none-eabi/lib/armv7e-m\libc.a(lib_a-exit.o)
                              c:/program files (x86)/atmel/atmel toolchain/arm gcc/native/4.7.1416/arm-gnu-toolchain/bin/../lib/gcc/arm-none-eabi/4.7.4/../../../../arm-none-eabi/lib/armv7e-m/crt0.o (exit)
c:/program files (x86)/atmel/atmel toolchain/arm gcc/native/4.7.1416/arm-gnu-toolchain/bin/../lib/gcc/arm-none-eabi/4.7.4/../../../../arm-none-eabi/lib/armv7e-m\libc.a(lib_a-fini.o)
                              c:/program files (x86)/atmel/atmel toolchain/arm gcc/native/4.7.1416/arm-gnu-toolchain/bin/../lib/gcc/arm-none-eabi/4.7.4/../../../../arm-none-eabi/lib/armv7e-m/crt0.o (__libc_fini_array)
c:/program files (x86)/atmel/atmel toolchain/arm gcc/native/4.7.1416/arm-gnu-toolchain/bin/../lib/gcc/arm-none-eabi/4.7.4/../../../../arm-none-eabi/lib/armv7e-m\libc.a(lib_a-impure.o)
                              c:/program files (x86)/atmel/atmel toolchain/arm gcc/native/4.7.1416/arm-gnu-toolchain/bin/../lib/gcc/arm-none-eabi/4.7.4/../../../../arm-none-eabi/lib/armv7e-m\libc.a(lib_a-__atexit.o) (_global_impure_ptr)
c:/program files (x86)/atmel/atmel toolchain/arm gcc/native/4.7.1416/arm-gnu-toolchain/bin/../lib/gcc/arm-none-eabi/4.7.4/../../../../arm-none-eabi/lib/armv7e-m\libc.a(lib_a-init.o)
                              c:/program files (x86)/atmel/atmel toolchain/arm gcc/native/4.7.1416/arm-gnu-toolchain/bin/../lib/gcc/arm-none-eabi/4.7.4/../../../../arm-none-eabi/lib/armv7e-m/crt0.o (__libc_init_array)
c:/program files (x86)/atmel/atmel toolchain/arm gcc/native/4.7.1416/arm-gnu-toolchain/bin/../lib/gcc/arm-none-eabi/4.7.4/../../../../arm-none-eabi/lib/armv7e-m\libc.a(lib_a-iprintf.o)
                              src/ASF/sam/utils/syscalls/gcc/syscalls.o (iprintf)
c:/program files (x86)/atmel/atmel toolchain/arm gcc/native/4.7.1416/arm-gnu-toolchain/bin/../lib/gcc/arm-none-eabi/4.7.4/../../../../arm-none-eabi/lib/armv7e-m\libc.a(lib_a-memset.o)
                              c:/program files (x86)/atmel/atmel toolchain/arm gcc/native/4.7.1416/arm-gnu-toolchain/bin/../lib/gcc/arm-none-eabi/4.7.4/../../../../arm-none-eabi/lib/armv7e-m/crt0.o (memset)
c:/program files (x86)/atmel/atmel toolchain/arm gcc/native/4.7.1416/arm-gnu-toolchain/bin/../lib/gcc/arm-none-eabi/4.7.4/../../../../arm-none-eabi/lib/armv7e-m\libc.a(lib_a-setbuf.o)
                              src/twi_eeprom_example.o (setbuf)
c:/program files (x86)/atmel/atmel toolchain/arm gcc/native/4.7.1416/arm-gnu-toolchain/bin/../lib/gcc/arm-none-eabi/4.7.4/../../../../arm-none-eabi/lib/armv7e-m\libc.a(lib_a-setvbuf.o)
[...]
Memory Configuration

Name             Origin             Length             Attributes
rom              0x00400000         0x00080000         xr
ram              0x20000000         0x00018000         xrw
*default*        0x00000000         0xffffffff

Linker script and memory map

LOAD c:/program files (x86)/atmel/atmel toolchain/arm gcc/native/4.7.1416/arm-gnu-toolchain/bin/../lib/gcc/arm-none-eabi/4.7.4/armv7e-m/crti.o
LOAD c:/program files (x86)/atmel/atmel toolchain/arm gcc/native/4.7.1416/arm-gnu-toolchain/bin/../lib/gcc/arm-none-eabi/4.7.4/armv7e-m/crtbegin.o
LOAD c:/program files (x86)/atmel/atmel toolchain/arm gcc/native/4.7.1416/arm-gnu-toolchain/bin/../lib/gcc/arm-none-eabi/4.7.4/../../../../arm-none-eabi/lib/armv7e-m/crt0.o
LOAD src/ASF/common/services/clock/samg/sysclk.o
LOAD src/ASF/common/services/delay/sam/cycle_counter.o
LOAD src/ASF/common/services/serial/usart_serial.o
LOAD src/ASF/common/utils/interrupt/interrupt_sam_nvic.o
LOAD src/ASF/common/utils/stdio/read.o
LOAD src/ASF/common/utils/stdio/write.o
LOAD src/ASF/sam/boards/samg53_xplained_pro/board_init.o
LOAD src/ASF/sam/drivers/pmc/pmc.o
LOAD src/ASF/sam/drivers/pmc/sleep.o
LOAD src/ASF/sam/drivers/twi/twi.o
LOAD src/ASF/sam/drivers/uart/uart.o
LOAD src/ASF/sam/drivers/usart/usart.o
LOAD src/ASF/sam/utils/cmsis/samg/samg53/source/templates/exceptions.o
LOAD src/ASF/sam/utils/cmsis/samg/samg53/source/templates/gcc/startup_samg53.o
LOAD src/ASF/sam/utils/cmsis/samg/samg53/source/templates/system_samg53.o
LOAD src/ASF/sam/utils/syscalls/gcc/syscalls.o
LOAD src/twi_eeprom_example.o
START GROUP
LOAD ../src/ASF/thirdparty/CMSIS/Lib/GCC\libarm_cortexM4lf_math.a
LOAD c:/program files (x86)/atmel/atmel toolchain/arm gcc/native/4.7.1416/arm-gnu-toolchain/bin/../lib/gcc/arm-none-eabi/4.7.4/../../../../arm-none-eabi/lib/armv7e-m\libm.a
END GROUP
START GROUP
LOAD c:/program files (x86)/atmel/atmel toolchain/arm gcc/native/4.7.1416/arm-gnu-toolchain/bin/../lib/gcc/arm-none-eabi/4.7.4/armv7e-m\libgcc.a
LOAD c:/program files (x86)/atmel/atmel toolchain/arm gcc/native/4.7.1416/arm-gnu-toolchain/bin/../lib/gcc/arm-none-eabi/4.7.4/../../../../arm-none-eabi/lib/armv7e-m\libc.a
END GROUP
LOAD c:/program files (x86)/atmel/atmel toolchain/arm gcc/native/4.7.1416/arm-gnu-toolchain/bin/../lib/gcc/arm-none-eabi/4.7.4/armv7e-m/crtend.o
LOAD c:/program files (x86)/atmel/atmel toolchain/arm gcc/native/4.7.1416/arm-gnu-toolchain/bin/../lib/gcc/arm-none-eabi/4.7.4/armv7e-m/crtn.o
                [0x00003000]                __stack_size__ = DEFINED (__stack_size__)?__stack_size__:0x3000
                0x20017ffc                __ram_end__ = ((ORIGIN (ram) + 0x18000) - 0x4)

.text           0x00400000     0x3bc0
                0x00400000                . = ALIGN (0x4)
                0x00400000                _sfixed = .
 *(.vectors .vectors.*)
 .vectors       0x00400000       0xfc src/ASF/sam/utils/cmsis/samg/samg53/source/templates/gcc/startup_samg53.o
                0x00400000                exception_table
 *(.text .text.* .gnu.linkonce.t.*)
 .text          0x004000fc       0xb0 c:/program files (x86)/atmel/atmel toolchain/arm gcc/native/4.7.1416/arm-gnu-toolchain/bin/../lib/gcc/arm-none-eabi/4.7.4/armv7e-m/crtbegin.o
 .text.sysclk_init
                0x004001ac       0x6c src/ASF/common/services/clock/samg/sysclk.o
                0x004001ac                sysclk_init
 .text._read    0x00400218       0x88 src/ASF/common/utils/stdio/read.o
                0x00400218                _read
 .text._write   0x004002a0       0xa0 src/ASF/common/utils/stdio/write.o
                0x004002a0                _write
 .text.system_board_init
                0x00400340       0xd4 src/ASF/sam/boards/samg53_xplained_pro/board_init.o
                0x00400340                board_init
                0x00400340                system_board_init
 .text.pmc_switch_mck_to_pllack
                0x00400414       0xa0 src/ASF/sam/drivers/pmc/pmc.o
                0x00400414                pmc_switch_mck_to_pllack
 .text.pmc_disable_pllack
                0x004004b4       0x10 src/ASF/sam/drivers/pmc/pmc.o
                0x004004b4                pmc_disable_pllack
 .text.pmc_is_locked_pllack
                0x004004c4       0x10 src/ASF/sam/drivers/pmc/pmc.o
                0x004004c4                pmc_is_locked_pllack
 .text.pmc_enable_periph_clk
                0x004004d4       0x4c src/ASF/sam/drivers/pmc/pmc.o
                0x004004d4                pmc_enable_periph_clk
 .text.twi_mk_addr
                0x00400520       0x24 src/ASF/sam/drivers/twi/twi.o
 .text.twi_enable_master_mode
                0x00400544       0x14 src/ASF/sam/drivers/twi/twi.o
                0x00400544                twi_enable_master_mode
 .text.twi_set_speed
                0x00400558       0xa0 src/ASF/sam/drivers/twi/twi.o
                0x00400558                twi_set_speed
 .text.twi_master_read
                0x004005f8       0xb8 src/ASF/sam/drivers/twi/twi.o
                0x004005f8                twi_master_read
 .text.twi_master_write
                0x004006b0       0xa0 src/ASF/sam/drivers/twi/twi.o
                0x004006b0                twi_master_write
 .text.twi_reset
                0x00400750        0xc src/ASF/sam/drivers/twi/twi.o
                0x00400750                twi_reset
 .text.twi_master_init
                0x0040075c       0x48 src/ASF/sam/drivers/twi/twi.o
                0x0040075c                twi_master_init
 .text.uart_init
                0x004007a4       0x44 src/ASF/sam/drivers/uart/uart.o
                0x004007a4                uart_init
 .text.uart_write
                0x004007e8       0x18 src/ASF/sam/drivers/uart/uart.o
                0x004007e8                uart_write
 .text.uart_read
                0x00400800       0x18 src/ASF/sam/drivers/uart/uart.o
                0x00400800                uart_read
 .text.usart_write
                0x00400818       0x20 src/ASF/sam/drivers/usart/usart.o
                0x00400818                usart_write
 .text.usart_read
                0x00400838       0x20 src/ASF/sam/drivers/usart/usart.o
                0x00400838                usart_read
 .text.Dummy_Handler
                0x00400858        0x4 src/ASF/sam/utils/cmsis/samg/samg53/source/templates/exceptions.o
                0x00400858                WKUP2_Handler
                0x00400858                DebugMon_Handler
                0x00400858                WKUP7_Handler
                0x00400858                WKUP10_Handler
                0x00400858                WKUP15_Handler
                0x00400858                HardFault_Handler
                0x00400858                TC2_Handler
                0x00400858                SPI_Handler
                0x00400858                TWI1_Handler
                0x00400858                PendSV_Handler
                0x00400858                NMI_Handler
                0x00400858                WKUP3_Handler
                0x00400858                ADC_Handler
                0x00400858                WKUP4_Handler
                0x00400858                WKUP6_Handler
                0x00400858                RTT_Handler
                0x00400858                PIOB_Handler
                0x00400858                RTC_Handler
                0x00400858                UsageFault_Handler
                0x00400858                PDMIC1_Handler
                0x00400858                WKUP13_Handler
                0x00400858                WDT_Handler
                0x00400858                WKUP12_Handler
                0x00400858                TC4_Handler
                0x00400858                TC1_Handler
                0x00400858                UART1_Handler
                0x00400858                WKUP14_Handler
                0x00400858                TC3_Handler
                0x00400858                ARM_Handler
                0x00400858                Dummy_Handler
                0x00400858                TWI0_Handler
                0x00400858                WKUP11_Handler
                0x00400858                TWI2_Handler
                0x00400858                PIOA_Handler
                0x00400858                MEM2MEM_Handler
                0x00400858                USART_Handler
                0x00400858                PMC_Handler
                0x00400858                WKUP1_Handler
                0x00400858                PDMIC0_Handler
                0x00400858                MemManage_Handler
                0x00400858                SUPC_Handler
                0x00400858                SVC_Handler
                0x00400858                EFC_Handler
                0x00400858                WKUP8_Handler
                0x00400858                I2SC0_Handler
                0x00400858                UART0_Handler
                0x00400858                I2SC1_Handler
                0x00400858                WKUP5_Handler
                0x00400858                BusFault_Handler
                0x00400858                RSTC_Handler
                0x00400858                TC0_Handler
                0x00400858                WKUP0_Handler
                0x00400858                TC5_Handler
                0x00400858                WKUP9_Handler
 .text.Reset_Handler
                0x0040085c      0x17c src/ASF/sam/utils/cmsis/samg/samg53/source/templates/gcc/startup_samg53.o
                0x0040085c                Reset_Handler
 .text.SystemInit
                0x004009d8       0x68 src/ASF/sam/utils/cmsis/samg/samg53/source/templates/system_samg53.o
                0x004009d8                SystemInit
 .text.SystemCoreClockUpdate
                0x00400a40      0x144 src/ASF/sam/utils/cmsis/samg/samg53/source/templates/system_samg53.o
                0x00400a40                SystemCoreClockUpdate
 .text.system_init_flash
                0x00400b84       0x60 src/ASF/sam/utils/cmsis/samg/samg53/source/templates/system_samg53.o
                0x00400b84                system_init_flash
 .text._sbrk    0x00400be4       0x4c src/ASF/sam/utils/syscalls/gcc/syscalls.o
                0x00400be4                _sbrk
 .text._close   0x00400c30        0x8 src/ASF/sam/utils/syscalls/gcc/syscalls.o
                0x00400c30                _close
 .text._fstat   0x00400c38        0xc src/ASF/sam/utils/syscalls/gcc/syscalls.o
                0x00400c38                _fstat
 .text._isatty  0x00400c44        0x8 src/ASF/sam/utils/syscalls/gcc/syscalls.o
                0x00400c44                _isatty
 .text._lseek   0x00400c4c        0x8 src/ASF/sam/utils/syscalls/gcc/syscalls.o
                0x00400c4c                _lseek
 .text.usart_serial_getchar
                0x00400c54       0x8c src/twi_eeprom_example.o
 .text.usart_serial_putchar
                0x00400ce0       0x90 src/twi_eeprom_example.o
 .text.io_led_pisca
                0x00400d70       0x7c src/twi_eeprom_example.o
                0x00400d70                io_led_pisca
 .text.SysTick_Handler
                0x00400dec       0x14 src/twi_eeprom_example.o
                0x00400dec                SysTick_Handler
 .text.main     0x00400e00      0x368 src/twi_eeprom_example.o
                0x00400e00                main
 .text          0x00401168       0x2c c:/program files (x86)/atmel/atmel toolchain/arm gcc/native/4.7.1416/arm-gnu-toolchain/bin/../lib/gcc/arm-none-eabi/4.7.4/armv7e-m\libgcc.a(_aeabi_uldivmod.o)
                0x00401168                __aeabi_uldivmod
 .text          0x00401194       0x58 c:/program files (x86)/atmel/atmel toolchain/arm gcc/native/4.7.1416/arm-gnu-toolchain/bin/../lib/gcc/arm-none-eabi/4.7.4/armv7e-m\libgcc.a(bpabi.o)
                0x00401194                __gnu_ldivmod_helper
                0x004011c0                __gnu_uldivmod_helper
 .text          0x004011ec        0x4 c:/program files (x86)/atmel/atmel toolchain/arm gcc/native/4.7.1416/arm-gnu-toolchain/bin/../lib/gcc/arm-none-eabi/4.7.4/armv7e-m\libgcc.a(_dvmd_tls.o)
                0x004011ec                __aeabi_idiv0
                0x004011ec                __aeabi_ldiv0
 .text          0x004011f0      0x2bc c:/program files (x86)/atmel/atmel toolchain/arm gcc/native/4.7.1416/arm-gnu-toolchain/bin/../lib/gcc/arm-none-eabi/4.7.4/armv7e-m\libgcc.a(_divdi3.o)
                0x004011f0                __divdi3
 .text          0x004014ac      0x288 c:/program files (x86)/atmel/atmel toolchain/arm gcc/native/4.7.1416/arm-gnu-toolchain/bin/../lib/gcc/arm-none-eabi/4.7.4/armv7e-m\libgcc.a(_udivdi3.o)
                0x004014ac                __udivdi3
 .text          0x00401734       0x9c c:/program files (x86)/atmel/atmel toolchain/arm gcc/native/4.7.1416/arm-gnu-toolchain/bin/../lib/gcc/arm-none-eabi/4.7.4/../../../../arm-none-eabi/lib/armv7e-m\libc.a(lib_a-__atexit.o)
                0x00401734                __register_exitproc
 .text          0x004017d0       0x2c c:/program files (x86)/atmel/atmel toolchain/arm gcc/native/4.7.1416/arm-gnu-toolchain/bin/../lib/gcc/arm-none-eabi/4.7.4/../../../../arm-none-eabi/lib/armv7e-m\libc.a(lib_a-fini.o)
                0x004017d0                __libc_fini_array
 .text          0x004017fc       0x4c c:/program files (x86)/atmel/atmel toolchain/arm gcc/native/4.7.1416/arm-gnu-toolchain/bin/../lib/gcc/arm-none-eabi/4.7.4/../../../../arm-none-eabi/lib/armv7e-m\libc.a(lib_a-init.o)
                0x004017fc                __libc_init_array
 .text          0x00401848       0x40 c:/program files (x86)/atmel/atmel toolchain/arm gcc/native/4.7.1416/arm-gnu-toolchain/bin/../lib/gcc/arm-none-eabi/4.7.4/../../../../arm-none-eabi/lib/armv7e-m\libc.a(lib_a-iprintf.o)
                0x00401848                iprintf
                0x0040186c                _iprintf_r
 .text          0x00401888       0x10 c:/program files (x86)/atmel/atmel toolchain/arm gcc/native/4.7.1416/arm-gnu-toolchain/bin/../lib/gcc/arm-none-eabi/4.7.4/../../../../arm-none-eabi/lib/armv7e-m\libc.a(lib_a-memset.o)
                0x00401888                memset
 .text          0x00401898       0x10 c:/program files (x86)/atmel/atmel toolchain/arm gcc/native/4.7.1416/arm-gnu-toolchain/bin/../lib/gcc/arm-none-eabi/4.7.4/../../../../arm-none-eabi/lib/armv7e-m\libc.a(lib_a-setbuf.o)
                0x00401898                setbuf
 .text          0x004018a8       0xec c:/program files (x86)/atmel/atmel toolchain/arm gcc/native/4.7.1416/arm-gnu-toolchain/bin/../lib/gcc/arm-none-eabi/4.7.4/../../../../arm-none-eabi/lib/armv7e-m\libc.a(lib_a-setvbuf.o)
                0x004018a8                setvbuf
 .text          0x00401994      0x918 c:/program files (x86)/atmel/atmel toolchain/arm gcc/native/4.7.1416/arm-gnu-toolchain/bin/../lib/gcc/arm-none-eabi/4.7.4/../../../../arm-none-eabi/lib/armv7e-m\libc.a(lib_a-vfiprintf.o)
                0x00401994                __sprint_r
                0x004019fc                _vfiprintf_r
                0x0040228e                vfiprintf
 .text          0x004022ac       0xb8 c:/program files (x86)/atmel/atmel toolchain/arm gcc/native/4.7.1416/arm-gnu-toolchain/bin/../lib/gcc/arm-none-eabi/4.7.4/../../../../arm-none-eabi/lib/armv7e-m\libc.a(lib_a-wsetup.o)
                0x004022ac                __swsetup_r
 .text.startup  0x00402364       0x14 c:/program files (x86)/atmel/atmel toolchain/arm gcc/native/4.7.1416/arm-gnu-toolchain/bin/../lib/gcc/arm-none-eabi/4.7.4/../../../../arm-none-eabi/lib/armv7e-m\libc.a(lib_a-__call_atexit.o)
 .text          0x00402378        0xc c:/program files (x86)/atmel/atmel toolchain/arm gcc/native/4.7.1416/arm-gnu-toolchain/bin/../lib/gcc/arm-none-eabi/4.7.4/../../../../arm-none-eabi/lib/armv7e-m\libc.a(lib_a-atexit.o)
                0x00402378                atexit
 .text          0x00402384      0x154 c:/program files (x86)/atmel/atmel toolchain/arm gcc/native/4.7.1416/arm-gnu-toolchain/bin/../lib/gcc/arm-none-eabi/4.7.4/../../../../arm-none-eabi/lib/armv7e-m\libc.a(lib_a-fflush.o)
                0x00402384                _fflush_r
                0x004024b4                fflush
 .text          0x004024d8      0x18c c:/program files (x86)/atmel/atmel toolchain/arm gcc/native/4.7.1416/arm-gnu-toolchain/bin/../lib/gcc/arm-none-eabi/4.7.4/../../../../arm-none-eabi/lib/armv7e-m\libc.a(lib_a-findfp.o)
                0x004024e0                _cleanup_r
                0x00402534                __sfmoreglue
                0x0040255e                _cleanup
                0x0040256c                __sinit
                0x004025b8                __sfp
                0x00402634                __sfp_lock_acquire
                0x00402636                __sfp_lock_release
                0x00402638                __sinit_lock_acquire
                0x0040263a                __sinit_lock_release
                0x0040263c                __fp_lock_all
                0x00402650                __fp_unlock_all
 .text          0x00402664       0xe8 c:/program files (x86)/atmel/atmel toolchain/arm gcc/native/4.7.1416/arm-gnu-toolchain/bin/../lib/gcc/arm-none-eabi/4.7.4/../../../../arm-none-eabi/lib/armv7e-m\libc.a(lib_a-fputwc.o)
                0x00402664                _fputwc_r
                0x00402724                fputwc
 .text          0x0040274c      0x208 c:/program files (x86)/atmel/atmel toolchain/arm gcc/native/4.7.1416/arm-gnu-toolchain/bin/../lib/gcc/arm-none-eabi/4.7.4/../../../../arm-none-eabi/lib/armv7e-m\libc.a(lib_a-freer.o)
                0x0040274c                _malloc_trim_r
                0x004027e8                _free_r
 .text          0x00402954      0x2b6 c:/program files (x86)/atmel/atmel toolchain/arm gcc/native/4.7.1416/arm-gnu-toolchain/bin/../lib/gcc/arm-none-eabi/4.7.4/../../../../arm-none-eabi/lib/armv7e-m\libc.a(lib_a-fvwrite.o)
                0x00402954                __sfvwrite_r
 .text          0x00402c0a       0x86 c:/program files (x86)/atmel/atmel toolchain/arm gcc/native/4.7.1416/arm-gnu-toolchain/bin/../lib/gcc/arm-none-eabi/4.7.4/../../../../arm-none-eabi/lib/armv7e-m\libc.a(lib_a-fwalk.o)
                0x00402c0a                _fwalk
                0x00402c4c                _fwalk_reent
 .text          0x00402c90       0x88 c:/program files (x86)/atmel/atmel toolchain/arm gcc/native/4.7.1416/arm-gnu-toolchain/bin/../lib/gcc/arm-none-eabi/4.7.4/../../../../arm-none-eabi/lib/armv7e-m\libc.a(lib_a-locale.o)
                0x00402c90                _setlocale_r
                0x00402cd4                __locale_charset
                0x00402cdc                __locale_mb_cur_max
                0x00402ce8                __locale_msgcharset
                0x00402cf0                __locale_cjk_lang
                0x00402cf4                _localeconv_r
                0x00402cfc                setlocale
                0x00402d10                localeconv
 .text          0x00402d18       0xd8 c:/program files (x86)/atmel/atmel toolchain/arm gcc/native/4.7.1416/arm-gnu-toolchain/bin/../lib/gcc/arm-none-eabi/4.7.4/../../../../arm-none-eabi/lib/armv7e-m\libc.a(lib_a-makebuf.o)
                0x00402d18                __smakebuf_r
 .text          0x00402df0       0x20 c:/program files (x86)/atmel/atmel toolchain/arm gcc/native/4.7.1416/arm-gnu-toolchain/bin/../lib/gcc/arm-none-eabi/4.7.4/../../../../arm-none-eabi/lib/armv7e-m\libc.a(lib_a-malloc.o)
                0x00402df0                malloc
                0x00402e00                free
 .text          0x00402e10      0x404 c:/program files (x86)/atmel/atmel toolchain/arm gcc/native/4.7.1416/arm-gnu-toolchain/bin/../lib/gcc/arm-none-eabi/4.7.4/../../../../arm-none-eabi/lib/armv7e-m\libc.a(lib_a-mallocr.o)
                0x00402e10                _malloc_r
 .text          0x00403214       0x1c c:/program files (x86)/atmel/atmel toolchain/arm gcc/native/4.7.1416/arm-gnu-toolchain/bin/../lib/gcc/arm-none-eabi/4.7.4/../../../../arm-none-eabi/lib/armv7e-m\libc.a(lib_a-memchr.o)
                0x00403214                memchr
 .text          0x00403230       0x12 c:/program files (x86)/atmel/atmel toolchain/arm gcc/native/4.7.1416/arm-gnu-toolchain/bin/../lib/gcc/arm-none-eabi/4.7.4/../../../../arm-none-eabi/lib/armv7e-m\libc.a(lib_a-memcpy.o)
                0x00403230                memcpy
 .text          0x00403242       0x34 c:/program files (x86)/atmel/atmel toolchain/arm gcc/native/4.7.1416/arm-gnu-toolchain/bin/../lib/gcc/arm-none-eabi/4.7.4/../../../../arm-none-eabi/lib/armv7e-m\libc.a(lib_a-memmove.o)
                0x00403242                memmove
 .text          0x00403276        0x4 c:/program files (x86)/atmel/atmel toolchain/arm gcc/native/4.7.1416/arm-gnu-toolchain/bin/../lib/gcc/arm-none-eabi/4.7.4/../../../../arm-none-eabi/lib/armv7e-m\libc.a(lib_a-mlock.o)
                0x00403276                __malloc_lock
                0x00403278                __malloc_unlock
 *fill*         0x0040327a        0x2 00
 .text          0x0040327c      0x2dc c:/program files (x86)/atmel/atmel toolchain/arm gcc/native/4.7.1416/arm-gnu-toolchain/bin/../lib/gcc/arm-none-eabi/4.7.4/../../../../arm-none-eabi/lib/armv7e-m\libc.a(lib_a-reallocr.o)
                0x0040327c                _realloc_r
 .text          0x00403558       0x20 c:/program files (x86)/atmel/atmel toolchain/arm gcc/native/4.7.1416/arm-gnu-toolchain/bin/../lib/gcc/arm-none-eabi/4.7.4/../../../../arm-none-eabi/lib/armv7e-m\libc.a(lib_a-sbrkr.o)
                0x00403558                _sbrk_r
 .text          0x00403578       0x8e c:/program files (x86)/atmel/atmel toolchain/arm gcc/native/4.7.1416/arm-gnu-toolchain/bin/../lib/gcc/arm-none-eabi/4.7.4/../../../../arm-none-eabi/lib/armv7e-m\libc.a(lib_a-stdio.o)
                0x00403578                __sread
                0x0040359a                __seofread
                0x0040359e                __swrite
                0x004035da                __sseek
                0x004035fe                __sclose
 .text          0x00403606       0x16 c:/program files (x86)/atmel/atmel toolchain/arm gcc/native/4.7.1416/arm-gnu-toolchain/bin/../lib/gcc/arm-none-eabi/4.7.4/../../../../arm-none-eabi/lib/armv7e-m\libc.a(lib_a-strcmp.o)
                0x00403606                strcmp
 .text          0x0040361c       0x10 c:/program files (x86)/atmel/atmel toolchain/arm gcc/native/4.7.1416/arm-gnu-toolchain/bin/../lib/gcc/arm-none-eabi/4.7.4/../../../../arm-none-eabi/lib/armv7e-m\libc.a(lib_a-strlen.o)
                0x0040361c                strlen
 .text          0x0040362c       0xb4 c:/program files (x86)/atmel/atmel toolchain/arm gcc/native/4.7.1416/arm-gnu-toolchain/bin/../lib/gcc/arm-none-eabi/4.7.4/../../../../arm-none-eabi/lib/armv7e-m\libc.a(lib_a-wbuf.o)
                0x0040362c                __swbuf_r
                0x004036ce                __swbuf
 .text          0x004036e0       0x68 c:/program files (x86)/atmel/atmel toolchain/arm gcc/native/4.7.1416/arm-gnu-toolchain/bin/../lib/gcc/arm-none-eabi/4.7.4/../../../../arm-none-eabi/lib/armv7e-m\libc.a(lib_a-wcrtomb.o)
                0x004036e0                _wcrtomb_r
                0x0040372c                wcrtomb
 .text          0x00403748       0x44 c:/program files (x86)/atmel/atmel toolchain/arm gcc/native/4.7.1416/arm-gnu-toolchain/bin/../lib/gcc/arm-none-eabi/4.7.4/../../../../arm-none-eabi/lib/armv7e-m\libc.a(lib_a-wctomb_r.o)
                0x00403748                __ascii_wctomb
                0x00403762                _wctomb_r
 .text          0x0040378c       0x24 c:/program files (x86)/atmel/atmel toolchain/arm gcc/native/4.7.1416/arm-gnu-toolchain/bin/../lib/gcc/arm-none-eabi/4.7.4/../../../../arm-none-eabi/lib/armv7e-m\libc.a(lib_a-writer.o)
                0x0040378c                _write_r
 .text          0x004037b0       0x20 c:/program files (x86)/atmel/atmel toolchain/arm gcc/native/4.7.1416/arm-gnu-toolchain/bin/../lib/gcc/arm-none-eabi/4.7.4/../../../../arm-none-eabi/lib/armv7e-m\libc.a(lib_a-closer.o)
                0x004037b0                _close_r
 .text          0x004037d0       0x94 c:/program files (x86)/atmel/atmel toolchain/arm gcc/native/4.7.1416/arm-gnu-toolchain/bin/../lib/gcc/arm-none-eabi/4.7.4/../../../../arm-none-eabi/lib/armv7e-m\libc.a(lib_a-fclose.o)
                0x004037d0                _fclose_r
                0x00403854                fclose
 .text          0x00403864       0x24 c:/program files (x86)/atmel/atmel toolchain/arm gcc/native/4.7.1416/arm-gnu-toolchain/bin/../lib/gcc/arm-none-eabi/4.7.4/../../../../arm-none-eabi/lib/armv7e-m\libc.a(lib_a-fstatr.o)
                0x00403864                _fstat_r
 .text          0x00403888       0x20 c:/program files (x86)/atmel/atmel toolchain/arm gcc/native/4.7.1416/arm-gnu-toolchain/bin/../lib/gcc/arm-none-eabi/4.7.4/../../../../arm-none-eabi/lib/armv7e-m\libc.a(lib_a-isattyr.o)
                0x00403888                _isatty_r
 .text          0x004038a8       0x24 c:/program files (x86)/atmel/atmel toolchain/arm gcc/native/4.7.1416/arm-gnu-toolchain/bin/../lib/gcc/arm-none-eabi/4.7.4/../../../../arm-none-eabi/lib/armv7e-m\libc.a(lib_a-lseekr.o)
                0x004038a8                _lseek_r
 .text          0x004038cc       0x24 c:/program files (x86)/atmel/atmel toolchain/arm gcc/native/4.7.1416/arm-gnu-toolchain/bin/../lib/gcc/arm-none-eabi/4.7.4/../../../../arm-none-eabi/lib/armv7e-m\libc.a(lib_a-readr.o)
                0x004038cc                _read_r
 *(.glue_7t)
 .glue_7t       0x00000000        0x0 linker stubs
 *(.glue_7)
 .glue_7        0x00000000        0x0 linker stubs
 *(.rodata .rodata* .gnu.linkonce.r.*)
 .rodata.str1.4
                0x004038f0      0x234 src/twi_eeprom_example.o
                                0x238 (size before relaxing)
 .rodata.test_data_tx
                0x00403b24       0x28 src/twi_eeprom_example.o
 .rodata        0x00403b4c        0x4 c:/program files (x86)/atmel/atmel toolchain/arm gcc/native/4.7.1416/arm-gnu-toolchain/bin/../lib/gcc/arm-none-eabi/4.7.4/../../../../arm-none-eabi/lib/armv7e-m\libc.a(lib_a-impure.o)
                0x00403b4c                _global_impure_ptr
 .rodata.str1.1
                0x00403b50        0x2 c:/program files (x86)/atmel/atmel toolchain/arm gcc/native/4.7.1416/arm-gnu-toolchain/bin/../lib/gcc/arm-none-eabi/4.7.4/../../../../arm-none-eabi/lib/armv7e-m\libc.a(lib_a-impure.o)
 .rodata        0x00403b52       0x20 c:/program files (x86)/atmel/atmel toolchain/arm gcc/native/4.7.1416/arm-gnu-toolchain/bin/../lib/gcc/arm-none-eabi/4.7.4/../../../../arm-none-eabi/lib/armv7e-m\libc.a(lib_a-vfiprintf.o)
 .rodata.str1.1
                0x00403b72       0x22 c:/program files (x86)/atmel/atmel toolchain/arm gcc/native/4.7.1416/arm-gnu-toolchain/bin/../lib/gcc/arm-none-eabi/4.7.4/../../../../arm-none-eabi/lib/armv7e-m\libc.a(lib_a-vfiprintf.o)
 .rodata.str1.1
                0x00403b94        0x8 c:/program files (x86)/atmel/atmel toolchain/arm gcc/native/4.7.1416/arm-gnu-toolchain/bin/../lib/gcc/arm-none-eabi/4.7.4/../../../../arm-none-eabi/lib/armv7e-m\libc.a(lib_a-locale.o)
                                  0xb (size before relaxing)
 *(.ARM.extab* .gnu.linkonce.armextab.*)
                0x00403b9c                . = ALIGN (0x4)
 *(.init)
 .init          0x00403b9c        0x4 c:/program files (x86)/atmel/atmel toolchain/arm gcc/native/4.7.1416/arm-gnu-toolchain/bin/../lib/gcc/arm-none-eabi/4.7.4/armv7e-m/crti.o
                0x00403b9c                _init
 .init          0x00403ba0        0x8 c:/program files (x86)/atmel/atmel toolchain/arm gcc/native/4.7.1416/arm-gnu-toolchain/bin/../lib/gcc/arm-none-eabi/4.7.4/armv7e-m/crtn.o
                0x00403ba8                . = ALIGN (0x4)
                0x00403ba8                __preinit_array_start = .
 *(.preinit_array)
                0x00403ba8                __preinit_array_end = .
                0x00403ba8                . = ALIGN (0x4)
                0x00403ba8                __init_array_start = .
 *(SORT(.init_array.*))
 .init_array.00000
                0x00403ba8        0x4 c:/program files (x86)/atmel/atmel toolchain/arm gcc/native/4.7.1416/arm-gnu-toolchain/bin/../lib/gcc/arm-none-eabi/4.7.4/../../../../arm-none-eabi/lib/armv7e-m\libc.a(lib_a-__call_atexit.o)
 *(.init_array)
 .init_array    0x00403bac        0x4 c:/program files (x86)/atmel/atmel toolchain/arm gcc/native/4.7.1416/arm-gnu-toolchain/bin/../lib/gcc/arm-none-eabi/4.7.4/armv7e-m/crtbegin.o
                0x00403bb0                __init_array_end = .
                0x00403bb0                . = ALIGN (0x4)
 *crtbegin.o(.ctors)
 *(EXCLUDE_FILE(*crtend.o) .ctors)
 *(SORT(.ctors.*))
 *crtend.o(.ctors)
                0x00403bb0                . = ALIGN (0x4)
 *(.fini)
 .fini          0x00403bb0        0x4 c:/program files (x86)/atmel/atmel toolchain/arm gcc/native/4.7.1416/arm-gnu-toolchain/bin/../lib/gcc/arm-none-eabi/4.7.4/armv7e-m/crti.o
                0x00403bb0                _fini
 .fini          0x00403bb4        0x8 c:/program files (x86)/atmel/atmel toolchain/arm gcc/native/4.7.1416/arm-gnu-toolchain/bin/../lib/gcc/arm-none-eabi/4.7.4/armv7e-m/crtn.o
                0x00403bbc                . = ALIGN (0x4)
                0x00403bbc                __fini_array_start = .
 *(.fini_array)
 .fini_array    0x00403bbc        0x4 c:/program files (x86)/atmel/atmel toolchain/arm gcc/native/4.7.1416/arm-gnu-toolchain/bin/../lib/gcc/arm-none-eabi/4.7.4/armv7e-m/crtbegin.o
 *(SORT(.fini_array.*))
                0x00403bc0                __fini_array_end = .
 *crtbegin.o(.dtors)
 *(EXCLUDE_FILE(*crtend.o) .dtors)
 *(SORT(.dtors.*))
 *crtend.o(.dtors)
                0x00403bc0                . = ALIGN (0x4)
                0x00403bc0                _efixed = .
                0x00403bc0                PROVIDE (__exidx_start, .)

.vfp11_veneer   0x00403bc0        0x0
 .vfp11_veneer  0x00000000        0x0 linker stubs

.v4_bx          0x00403bc0        0x0
 .v4_bx         0x00000000        0x0 linker stubs

.iplt           0x00403bc0        0x0
 .iplt          0x00000000        0x0 c:/program files (x86)/atmel/atmel toolchain/arm gcc/native/4.7.1416/arm-gnu-toolchain/bin/../lib/gcc/arm-none-eabi/4.7.4/armv7e-m/crtbegin.o

.ARM.exidx      0x00403bc0        0x8
 *(.ARM.exidx* .gnu.linkonce.armexidx.*)
 .ARM.exidx     0x00403bc0        0x8 c:/program files (x86)/atmel/atmel toolchain/arm gcc/native/4.7.1416/arm-gnu-toolchain/bin/../lib/gcc/arm-none-eabi/4.7.4/armv7e-m\libgcc.a(_divdi3.o)
 .ARM.exidx     0x00403bc8        0x0 c:/program files (x86)/atmel/atmel toolchain/arm gcc/native/4.7.1416/arm-gnu-toolchain/bin/../lib/gcc/arm-none-eabi/4.7.4/armv7e-m\libgcc.a(_udivdi3.o)
                                  0x8 (size before relaxing)
                0x00403bc8                PROVIDE (__exidx_end, .)

.eh_frame       0x00403bc8        0x0
 .eh_frame      0x00403bc8        0x0 c:/program files (x86)/atmel/atmel toolchain/arm gcc/native/4.7.1416/arm-gnu-toolchain/bin/../lib/gcc/arm-none-eabi/4.7.4/armv7e-m/crtbegin.o

.rel.dyn        0x00403bc8        0x0
 .rel.iplt      0x00000000        0x0 c:/program files (x86)/atmel/atmel toolchain/arm gcc/native/4.7.1416/arm-gnu-toolchain/bin/../lib/gcc/arm-none-eabi/4.7.4/armv7e-m/crtbegin.o

.jcr            0x00403bc8        0x0
 .jcr           0x00403bc8        0x0 c:/program files (x86)/atmel/atmel toolchain/arm gcc/native/4.7.1416/arm-gnu-toolchain/bin/../lib/gcc/arm-none-eabi/4.7.4/armv7e-m/crtbegin.o

.tm_clone_table
                0x00403bc8        0x0
 .tm_clone_table
                0x00403bc8        0x0 c:/program files (x86)/atmel/atmel toolchain/arm gcc/native/4.7.1416/arm-gnu-toolchain/bin/../lib/gcc/arm-none-eabi/4.7.4/armv7e-m/crtbegin.o
 .tm_clone_table
                0x00403bc8        0x0 c:/program files (x86)/atmel/atmel toolchain/arm gcc/native/4.7.1416/arm-gnu-toolchain/bin/../lib/gcc/arm-none-eabi/4.7.4/armv7e-m/crtend.o

.igot.plt       0x00403bc8        0x0
 .igot.plt      0x00000000        0x0 c:/program files (x86)/atmel/atmel toolchain/arm gcc/native/4.7.1416/arm-gnu-toolchain/bin/../lib/gcc/arm-none-eabi/4.7.4/armv7e-m/crtbegin.o
                0x00403bc8                . = ALIGN (0x4)
                0x00403bc8                _etext = .

.relocate       0x20000000      0x8d8 load address 0x00403bc8
                0x20000000                . = ALIGN (0x4)
                0x20000000                _srelocate = .
 *(.ramfunc .ramfunc.*)
 .ramfunc       0x20000000        0xc src/ASF/common/services/delay/sam/cycle_counter.o
                0x20000000                portable_delay_cycles
 *(.data .data.*)
 .data.g_interrupt_enabled
                0x2000000c        0x1 src/ASF/common/utils/interrupt/interrupt_sam_nvic.o
                0x2000000c                g_interrupt_enabled
 *fill*         0x2000000d        0x3 00
 .data.SystemCoreClock
                0x20000010        0x4 src/ASF/sam/utils/cmsis/samg/samg53/source/templates/system_samg53.o
                0x20000010                SystemCoreClock
 *fill*         0x20000014        0x4 00
 .data          0x20000018      0x430 c:/program files (x86)/atmel/atmel toolchain/arm gcc/native/4.7.1416/arm-gnu-toolchain/bin/../lib/gcc/arm-none-eabi/4.7.4/../../../../arm-none-eabi/lib/armv7e-m\libc.a(lib_a-impure.o)
                0x20000018                _impure_ptr
 .data          0x20000448       0x7c c:/program files (x86)/atmel/atmel toolchain/arm gcc/native/4.7.1416/arm-gnu-toolchain/bin/../lib/gcc/arm-none-eabi/4.7.4/../../../../arm-none-eabi/lib/armv7e-m\libc.a(lib_a-locale.o)
                0x20000468                __mb_cur_max
 .data          0x200004c4      0x410 c:/program files (x86)/atmel/atmel toolchain/arm gcc/native/4.7.1416/arm-gnu-toolchain/bin/../lib/gcc/arm-none-eabi/4.7.4/../../../../arm-none-eabi/lib/armv7e-m\libc.a(lib_a-mallocr.o)
                0x200004c4                __malloc_av_
                0x200008cc                __malloc_sbrk_base
                0x200008d0                __malloc_trim_threshold
 .data          0x200008d4        0x4 c:/program files (x86)/atmel/atmel toolchain/arm gcc/native/4.7.1416/arm-gnu-toolchain/bin/../lib/gcc/arm-none-eabi/4.7.4/../../../../arm-none-eabi/lib/armv7e-m\libc.a(lib_a-wctomb_r.o)
                0x200008d4                __wctomb
                0x200008d8                . = ALIGN (0x4)
                0x200008d8                _erelocate = .

.bss            0x200008d8       0x90 load address 0x004044a0
                0x200008d8                . = ALIGN (0x4)
                0x200008d8                _sbss = .
                0x200008d8                _szero = .
 *(.bss .bss.*)
 .bss           0x200008d8       0x1c c:/program files (x86)/atmel/atmel toolchain/arm gcc/native/4.7.1416/arm-gnu-toolchain/bin/../lib/gcc/arm-none-eabi/4.7.4/armv7e-m/crtbegin.o
 .bss.heap.5085
                0x200008f4        0x4 src/ASF/sam/utils/syscalls/gcc/syscalls.o
 .bss.g_ul_ms_ticks
                0x200008f8        0x4 src/twi_eeprom_example.o
                0x200008f8                g_ul_ms_ticks
 .bss.gs_uc_test_data_rx.7809
                0x200008fc       0x28 src/twi_eeprom_example.o
 .bss           0x20000924       0x34 c:/program files (x86)/atmel/atmel toolchain/arm gcc/native/4.7.1416/arm-gnu-toolchain/bin/../lib/gcc/arm-none-eabi/4.7.4/../../../../arm-none-eabi/lib/armv7e-m\libc.a(lib_a-mallocr.o)
                0x20000924                __malloc_top_pad
                0x20000928                __malloc_current_mallinfo
                0x20000950                __malloc_max_sbrked_mem
                0x20000954                __malloc_max_total_mem
 *(COMMON)
 COMMON         0x20000958        0x4 src/ASF/common/utils/stdio/read.o
                0x20000958                ptr_get
 COMMON         0x2000095c        0x8 src/ASF/common/utils/stdio/write.o
                0x2000095c                ptr_put
                0x20000960                stdio_base
 COMMON         0x20000964        0x4 c:/program files (x86)/atmel/atmel toolchain/arm gcc/native/4.7.1416/arm-gnu-toolchain/bin/../lib/gcc/arm-none-eabi/4.7.4/../../../../arm-none-eabi/lib/armv7e-m\libc.a(lib_a-reent.o)
                0x20000964                errno
                0x20000968                . = ALIGN (0x4)
                0x20000968                _ebss = .
                0x20000968                _ezero = .

.stack          0x20000968     0x3000 load address 0x00404530
                0x20000968                . = ALIGN (0x8)
                0x20000968                _sstack = .
                0x20003968                . = (. + __stack_size__)
 *fill*         0x20000968     0x3000 00
                0x20003968                . = ALIGN (0x8)
                0x20003968                _estack = .
                0x20003968                . = ALIGN (0x4)
                0x20003968                _end = .
OUTPUT(TWI_TWI_EEPROM_EXAMPLE.elf elf32-littlearm)

.ARM.attributes
                0x00000000       0x30
 .ARM.attributes
                0x00000000       0x1e c:/program files (x86)/atmel/atmel toolchain/arm gcc/native/4.7.1416/arm-gnu-toolchain/bin/../lib/gcc/arm-none-eabi/4.7.4/armv7e-m/crti.o
 .ARM.attributes
                0x0000001e       0x2e c:/program files (x86)/atmel/atmel toolchain/arm gcc/native/4.7.1416/arm-gnu-toolchain/bin/../lib/gcc/arm-none-eabi/4.7.4/armv7e-m/crtbegin.o
 .ARM.attributes
                0x0000004c       0x39 src/ASF/common/services/clock/samg/sysclk.o
 .ARM.attributes
                0x00000085       0x39 src/ASF/common/services/delay/sam/cycle_counter.o
 .ARM.attributes
                0x000000be       0x39 src/ASF/common/utils/interrupt/interrupt_sam_nvic.o
 .ARM.attributes
                0x000000f7       0x39 src/ASF/common/utils/stdio/read.o
 .ARM.attributes
                0x00000130       0x39 src/ASF/common/utils/stdio/write.o
 .ARM.attributes
                0x00000169       0x39 src/ASF/sam/boards/samg53_xplained_pro/board_init.o
 .ARM.attributes
                0x000001a2       0x39 src/ASF/sam/drivers/pmc/pmc.o
 .ARM.attributes
                0x000001db       0x39 src/ASF/sam/drivers/twi/twi.o
 .ARM.attributes
                0x00000214       0x39 src/ASF/sam/drivers/uart/uart.o
 .ARM.attributes
                0x0000024d       0x39 src/ASF/sam/drivers/usart/usart.o
 .ARM.attributes
                0x00000286       0x39 src/ASF/sam/utils/cmsis/samg/samg53/source/templates/exceptions.o
 .ARM.attributes
                0x000002bf       0x39 src/ASF/sam/utils/cmsis/samg/samg53/source/templates/gcc/startup_samg53.o
 .ARM.attributes
                0x000002f8       0x39 src/ASF/sam/utils/cmsis/samg/samg53/source/templates/system_samg53.o
 .ARM.attributes
                0x00000331       0x39 src/ASF/sam/utils/syscalls/gcc/syscalls.o
 .ARM.attributes
                0x0000036a       0x39 src/twi_eeprom_example.o
 .ARM.attributes
                0x000003a3       0x1e c:/program files (x86)/atmel/atmel toolchain/arm gcc/native/4.7.1416/arm-gnu-toolchain/bin/../lib/gcc/arm-none-eabi/4.7.4/armv7e-m\libgcc.a(_aeabi_uldivmod.o)
 .ARM.attributes
                0x000003c1       0x2e c:/program files (x86)/atmel/atmel toolchain/arm gcc/native/4.7.1416/arm-gnu-toolchain/bin/../lib/gcc/arm-none-eabi/4.7.4/armv7e-m\libgcc.a(bpabi.o)
 .ARM.attributes
                0x000003ef       0x1e c:/program files (x86)/atmel/atmel toolchain/arm gcc/native/4.7.1416/arm-gnu-toolchain/bin/../lib/gcc/arm-none-eabi/4.7.4/armv7e-m\libgcc.a(_dvmd_tls.o)
 .ARM.attributes
                0x0000040d       0x2e c:/program files (x86)/atmel/atmel toolchain/arm gcc/native/4.7.1416/arm-gnu-toolchain/bin/../lib/gcc/arm-none-eabi/4.7.4/armv7e-m\libgcc.a(_divdi3.o)
 .ARM.attributes
                0x0000043b       0x2e c:/program files (x86)/atmel/atmel toolchain/arm gcc/native/4.7.1416/arm-gnu-toolchain/bin/../lib/gcc/arm-none-eabi/4.7.4/armv7e-m\libgcc.a(_udivdi3.o)
 .ARM.attributes
                0x00000469       0x2e c:/program files (x86)/atmel/atmel toolchain/arm gcc/native/4.7.1416/arm-gnu-toolchain/bin/../lib/gcc/arm-none-eabi/4.7.4/../../../../arm-none-eabi/lib/armv7e-m\libc.a(lib_a-__atexit.o)
 .ARM.attributes
                0x00000497       0x2e c:/program files (x86)/atmel/atmel toolchain/arm gcc/native/4.7.1416/arm-gnu-toolchain/bin/../lib/gcc/arm-none-eabi/4.7.4/../../../../arm-none-eabi/lib/armv7e-m\libc.a(lib_a-fini.o)
 .ARM.attributes
                0x000004c5       0x2e c:/program files (x86)/atmel/atmel toolchain/arm gcc/native/4.7.1416/arm-gnu-toolchain/bin/../lib/gcc/arm-none-eabi/4.7.4/../../../../arm-none-eabi/lib/armv7e-m\libc.a(lib_a-impure.o)
 .ARM.attributes
                0x000004f3       0x2e c:/program files (x86)/atmel/atmel toolchain/arm gcc/native/4.7.1416/arm-gnu-toolchain/bin/../lib/gcc/arm-none-eabi/4.7.4/../../../../arm-none-eabi/lib/armv7e-m\libc.a(lib_a-init.o)
 .ARM.attributes
                0x00000521       0x2e c:/program files (x86)/atmel/atmel toolchain/arm gcc/native/4.7.1416/arm-gnu-toolchain/bin/../lib/gcc/arm-none-eabi/4.7.4/../../../../arm-none-eabi/lib/armv7e-m\libc.a(lib_a-iprintf.o)
 .ARM.attributes
                0x0000054f       0x2e c:/program files (x86)/atmel/atmel toolchain/arm gcc/native/4.7.1416/arm-gnu-toolchain/bin/../lib/gcc/arm-none-eabi/4.7.4/../../../../arm-none-eabi/lib/armv7e-m\libc.a(lib_a-memset.o)
 .ARM.attributes
                0x0000057d       0x2e c:/program files (x86)/atmel/atmel toolchain/arm gcc/native/4.7.1416/arm-gnu-toolchain/bin/../lib/gcc/arm-none-eabi/4.7.4/../../../../arm-none-eabi/lib/armv7e-m\libc.a(lib_a-setbuf.o)
 .ARM.attributes
                0x000005ab       0x2e c:/program files (x86)/atmel/atmel toolchain/arm gcc/native/4.7.1416/arm-gnu-toolchain/bin/../lib/gcc/arm-none-eabi/4.7.4/../../../../arm-none-eabi/lib/armv7e-m\libc.a(lib_a-setvbuf.o)
 .ARM.attributes
                0x000005d9       0x2e c:/program files (x86)/atmel/atmel toolchain/arm gcc/native/4.7.1416/arm-gnu-toolchain/bin/../lib/gcc/arm-none-eabi/4.7.4/../../../../arm-none-eabi/lib/armv7e-m\libc.a(lib_a-vfiprintf.o)
 .ARM.attributes
                0x00000607       0x2e c:/program files (x86)/atmel/atmel toolchain/arm gcc/native/4.7.1416/arm-gnu-toolchain/bin/../lib/gcc/arm-none-eabi/4.7.4/../../../../arm-none-eabi/lib/armv7e-m\libc.a(lib_a-wsetup.o)
 .ARM.attributes
                0x00000635       0x2e c:/program files (x86)/atmel/atmel toolchain/arm gcc/native/4.7.1416/arm-gnu-toolchain/bin/../lib/gcc/arm-none-eabi/4.7.4/../../../../arm-none-eabi/lib/armv7e-m\libc.a(lib_a-__call_atexit.o)
 .ARM.attributes
                0x00000663       0x2e c:/program files (x86)/atmel/atmel toolchain/arm gcc/native/4.7.1416/arm-gnu-toolchain/bin/../lib/gcc/arm-none-eabi/4.7.4/../../../../arm-none-eabi/lib/armv7e-m\libc.a(lib_a-atexit.o)
 .ARM.attributes
                0x00000691       0x2e c:/program files (x86)/atmel/atmel toolchain/arm gcc/native/4.7.1416/arm-gnu-toolchain/bin/../lib/gcc/arm-none-eabi/4.7.4/../../../../arm-none-eabi/lib/armv7e-m\libc.a(lib_a-fflush.o)
 .ARM.attributes
                0x000006bf       0x2e c:/program files (x86)/atmel/atmel toolchain/arm gcc/native/4.7.1416/arm-gnu-toolchain/bin/../lib/gcc/arm-none-eabi/4.7.4/../../../../arm-none-eabi/lib/armv7e-m\libc.a(lib_a-findfp.o)
 .ARM.attributes
                0x000006ed       0x2e c:/program files (x86)/atmel/atmel toolchain/arm gcc/native/4.7.1416/arm-gnu-toolchain/bin/../lib/gcc/arm-none-eabi/4.7.4/../../../../arm-none-eabi/lib/armv7e-m\libc.a(lib_a-fputwc.o)
 .ARM.attributes
                0x0000071b       0x2e c:/program files (x86)/atmel/atmel toolchain/arm gcc/native/4.7.1416/arm-gnu-toolchain/bin/../lib/gcc/arm-none-eabi/4.7.4/../../../../arm-none-eabi/lib/armv7e-m\libc.a(lib_a-freer.o)
 .ARM.attributes
                0x00000749       0x2e c:/program files (x86)/atmel/atmel toolchain/arm gcc/native/4.7.1416/arm-gnu-toolchain/bin/../lib/gcc/arm-none-eabi/4.7.4/../../../../arm-none-eabi/lib/armv7e-m\libc.a(lib_a-fvwrite.o)
 .ARM.attributes
                0x00000777       0x2e c:/program files (x86)/atmel/atmel toolchain/arm gcc/native/4.7.1416/arm-gnu-toolchain/bin/../lib/gcc/arm-none-eabi/4.7.4/../../../../arm-none-eabi/lib/armv7e-m\libc.a(lib_a-fwalk.o)
 .ARM.attributes
                0x000007a5       0x2e c:/program files (x86)/atmel/atmel toolchain/arm gcc/native/4.7.1416/arm-gnu-toolchain/bin/../lib/gcc/arm-none-eabi/4.7.4/../../../../arm-none-eabi/lib/armv7e-m\libc.a(lib_a-locale.o)
 .ARM.attributes
                0x000007d3       0x2e c:/program files (x86)/atmel/atmel toolchain/arm gcc/native/4.7.1416/arm-gnu-toolchain/bin/../lib/gcc/arm-none-eabi/4.7.4/../../../../arm-none-eabi/lib/armv7e-m\libc.a(lib_a-makebuf.o)
 .ARM.attributes
                0x00000801       0x2e c:/program files (x86)/atmel/atmel toolchain/arm gcc/native/4.7.1416/arm-gnu-toolchain/bin/../lib/gcc/arm-none-eabi/4.7.4/../../../../arm-none-eabi/lib/armv7e-m\libc.a(lib_a-malloc.o)
 .ARM.attributes
                0x0000082f       0x2e c:/program files (x86)/atmel/atmel toolchain/arm gcc/native/4.7.1416/arm-gnu-toolchain/bin/../lib/gcc/arm-none-eabi/4.7.4/../../../../arm-none-eabi/lib/armv7e-m\libc.a(lib_a-mallocr.o)
 .ARM.attributes
                0x0000085d       0x2e c:/program files (x86)/atmel/atmel toolchain/arm gcc/native/4.7.1416/arm-gnu-toolchain/bin/../lib/gcc/arm-none-eabi/4.7.4/../../../../arm-none-eabi/lib/armv7e-m\libc.a(lib_a-memchr.o)
 .ARM.attributes
                0x0000088b       0x2e c:/program files (x86)/atmel/atmel toolchain/arm gcc/native/4.7.1416/arm-gnu-toolchain/bin/../lib/gcc/arm-none-eabi/4.7.4/../../../../arm-none-eabi/lib/armv7e-m\libc.a(lib_a-memcpy.o)
 .ARM.attributes
                0x000008b9       0x2e c:/program files (x86)/atmel/atmel toolchain/arm gcc/native/4.7.1416/arm-gnu-toolchain/bin/../lib/gcc/arm-none-eabi/4.7.4/../../../../arm-none-eabi/lib/armv7e-m\libc.a(lib_a-memmove.o)
 .ARM.attributes
                0x000008e7       0x2e c:/program files (x86)/atmel/atmel toolchain/arm gcc/native/4.7.1416/arm-gnu-toolchain/bin/../lib/gcc/arm-none-eabi/4.7.4/../../../../arm-none-eabi/lib/armv7e-m\libc.a(lib_a-mlock.o)
 .ARM.attributes
                0x00000915       0x2e c:/program files (x86)/atmel/atmel toolchain/arm gcc/native/4.7.1416/arm-gnu-toolchain/bin/../lib/gcc/arm-none-eabi/4.7.4/../../../../arm-none-eabi/lib/armv7e-m\libc.a(lib_a-reallocr.o)
 .ARM.attributes
                0x00000943       0x2e c:/program files (x86)/atmel/atmel toolchain/arm gcc/native/4.7.1416/arm-gnu-toolchain/bin/../lib/gcc/arm-none-eabi/4.7.4/../../../../arm-none-eabi/lib/armv7e-m\libc.a(lib_a-sbrkr.o)
 .ARM.attributes
                0x00000971       0x2e c:/program files (x86)/atmel/atmel toolchain/arm gcc/native/4.7.1416/arm-gnu-toolchain/bin/../lib/gcc/arm-none-eabi/4.7.4/../../../../arm-none-eabi/lib/armv7e-m\libc.a(lib_a-stdio.o)
 .ARM.attributes
                0x0000099f       0x2e c:/program files (x86)/atmel/atmel toolchain/arm gcc/native/4.7.1416/arm-gnu-toolchain/bin/../lib/gcc/arm-none-eabi/4.7.4/../../../../arm-none-eabi/lib/armv7e-m\libc.a(lib_a-strcmp.o)
 .ARM.attributes
                0x000009cd       0x2e c:/program files (x86)/atmel/atmel toolchain/arm gcc/native/4.7.1416/arm-gnu-toolchain/bin/../lib/gcc/arm-none-eabi/4.7.4/../../../../arm-none-eabi/lib/armv7e-m\libc.a(lib_a-strlen.o)
 .ARM.attributes
                0x000009fb       0x2e c:/program files (x86)/atmel/atmel toolchain/arm gcc/native/4.7.1416/arm-gnu-toolchain/bin/../lib/gcc/arm-none-eabi/4.7.4/../../../../arm-none-eabi/lib/armv7e-m\libc.a(lib_a-wbuf.o)
 .ARM.attributes
                0x00000a29       0x2e c:/program files (x86)/atmel/atmel toolchain/arm gcc/native/4.7.1416/arm-gnu-toolchain/bin/../lib/gcc/arm-none-eabi/4.7.4/../../../../arm-none-eabi/lib/armv7e-m\libc.a(lib_a-wcrtomb.o)
 .ARM.attributes
                0x00000a57       0x2e c:/program files (x86)/atmel/atmel toolchain/arm gcc/native/4.7.1416/arm-gnu-toolchain/bin/../lib/gcc/arm-none-eabi/4.7.4/../../../../arm-none-eabi/lib/armv7e-m\libc.a(lib_a-wctomb_r.o)
 .ARM.attributes
                0x00000a85       0x2e c:/program files (x86)/atmel/atmel toolchain/arm gcc/native/4.7.1416/arm-gnu-toolchain/bin/../lib/gcc/arm-none-eabi/4.7.4/../../../../arm-none-eabi/lib/armv7e-m\libc.a(lib_a-writer.o)
 .ARM.attributes
                0x00000ab3       0x2e c:/program files (x86)/atmel/atmel toolchain/arm gcc/native/4.7.1416/arm-gnu-toolchain/bin/../lib/gcc/arm-none-eabi/4.7.4/../../../../arm-none-eabi/lib/armv7e-m\libc.a(lib_a-closer.o)
 .ARM.attributes
                0x00000ae1       0x2e c:/program files (x86)/atmel/atmel toolchain/arm gcc/native/4.7.1416/arm-gnu-toolchain/bin/../lib/gcc/arm-none-eabi/4.7.4/../../../../arm-none-eabi/lib/armv7e-m\libc.a(lib_a-fclose.o)
 .ARM.attributes
                0x00000b0f       0x2e c:/program files (x86)/atmel/atmel toolchain/arm gcc/native/4.7.1416/arm-gnu-toolchain/bin/../lib/gcc/arm-none-eabi/4.7.4/../../../../arm-none-eabi/lib/armv7e-m\libc.a(lib_a-fstatr.o)
 .ARM.attributes
                0x00000b3d       0x2e c:/program files (x86)/atmel/atmel toolchain/arm gcc/native/4.7.1416/arm-gnu-toolchain/bin/../lib/gcc/arm-none-eabi/4.7.4/../../../../arm-none-eabi/lib/armv7e-m\libc.a(lib_a-isattyr.o)
 .ARM.attributes
                0x00000b6b       0x2e c:/program files (x86)/atmel/atmel toolchain/arm gcc/native/4.7.1416/arm-gnu-toolchain/bin/../lib/gcc/arm-none-eabi/4.7.4/../../../../arm-none-eabi/lib/armv7e-m\libc.a(lib_a-lseekr.o)
 .ARM.attributes
                0x00000b99       0x2e c:/program files (x86)/atmel/atmel toolchain/arm gcc/native/4.7.1416/arm-gnu-toolchain/bin/../lib/gcc/arm-none-eabi/4.7.4/../../../../arm-none-eabi/lib/armv7e-m\libc.a(lib_a-readr.o)
 .ARM.attributes
                0x00000bc7       0x2e c:/program files (x86)/atmel/atmel toolchain/arm gcc/native/4.7.1416/arm-gnu-toolchain/bin/../lib/gcc/arm-none-eabi/4.7.4/../../../../arm-none-eabi/lib/armv7e-m\libc.a(lib_a-reent.o)
 .ARM.attributes
                0x00000bf5       0x2e c:/program files (x86)/atmel/atmel toolchain/arm gcc/native/4.7.1416/arm-gnu-toolchain/bin/../lib/gcc/arm-none-eabi/4.7.4/armv7e-m/crtend.o
 .ARM.attributes
                0x00000c23       0x1e c:/program files (x86)/atmel/atmel toolchain/arm gcc/native/4.7.1416/arm-gnu-toolchain/bin/../lib/gcc/arm-none-eabi/4.7.4/armv7e-m/crtn.o

.comment        0x00000000       0x71
 .comment       0x00000000       0x71 c:/program files (x86)/atmel/atmel toolchain/arm gcc/native/4.7.1416/arm-gnu-toolchain/bin/../lib/gcc/arm-none-eabi/4.7.4/armv7e-m/crtbegin.o
                                 0x72 (size before relaxing)
 .comment       0x00000000       0x72 src/ASF/common/services/clock/samg/sysclk.o
 .comment       0x00000000       0x72 src/ASF/common/services/delay/sam/cycle_counter.o
 .comment       0x00000000       0x72 src/ASF/common/utils/interrupt/interrupt_sam_nvic.o
 .comment       0x00000000       0x72 src/ASF/common/utils/stdio/read.o
 .comment       0x00000000       0x72 src/ASF/common/utils/stdio/write.o
 .comment       0x00000000       0x72 src/ASF/sam/boards/samg53_xplained_pro/board_init.o
 .comment       0x00000000       0x72 src/ASF/sam/drivers/pmc/pmc.o
 .comment       0x00000000       0x72 src/ASF/sam/drivers/twi/twi.o
 .comment       0x00000000       0x72 src/ASF/sam/drivers/uart/uart.o
 .comment       0x00000000       0x72 src/ASF/sam/drivers/usart/usart.o
 .comment       0x00000000       0x72 src/ASF/sam/utils/cmsis/samg/samg53/source/templates/exceptions.o
 .comment       0x00000000       0x72 src/ASF/sam/utils/cmsis/samg/samg53/source/templates/gcc/startup_samg53.o
 .comment       0x00000000       0x72 src/ASF/sam/utils/cmsis/samg/samg53/source/templates/system_samg53.o
 .comment       0x00000000       0x72 src/ASF/sam/utils/syscalls/gcc/syscalls.o
 .comment       0x00000000       0x72 src/twi_eeprom_example.o
 .comment       0x00000000       0x72 c:/program files (x86)/atmel/atmel toolchain/arm gcc/native/4.7.1416/arm-gnu-toolchain/bin/../lib/gcc/arm-none-eabi/4.7.4/../../../../arm-none-eabi/lib/armv7e-m\libc.a(lib_a-__atexit.o)
 .comment       0x00000000       0x72 c:/program files (x86)/atmel/atmel toolchain/arm gcc/native/4.7.1416/arm-gnu-toolchain/bin/../lib/gcc/arm-none-eabi/4.7.4/../../../../arm-none-eabi/lib/armv7e-m\libc.a(lib_a-fini.o)
 .comment       0x00000000       0x72 c:/program files (x86)/atmel/atmel toolchain/arm gcc/native/4.7.1416/arm-gnu-toolchain/bin/../lib/gcc/arm-none-eabi/4.7.4/../../../../arm-none-eabi/lib/armv7e-m\libc.a(lib_a-impure.o)
 .comment       0x00000000       0x72 c:/program files (x86)/atmel/atmel toolchain/arm gcc/native/4.7.1416/arm-gnu-toolchain/bin/../lib/gcc/arm-none-eabi/4.7.4/../../../../arm-none-eabi/lib/armv7e-m\libc.a(lib_a-init.o)
 .comment       0x00000000       0x72 c:/program files (x86)/atmel/atmel toolchain/arm gcc/native/4.7.1416/arm-gnu-toolchain/bin/../lib/gcc/arm-none-eabi/4.7.4/../../../../arm-none-eabi/lib/armv7e-m\libc.a(lib_a-iprintf.o)
 .comment       0x00000000       0x72 c:/program files (x86)/atmel/atmel toolchain/arm gcc/native/4.7.1416/arm-gnu-toolchain/bin/../lib/gcc/arm-none-eabi/4.7.4/../../../../arm-none-eabi/lib/armv7e-m\libc.a(lib_a-memset.o)
 .comment       0x00000000       0x72 c:/program files (x86)/atmel/atmel toolchain/arm gcc/native/4.7.1416/arm-gnu-toolchain/bin/../lib/gcc/arm-none-eabi/4.7.4/../../../../arm-none-eabi/lib/armv7e-m\libc.a(lib_a-setbuf.o)
 .comment       0x00000000       0x72 c:/program files (x86)/atmel/atmel toolchain/arm gcc/native/4.7.1416/arm-gnu-toolchain/bin/../lib/gcc/arm-none-eabi/4.7.4/../../../../arm-none-eabi/lib/armv7e-m\libc.a(lib_a-setvbuf.o)
 .comment       0x00000000       0x72 c:/program files (x86)/atmel/atmel toolchain/arm gcc/native/4.7.1416/arm-gnu-toolchain/bin/../lib/gcc/arm-none-eabi/4.7.4/../../../../arm-none-eabi/lib/armv7e-m\libc.a(lib_a-vfiprintf.o)
 .comment       0x00000000       0x72 c:/program files (x86)/atmel/atmel toolchain/arm gcc/native/4.7.1416/arm-gnu-toolchain/bin/../lib/gcc/arm-none-eabi/4.7.4/../../../../arm-none-eabi/lib/armv7e-m\libc.a(lib_a-wsetup.o)
 .comment       0x00000000       0x72 c:/program files (x86)/atmel/atmel toolchain/arm gcc/native/4.7.1416/arm-gnu-toolchain/bin/../lib/gcc/arm-none-eabi/4.7.4/../../../../arm-none-eabi/lib/armv7e-m\libc.a(lib_a-__call_atexit.o)
 .comment       0x00000000       0x72 c:/program files (x86)/atmel/atmel toolchain/arm gcc/native/4.7.1416/arm-gnu-toolchain/bin/../lib/gcc/arm-none-eabi/4.7.4/../../../../arm-none-eabi/lib/armv7e-m\libc.a(lib_a-atexit.o)
 .comment       0x00000000       0x72 c:/program files (x86)/atmel/atmel toolchain/arm gcc/native/4.7.1416/arm-gnu-toolchain/bin/../lib/gcc/arm-none-eabi/4.7.4/../../../../arm-none-eabi/lib/armv7e-m\libc.a(lib_a-fflush.o)
 .comment       0x00000000       0x72 c:/program files (x86)/atmel/atmel toolchain/arm gcc/native/4.7.1416/arm-gnu-toolchain/bin/../lib/gcc/arm-none-eabi/4.7.4/../../../../arm-none-eabi/lib/armv7e-m\libc.a(lib_a-findfp.o)
 .comment       0x00000000       0x72 c:/program files (x86)/atmel/atmel toolchain/arm gcc/native/4.7.1416/arm-gnu-toolchain/bin/../lib/gcc/arm-none-eabi/4.7.4/../../../../arm-none-eabi/lib/armv7e-m\libc.a(lib_a-fputwc.o)
 .comment       0x00000000       0x72 c:/program files (x86)/atmel/atmel toolchain/arm gcc/native/4.7.1416/arm-gnu-toolchain/bin/../lib/gcc/arm-none-eabi/4.7.4/../../../../arm-none-eabi/lib/armv7e-m\libc.a(lib_a-freer.o)
 .comment       0x00000000       0x72 c:/program files (x86)/atmel/atmel toolchain/arm gcc/native/4.7.1416/arm-gnu-toolchain/bin/../lib/gcc/arm-none-eabi/4.7.4/../../../../arm-none-eabi/lib/armv7e-m\libc.a(lib_a-fvwrite.o)
 .comment       0x00000000       0x72 c:/program files (x86)/atmel/atmel toolchain/arm gcc/native/4.7.1416/arm-gnu-toolchain/bin/../lib/gcc/arm-none-eabi/4.7.4/../../../../arm-none-eabi/lib/armv7e-m\libc.a(lib_a-fwalk.o)
 .comment       0x00000000       0x72 c:/program files (x86)/atmel/atmel toolchain/arm gcc/native/4.7.1416/arm-gnu-toolchain/bin/../lib/gcc/arm-none-eabi/4.7.4/../../../../arm-none-eabi/lib/armv7e-m\libc.a(lib_a-locale.o)
 .comment       0x00000000       0x72 c:/program files (x86)/atmel/atmel toolchain/arm gcc/native/4.7.1416/arm-gnu-toolchain/bin/../lib/gcc/arm-none-eabi/4.7.4/../../../../arm-none-eabi/lib/armv7e-m\libc.a(lib_a-makebuf.o)
 .comment       0x00000000       0x72 c:/program files (x86)/atmel/atmel toolchain/arm gcc/native/4.7.1416/arm-gnu-toolchain/bin/../lib/gcc/arm-none-eabi/4.7.4/../../../../arm-none-eabi/lib/armv7e-m\libc.a(lib_a-malloc.o)
 .comment       0x00000000       0x72 c:/program files (x86)/atmel/atmel toolchain/arm gcc/native/4.7.1416/arm-gnu-toolchain/bin/../lib/gcc/arm-none-eabi/4.7.4/../../../../arm-none-eabi/lib/armv7e-m\libc.a(lib_a-mallocr.o)
 .comment       0x00000000       0x72 c:/program files (x86)/atmel/atmel toolchain/arm gcc/native/4.7.1416/arm-gnu-toolchain/bin/../lib/gcc/arm-none-eabi/4.7.4/../../../../arm-none-eabi/lib/armv7e-m\libc.a(lib_a-memchr.o)
 .comment       0x00000000       0x72 c:/program files (x86)/atmel/atmel toolchain/arm gcc/native/4.7.1416/arm-gnu-toolchain/bin/../lib/gcc/arm-none-eabi/4.7.4/../../../../arm-none-eabi/lib/armv7e-m\libc.a(lib_a-memcpy.o)
 .comment       0x00000000       0x72 c:/program files (x86)/atmel/atmel toolchain/arm gcc/native/4.7.1416/arm-gnu-toolchain/bin/../lib/gcc/arm-none-eabi/4.7.4/../../../../arm-none-eabi/lib/armv7e-m\libc.a(lib_a-memmove.o)
 .comment       0x00000000       0x72 c:/program files (x86)/atmel/atmel toolchain/arm gcc/native/4.7.1416/arm-gnu-toolchain/bin/../lib/gcc/arm-none-eabi/4.7.4/../../../../arm-none-eabi/lib/armv7e-m\libc.a(lib_a-mlock.o)
 .comment       0x00000000       0x72 c:/program files (x86)/atmel/atmel toolchain/arm gcc/native/4.7.1416/arm-gnu-toolchain/bin/../lib/gcc/arm-none-eabi/4.7.4/../../../../arm-none-eabi/lib/armv7e-m\libc.a(lib_a-reallocr.o)
 .comment       0x00000000       0x72 c:/program files (x86)/atmel/atmel toolchain/arm gcc/native/4.7.1416/arm-gnu-toolchain/bin/../lib/gcc/arm-none-eabi/4.7.4/../../../../arm-none-eabi/lib/armv7e-m\libc.a(lib_a-sbrkr.o)
 .comment       0x00000000       0x72 c:/program files (x86)/atmel/atmel toolchain/arm gcc/native/4.7.1416/arm-gnu-toolchain/bin/../lib/gcc/arm-none-eabi/4.7.4/../../../../arm-none-eabi/lib/armv7e-m\libc.a(lib_a-stdio.o)
 .comment       0x00000000       0x72 c:/program files (x86)/atmel/atmel toolchain/arm gcc/native/4.7.1416/arm-gnu-toolchain/bin/../lib/gcc/arm-none-eabi/4.7.4/../../../../arm-none-eabi/lib/armv7e-m\libc.a(lib_a-strcmp.o)
 .comment       0x00000000       0x72 c:/program files (x86)/atmel/atmel toolchain/arm gcc/native/4.7.1416/arm-gnu-toolchain/bin/../lib/gcc/arm-none-eabi/4.7.4/../../../../arm-none-eabi/lib/armv7e-m\libc.a(lib_a-strlen.o)
 .comment       0x00000000       0x72 c:/program files (x86)/atmel/atmel toolchain/arm gcc/native/4.7.1416/arm-gnu-toolchain/bin/../lib/gcc/arm-none-eabi/4.7.4/../../../../arm-none-eabi/lib/armv7e-m\libc.a(lib_a-wbuf.o)
 .comment       0x00000000       0x72 c:/program files (x86)/atmel/atmel toolchain/arm gcc/native/4.7.1416/arm-gnu-toolchain/bin/../lib/gcc/arm-none-eabi/4.7.4/../../../../arm-none-eabi/lib/armv7e-m\libc.a(lib_a-wcrtomb.o)
 .comment       0x00000000       0x72 c:/program files (x86)/atmel/atmel toolchain/arm gcc/native/4.7.1416/arm-gnu-toolchain/bin/../lib/gcc/arm-none-eabi/4.7.4/../../../../arm-none-eabi/lib/armv7e-m\libc.a(lib_a-wctomb_r.o)
 .comment       0x00000000       0x72 c:/program files (x86)/atmel/atmel toolchain/arm gcc/native/4.7.1416/arm-gnu-toolchain/bin/../lib/gcc/arm-none-eabi/4.7.4/../../../../arm-none-eabi/lib/armv7e-m\libc.a(lib_a-writer.o)
 .comment       0x00000000       0x72 c:/program files (x86)/atmel/atmel toolchain/arm gcc/native/4.7.1416/arm-gnu-toolchain/bin/../lib/gcc/arm-none-eabi/4.7.4/../../../../arm-none-eabi/lib/armv7e-m\libc.a(lib_a-closer.o)
 .comment       0x00000000       0x72 c:/program files (x86)/atmel/atmel toolchain/arm gcc/native/4.7.1416/arm-gnu-toolchain/bin/../lib/gcc/arm-none-eabi/4.7.4/../../../../arm-none-eabi/lib/armv7e-m\libc.a(lib_a-fclose.o)
 .comment       0x00000000       0x72 c:/program files (x86)/atmel/atmel toolchain/arm gcc/native/4.7.1416/arm-gnu-toolchain/bin/../lib/gcc/arm-none-eabi/4.7.4/../../../../arm-none-eabi/lib/armv7e-m\libc.a(lib_a-fstatr.o)
 .comment       0x00000000       0x72 c:/program files (x86)/atmel/atmel toolchain/arm gcc/native/4.7.1416/arm-gnu-toolchain/bin/../lib/gcc/arm-none-eabi/4.7.4/../../../../arm-none-eabi/lib/armv7e-m\libc.a(lib_a-isattyr.o)
 .comment       0x00000000       0x72 c:/program files (x86)/atmel/atmel toolchain/arm gcc/native/4.7.1416/arm-gnu-toolchain/bin/../lib/gcc/arm-none-eabi/4.7.4/../../../../arm-none-eabi/lib/armv7e-m\libc.a(lib_a-lseekr.o)
 .comment       0x00000000       0x72 c:/program files (x86)/atmel/atmel toolchain/arm gcc/native/4.7.1416/arm-gnu-toolchain/bin/../lib/gcc/arm-none-eabi/4.7.4/../../../../arm-none-eabi/lib/armv7e-m\libc.a(lib_a-readr.o)
 .comment       0x00000000       0x72 c:/program files (x86)/atmel/atmel toolchain/arm gcc/native/4.7.1416/arm-gnu-toolchain/bin/../lib/gcc/arm-none-eabi/4.7.4/../../../../arm-none-eabi/lib/armv7e-m\libc.a(lib_a-reent.o)
 .comment       0x00000000       0x72 c:/program files (x86)/atmel/atmel toolchain/arm gcc/native/4.7.1416/arm-gnu-toolchain/bin/../lib/gcc/arm-none-eabi/4.7.4/armv7e-m/crtend.o

.debug_info     0x00000000    0x202e6
 .debug_info    0x00000000      0x6f9 src/ASF/common/services/clock/samg/sysclk.o
 .debug_info    0x000006f9      0x11e src/ASF/common/services/delay/sam/cycle_counter.o
 .debug_info    0x00000817      0x1d2 src/ASF/common/utils/interrupt/interrupt_sam_nvic.o
 .debug_info    0x000009e9      0x1d8 src/ASF/common/utils/stdio/read.o
 .debug_info    0x00000bc1      0x1aa src/ASF/common/utils/stdio/write.o
 .debug_info    0x00000d6b      0xc45 src/ASF/sam/boards/samg53_xplained_pro/board_init.o
 .debug_info    0x000019b0      0xf2b src/ASF/sam/drivers/pmc/pmc.o
 .debug_info    0x000028db      0xb3f src/ASF/sam/drivers/twi/twi.o
 .debug_info    0x0000341a      0x8d3 src/ASF/sam/drivers/uart/uart.o
 .debug_info    0x00003ced     0x141b src/ASF/sam/drivers/usart/usart.o
 .debug_info    0x00005108       0xae src/ASF/sam/utils/cmsis/samg/samg53/source/templates/exceptions.o
 .debug_info    0x000051b6      0x53e src/ASF/sam/utils/cmsis/samg/samg53/source/templates/gcc/startup_samg53.o
 .debug_info    0x000056f4      0x467 src/ASF/sam/utils/cmsis/samg/samg53/source/templates/system_samg53.o
 .debug_info    0x00005b5b      0x441 src/ASF/sam/utils/syscalls/gcc/syscalls.o
 .debug_info    0x00005f9c     0x264b src/twi_eeprom_example.o
 .debug_info    0x000085e7      0xa15 c:/program files (x86)/atmel/atmel toolchain/arm gcc/native/4.7.1416/arm-gnu-toolchain/bin/../lib/gcc/arm-none-eabi/4.7.4/../../../../arm-none-eabi/lib/armv7e-m\libc.a(lib_a-__atexit.o)
 .debug_info    0x00008ffc       0xf7 c:/program files (x86)/atmel/atmel toolchain/arm gcc/native/4.7.1416/arm-gnu-toolchain/bin/../lib/gcc/arm-none-eabi/4.7.4/../../../../arm-none-eabi/lib/armv7e-m\libc.a(lib_a-fini.o)
 .debug_info    0x000090f3      0x961 c:/program files (x86)/atmel/atmel toolchain/arm gcc/native/4.7.1416/arm-gnu-toolchain/bin/../lib/gcc/arm-none-eabi/4.7.4/../../../../arm-none-eabi/lib/armv7e-m\libc.a(lib_a-impure.o)
 .debug_info    0x00009a54      0x110 c:/program files (x86)/atmel/atmel toolchain/arm gcc/native/4.7.1416/arm-gnu-toolchain/bin/../lib/gcc/arm-none-eabi/4.7.4/../../../../arm-none-eabi/lib/armv7e-m\libc.a(lib_a-init.o)
 .debug_info    0x00009b64      0xa8d c:/program files (x86)/atmel/atmel toolchain/arm gcc/native/4.7.1416/arm-gnu-toolchain/bin/../lib/gcc/arm-none-eabi/4.7.4/../../../../arm-none-eabi/lib/armv7e-m\libc.a(lib_a-iprintf.o)
 .debug_info    0x0000a5f1       0xd3 c:/program files (x86)/atmel/atmel toolchain/arm gcc/native/4.7.1416/arm-gnu-toolchain/bin/../lib/gcc/arm-none-eabi/4.7.4/../../../../arm-none-eabi/lib/armv7e-m\libc.a(lib_a-memset.o)
 .debug_info    0x0000a6c4      0x9d7 c:/program files (x86)/atmel/atmel toolchain/arm gcc/native/4.7.1416/arm-gnu-toolchain/bin/../lib/gcc/arm-none-eabi/4.7.4/../../../../arm-none-eabi/lib/armv7e-m\libc.a(lib_a-setbuf.o)
 .debug_info    0x0000b09b      0xa79 c:/program files (x86)/atmel/atmel toolchain/arm gcc/native/4.7.1416/arm-gnu-toolchain/bin/../lib/gcc/arm-none-eabi/4.7.4/../../../../arm-none-eabi/lib/armv7e-m\libc.a(lib_a-setvbuf.o)
 .debug_info    0x0000bb14     0x129d c:/program files (x86)/atmel/atmel toolchain/arm gcc/native/4.7.1416/arm-gnu-toolchain/bin/../lib/gcc/arm-none-eabi/4.7.4/../../../../arm-none-eabi/lib/armv7e-m\libc.a(lib_a-vfiprintf.o)
 .debug_info    0x0000cdb1      0xa01 c:/program files (x86)/atmel/atmel toolchain/arm gcc/native/4.7.1416/arm-gnu-toolchain/bin/../lib/gcc/arm-none-eabi/4.7.4/../../../../arm-none-eabi/lib/armv7e-m\libc.a(lib_a-wsetup.o)
 .debug_info    0x0000d7b2      0xa7c c:/program files (x86)/atmel/atmel toolchain/arm gcc/native/4.7.1416/arm-gnu-toolchain/bin/../lib/gcc/arm-none-eabi/4.7.4/../../../../arm-none-eabi/lib/armv7e-m\libc.a(lib_a-__call_atexit.o)
 .debug_info    0x0000e22e      0x10f c:/program files (x86)/atmel/atmel toolchain/arm gcc/native/4.7.1416/arm-gnu-toolchain/bin/../lib/gcc/arm-none-eabi/4.7.4/../../../../arm-none-eabi/lib/armv7e-m\libc.a(lib_a-atexit.o)
 .debug_info    0x0000e33d      0xb2b c:/program files (x86)/atmel/atmel toolchain/arm gcc/native/4.7.1416/arm-gnu-toolchain/bin/../lib/gcc/arm-none-eabi/4.7.4/../../../../arm-none-eabi/lib/armv7e-m\libc.a(lib_a-fflush.o)
 .debug_info    0x0000ee68      0xdbc c:/program files (x86)/atmel/atmel toolchain/arm gcc/native/4.7.1416/arm-gnu-toolchain/bin/../lib/gcc/arm-none-eabi/4.7.4/../../../../arm-none-eabi/lib/armv7e-m\libc.a(lib_a-findfp.o)
 .debug_info    0x0000fc24      0xb7b c:/program files (x86)/atmel/atmel toolchain/arm gcc/native/4.7.1416/arm-gnu-toolchain/bin/../lib/gcc/arm-none-eabi/4.7.4/../../../../arm-none-eabi/lib/armv7e-m\libc.a(lib_a-fputwc.o)
 .debug_info    0x0001079f      0xd0f c:/program files (x86)/atmel/atmel toolchain/arm gcc/native/4.7.1416/arm-gnu-toolchain/bin/../lib/gcc/arm-none-eabi/4.7.4/../../../../arm-none-eabi/lib/armv7e-m\libc.a(lib_a-freer.o)
 .debug_info    0x000114ae      0xd8f c:/program files (x86)/atmel/atmel toolchain/arm gcc/native/4.7.1416/arm-gnu-toolchain/bin/../lib/gcc/arm-none-eabi/4.7.4/../../../../arm-none-eabi/lib/armv7e-m\libc.a(lib_a-fvwrite.o)
 .debug_info    0x0001223d      0xb9d c:/program files (x86)/atmel/atmel toolchain/arm gcc/native/4.7.1416/arm-gnu-toolchain/bin/../lib/gcc/arm-none-eabi/4.7.4/../../../../arm-none-eabi/lib/armv7e-m\libc.a(lib_a-fwalk.o)
 .debug_info    0x00012dda      0xd0f c:/program files (x86)/atmel/atmel toolchain/arm gcc/native/4.7.1416/arm-gnu-toolchain/bin/../lib/gcc/arm-none-eabi/4.7.4/../../../../arm-none-eabi/lib/armv7e-m\libc.a(lib_a-locale.o)
 .debug_info    0x00013ae9      0xbea c:/program files (x86)/atmel/atmel toolchain/arm gcc/native/4.7.1416/arm-gnu-toolchain/bin/../lib/gcc/arm-none-eabi/4.7.4/../../../../arm-none-eabi/lib/armv7e-m\libc.a(lib_a-makebuf.o)
 .debug_info    0x000146d3      0x9f2 c:/program files (x86)/atmel/atmel toolchain/arm gcc/native/4.7.1416/arm-gnu-toolchain/bin/../lib/gcc/arm-none-eabi/4.7.4/../../../../arm-none-eabi/lib/armv7e-m\libc.a(lib_a-malloc.o)
 .debug_info    0x000150c5      0xe25 c:/program files (x86)/atmel/atmel toolchain/arm gcc/native/4.7.1416/arm-gnu-toolchain/bin/../lib/gcc/arm-none-eabi/4.7.4/../../../../arm-none-eabi/lib/armv7e-m\libc.a(lib_a-mallocr.o)
 .debug_info    0x00015eea       0xf9 c:/program files (x86)/atmel/atmel toolchain/arm gcc/native/4.7.1416/arm-gnu-toolchain/bin/../lib/gcc/arm-none-eabi/4.7.4/../../../../arm-none-eabi/lib/armv7e-m\libc.a(lib_a-memchr.o)
 .debug_info    0x00015fe3      0x103 c:/program files (x86)/atmel/atmel toolchain/arm gcc/native/4.7.1416/arm-gnu-toolchain/bin/../lib/gcc/arm-none-eabi/4.7.4/../../../../arm-none-eabi/lib/armv7e-m\libc.a(lib_a-memcpy.o)
 .debug_info    0x000160e6      0x103 c:/program files (x86)/atmel/atmel toolchain/arm gcc/native/4.7.1416/arm-gnu-toolchain/bin/../lib/gcc/arm-none-eabi/4.7.4/../../../../arm-none-eabi/lib/armv7e-m\libc.a(lib_a-memmove.o)
 .debug_info    0x000161e9      0x985 c:/program files (x86)/atmel/atmel toolchain/arm gcc/native/4.7.1416/arm-gnu-toolchain/bin/../lib/gcc/arm-none-eabi/4.7.4/../../../../arm-none-eabi/lib/armv7e-m\libc.a(lib_a-mlock.o)
 .debug_info    0x00016b6e      0xd3c c:/program files (x86)/atmel/atmel toolchain/arm gcc/native/4.7.1416/arm-gnu-toolchain/bin/../lib/gcc/arm-none-eabi/4.7.4/../../../../arm-none-eabi/lib/armv7e-m\libc.a(lib_a-reallocr.o)
 .debug_info    0x000178aa      0x9cc c:/program files (x86)/atmel/atmel toolchain/arm gcc/native/4.7.1416/arm-gnu-toolchain/bin/../lib/gcc/arm-none-eabi/4.7.4/../../../../arm-none-eabi/lib/armv7e-m\libc.a(lib_a-sbrkr.o)
 .debug_info    0x00018276      0xc7b c:/program files (x86)/atmel/atmel toolchain/arm gcc/native/4.7.1416/arm-gnu-toolchain/bin/../lib/gcc/arm-none-eabi/4.7.4/../../../../arm-none-eabi/lib/armv7e-m\libc.a(lib_a-stdio.o)
 .debug_info    0x00018ef1       0xb5 c:/program files (x86)/atmel/atmel toolchain/arm gcc/native/4.7.1416/arm-gnu-toolchain/bin/../lib/gcc/arm-none-eabi/4.7.4/../../../../arm-none-eabi/lib/armv7e-m\libc.a(lib_a-strcmp.o)
 .debug_info    0x00018fa6       0xcd c:/program files (x86)/atmel/atmel toolchain/arm gcc/native/4.7.1416/arm-gnu-toolchain/bin/../lib/gcc/arm-none-eabi/4.7.4/../../../../arm-none-eabi/lib/armv7e-m\libc.a(lib_a-strlen.o)
 .debug_info    0x00019073      0xaa2 c:/program files (x86)/atmel/atmel toolchain/arm gcc/native/4.7.1416/arm-gnu-toolchain/bin/../lib/gcc/arm-none-eabi/4.7.4/../../../../arm-none-eabi/lib/armv7e-m\libc.a(lib_a-wbuf.o)
 .debug_info    0x00019b15      0xaa8 c:/program files (x86)/atmel/atmel toolchain/arm gcc/native/4.7.1416/arm-gnu-toolchain/bin/../lib/gcc/arm-none-eabi/4.7.4/../../../../arm-none-eabi/lib/armv7e-m\libc.a(lib_a-wcrtomb.o)
 .debug_info    0x0001a5bd      0xa92 c:/program files (x86)/atmel/atmel toolchain/arm gcc/native/4.7.1416/arm-gnu-toolchain/bin/../lib/gcc/arm-none-eabi/4.7.4/../../../../arm-none-eabi/lib/armv7e-m\libc.a(lib_a-wctomb_r.o)
 .debug_info    0x0001b04f      0x9ff c:/program files (x86)/atmel/atmel toolchain/arm gcc/native/4.7.1416/arm-gnu-toolchain/bin/../lib/gcc/arm-none-eabi/4.7.4/../../../../arm-none-eabi/lib/armv7e-m\libc.a(lib_a-writer.o)
 .debug_info    0x0001ba4e      0x9b6 c:/program files (x86)/atmel/atmel toolchain/arm gcc/native/4.7.1416/arm-gnu-toolchain/bin/../lib/gcc/arm-none-eabi/4.7.4/../../../../arm-none-eabi/lib/armv7e-m\libc.a(lib_a-closer.o)
 .debug_info    0x0001c404      0xac3 c:/program files (x86)/atmel/atmel toolchain/arm gcc/native/4.7.1416/arm-gnu-toolchain/bin/../lib/gcc/arm-none-eabi/4.7.4/../../../../arm-none-eabi/lib/armv7e-m\libc.a(lib_a-fclose.o)
 .debug_info    0x0001cec7      0xb61 c:/program files (x86)/atmel/atmel toolchain/arm gcc/native/4.7.1416/arm-gnu-toolchain/bin/../lib/gcc/arm-none-eabi/4.7.4/../../../../arm-none-eabi/lib/armv7e-m\libc.a(lib_a-fstatr.o)
 .debug_info    0x0001da28      0x9b6 c:/program files (x86)/atmel/atmel toolchain/arm gcc/native/4.7.1416/arm-gnu-toolchain/bin/../lib/gcc/arm-none-eabi/4.7.4/../../../../arm-none-eabi/lib/armv7e-m\libc.a(lib_a-isattyr.o)
 .debug_info    0x0001e3de      0x9ed c:/program files (x86)/atmel/atmel toolchain/arm gcc/native/4.7.1416/arm-gnu-toolchain/bin/../lib/gcc/arm-none-eabi/4.7.4/../../../../arm-none-eabi/lib/armv7e-m\libc.a(lib_a-lseekr.o)
 .debug_info    0x0001edcb      0x9f8 c:/program files (x86)/atmel/atmel toolchain/arm gcc/native/4.7.1416/arm-gnu-toolchain/bin/../lib/gcc/arm-none-eabi/4.7.4/../../../../arm-none-eabi/lib/armv7e-m\libc.a(lib_a-readr.o)
 .debug_info    0x0001f7c3      0xb23 c:/program files (x86)/atmel/atmel toolchain/arm gcc/native/4.7.1416/arm-gnu-toolchain/bin/../lib/gcc/arm-none-eabi/4.7.4/../../../../arm-none-eabi/lib/armv7e-m\libc.a(lib_a-reent.o)

.debug_abbrev   0x00000000     0x65bc
 .debug_abbrev  0x00000000      0x21f src/ASF/common/services/clock/samg/sysclk.o
 .debug_abbrev  0x0000021f       0x9d src/ASF/common/services/delay/sam/cycle_counter.o
 .debug_abbrev  0x000002bc       0xef src/ASF/common/utils/interrupt/interrupt_sam_nvic.o
 .debug_abbrev  0x000003ab      0x10c src/ASF/common/utils/stdio/read.o
 .debug_abbrev  0x000004b7       0xf5 src/ASF/common/utils/stdio/write.o
 .debug_abbrev  0x000005ac      0x202 src/ASF/sam/boards/samg53_xplained_pro/board_init.o
 .debug_abbrev  0x000007ae      0x27a src/ASF/sam/drivers/pmc/pmc.o
 .debug_abbrev  0x00000a28      0x285 src/ASF/sam/drivers/twi/twi.o
 .debug_abbrev  0x00000cad      0x1bd src/ASF/sam/drivers/uart/uart.o
 .debug_abbrev  0x00000e6a      0x27d src/ASF/sam/drivers/usart/usart.o
 .debug_abbrev  0x000010e7       0x6c src/ASF/sam/utils/cmsis/samg/samg53/source/templates/exceptions.o
 .debug_abbrev  0x00001153      0x1d3 src/ASF/sam/utils/cmsis/samg/samg53/source/templates/gcc/startup_samg53.o
 .debug_abbrev  0x00001326       0xf5 src/ASF/sam/utils/cmsis/samg/samg53/source/templates/system_samg53.o
 .debug_abbrev  0x0000141b      0x15d src/ASF/sam/utils/syscalls/gcc/syscalls.o
 .debug_abbrev  0x00001578      0x47c src/twi_eeprom_example.o
 .debug_abbrev  0x000019f4      0x1fe c:/program files (x86)/atmel/atmel toolchain/arm gcc/native/4.7.1416/arm-gnu-toolchain/bin/../lib/gcc/arm-none-eabi/4.7.4/../../../../arm-none-eabi/lib/armv7e-m\libc.a(lib_a-__atexit.o)
 .debug_abbrev  0x00001bf2       0xbb c:/program files (x86)/atmel/atmel toolchain/arm gcc/native/4.7.1416/arm-gnu-toolchain/bin/../lib/gcc/arm-none-eabi/4.7.4/../../../../arm-none-eabi/lib/armv7e-m\libc.a(lib_a-fini.o)
 .debug_abbrev  0x00001cad      0x160 c:/program files (x86)/atmel/atmel toolchain/arm gcc/native/4.7.1416/arm-gnu-toolchain/bin/../lib/gcc/arm-none-eabi/4.7.4/../../../../arm-none-eabi/lib/armv7e-m\libc.a(lib_a-impure.o)
 .debug_abbrev  0x00001e0d       0xb8 c:/program files (x86)/atmel/atmel toolchain/arm gcc/native/4.7.1416/arm-gnu-toolchain/bin/../lib/gcc/arm-none-eabi/4.7.4/../../../../arm-none-eabi/lib/armv7e-m\libc.a(lib_a-init.o)
 .debug_abbrev  0x00001ec5      0x1ed c:/program files (x86)/atmel/atmel toolchain/arm gcc/native/4.7.1416/arm-gnu-toolchain/bin/../lib/gcc/arm-none-eabi/4.7.4/../../../../arm-none-eabi/lib/armv7e-m\libc.a(lib_a-iprintf.o)
 .debug_abbrev  0x000020b2       0x8c c:/program files (x86)/atmel/atmel toolchain/arm gcc/native/4.7.1416/arm-gnu-toolchain/bin/../lib/gcc/arm-none-eabi/4.7.4/../../../../arm-none-eabi/lib/armv7e-m\libc.a(lib_a-memset.o)
 .debug_abbrev  0x0000213e      0x19c c:/program files (x86)/atmel/atmel toolchain/arm gcc/native/4.7.1416/arm-gnu-toolchain/bin/../lib/gcc/arm-none-eabi/4.7.4/../../../../arm-none-eabi/lib/armv7e-m\libc.a(lib_a-setbuf.o)
 .debug_abbrev  0x000022da      0x217 c:/program files (x86)/atmel/atmel toolchain/arm gcc/native/4.7.1416/arm-gnu-toolchain/bin/../lib/gcc/arm-none-eabi/4.7.4/../../../../arm-none-eabi/lib/armv7e-m\libc.a(lib_a-setvbuf.o)
 .debug_abbrev  0x000024f1      0x39e c:/program files (x86)/atmel/atmel toolchain/arm gcc/native/4.7.1416/arm-gnu-toolchain/bin/../lib/gcc/arm-none-eabi/4.7.4/../../../../arm-none-eabi/lib/armv7e-m\libc.a(lib_a-vfiprintf.o)
 .debug_abbrev  0x0000288f      0x1d5 c:/program files (x86)/atmel/atmel toolchain/arm gcc/native/4.7.1416/arm-gnu-toolchain/bin/../lib/gcc/arm-none-eabi/4.7.4/../../../../arm-none-eabi/lib/armv7e-m\libc.a(lib_a-wsetup.o)
 .debug_abbrev  0x00002a64      0x265 c:/program files (x86)/atmel/atmel toolchain/arm gcc/native/4.7.1416/arm-gnu-toolchain/bin/../lib/gcc/arm-none-eabi/4.7.4/../../../../arm-none-eabi/lib/armv7e-m\libc.a(lib_a-__call_atexit.o)
 .debug_abbrev  0x00002cc9       0xb6 c:/program files (x86)/atmel/atmel toolchain/arm gcc/native/4.7.1416/arm-gnu-toolchain/bin/../lib/gcc/arm-none-eabi/4.7.4/../../../../arm-none-eabi/lib/armv7e-m\libc.a(lib_a-atexit.o)
 .debug_abbrev  0x00002d7f      0x25f c:/program files (x86)/atmel/atmel toolchain/arm gcc/native/4.7.1416/arm-gnu-toolchain/bin/../lib/gcc/arm-none-eabi/4.7.4/../../../../arm-none-eabi/lib/armv7e-m\libc.a(lib_a-fflush.o)
 .debug_abbrev  0x00002fde      0x317 c:/program files (x86)/atmel/atmel toolchain/arm gcc/native/4.7.1416/arm-gnu-toolchain/bin/../lib/gcc/arm-none-eabi/4.7.4/../../../../arm-none-eabi/lib/armv7e-m\libc.a(lib_a-findfp.o)
 .debug_abbrev  0x000032f5      0x285 c:/program files (x86)/atmel/atmel toolchain/arm gcc/native/4.7.1416/arm-gnu-toolchain/bin/../lib/gcc/arm-none-eabi/4.7.4/../../../../arm-none-eabi/lib/armv7e-m\libc.a(lib_a-fputwc.o)
 .debug_abbrev  0x0000357a      0x248 c:/program files (x86)/atmel/atmel toolchain/arm gcc/native/4.7.1416/arm-gnu-toolchain/bin/../lib/gcc/arm-none-eabi/4.7.4/../../../../arm-none-eabi/lib/armv7e-m\libc.a(lib_a-freer.o)
 .debug_abbrev  0x000037c2      0x22e c:/program files (x86)/atmel/atmel toolchain/arm gcc/native/4.7.1416/arm-gnu-toolchain/bin/../lib/gcc/arm-none-eabi/4.7.4/../../../../arm-none-eabi/lib/armv7e-m\libc.a(lib_a-fvwrite.o)
 .debug_abbrev  0x000039f0      0x238 c:/program files (x86)/atmel/atmel toolchain/arm gcc/native/4.7.1416/arm-gnu-toolchain/bin/../lib/gcc/arm-none-eabi/4.7.4/../../../../arm-none-eabi/lib/armv7e-m\libc.a(lib_a-fwalk.o)
 .debug_abbrev  0x00003c28      0x2a1 c:/program files (x86)/atmel/atmel toolchain/arm gcc/native/4.7.1416/arm-gnu-toolchain/bin/../lib/gcc/arm-none-eabi/4.7.4/../../../../arm-none-eabi/lib/armv7e-m\libc.a(lib_a-locale.o)
 .debug_abbrev  0x00003ec9      0x1e8 c:/program files (x86)/atmel/atmel toolchain/arm gcc/native/4.7.1416/arm-gnu-toolchain/bin/../lib/gcc/arm-none-eabi/4.7.4/../../../../arm-none-eabi/lib/armv7e-m\libc.a(lib_a-makebuf.o)
 .debug_abbrev  0x000040b1      0x1da c:/program files (x86)/atmel/atmel toolchain/arm gcc/native/4.7.1416/arm-gnu-toolchain/bin/../lib/gcc/arm-none-eabi/4.7.4/../../../../arm-none-eabi/lib/armv7e-m\libc.a(lib_a-malloc.o)
 .debug_abbrev  0x0000428b      0x286 c:/program files (x86)/atmel/atmel toolchain/arm gcc/native/4.7.1416/arm-gnu-toolchain/bin/../lib/gcc/arm-none-eabi/4.7.4/../../../../arm-none-eabi/lib/armv7e-m\libc.a(lib_a-mallocr.o)
 .debug_abbrev  0x00004511       0xa9 c:/program files (x86)/atmel/atmel toolchain/arm gcc/native/4.7.1416/arm-gnu-toolchain/bin/../lib/gcc/arm-none-eabi/4.7.4/../../../../arm-none-eabi/lib/armv7e-m\libc.a(lib_a-memchr.o)
 .debug_abbrev  0x000045ba       0xa2 c:/program files (x86)/atmel/atmel toolchain/arm gcc/native/4.7.1416/arm-gnu-toolchain/bin/../lib/gcc/arm-none-eabi/4.7.4/../../../../arm-none-eabi/lib/armv7e-m\libc.a(lib_a-memcpy.o)
 .debug_abbrev  0x0000465c       0x9a c:/program files (x86)/atmel/atmel toolchain/arm gcc/native/4.7.1416/arm-gnu-toolchain/bin/../lib/gcc/arm-none-eabi/4.7.4/../../../../arm-none-eabi/lib/armv7e-m\libc.a(lib_a-memmove.o)
 .debug_abbrev  0x000046f6      0x17a c:/program files (x86)/atmel/atmel toolchain/arm gcc/native/4.7.1416/arm-gnu-toolchain/bin/../lib/gcc/arm-none-eabi/4.7.4/../../../../arm-none-eabi/lib/armv7e-m\libc.a(lib_a-mlock.o)
 .debug_abbrev  0x00004870      0x265 c:/program files (x86)/atmel/atmel toolchain/arm gcc/native/4.7.1416/arm-gnu-toolchain/bin/../lib/gcc/arm-none-eabi/4.7.4/../../../../arm-none-eabi/lib/armv7e-m\libc.a(lib_a-reallocr.o)
 .debug_abbrev  0x00004ad5      0x1dd c:/program files (x86)/atmel/atmel toolchain/arm gcc/native/4.7.1416/arm-gnu-toolchain/bin/../lib/gcc/arm-none-eabi/4.7.4/../../../../arm-none-eabi/lib/armv7e-m\libc.a(lib_a-sbrkr.o)
 .debug_abbrev  0x00004cb2      0x244 c:/program files (x86)/atmel/atmel toolchain/arm gcc/native/4.7.1416/arm-gnu-toolchain/bin/../lib/gcc/arm-none-eabi/4.7.4/../../../../arm-none-eabi/lib/armv7e-m\libc.a(lib_a-stdio.o)
 .debug_abbrev  0x00004ef6       0x70 c:/program files (x86)/atmel/atmel toolchain/arm gcc/native/4.7.1416/arm-gnu-toolchain/bin/../lib/gcc/arm-none-eabi/4.7.4/../../../../arm-none-eabi/lib/armv7e-m\libc.a(lib_a-strcmp.o)
 .debug_abbrev  0x00004f66       0x8a c:/program files (x86)/atmel/atmel toolchain/arm gcc/native/4.7.1416/arm-gnu-toolchain/bin/../lib/gcc/arm-none-eabi/4.7.4/../../../../arm-none-eabi/lib/armv7e-m\libc.a(lib_a-strlen.o)
 .debug_abbrev  0x00004ff0      0x21a c:/program files (x86)/atmel/atmel toolchain/arm gcc/native/4.7.1416/arm-gnu-toolchain/bin/../lib/gcc/arm-none-eabi/4.7.4/../../../../arm-none-eabi/lib/armv7e-m\libc.a(lib_a-wbuf.o)
 .debug_abbrev  0x0000520a      0x205 c:/program files (x86)/atmel/atmel toolchain/arm gcc/native/4.7.1416/arm-gnu-toolchain/bin/../lib/gcc/arm-none-eabi/4.7.4/../../../../arm-none-eabi/lib/armv7e-m\libc.a(lib_a-wcrtomb.o)
 .debug_abbrev  0x0000540f      0x210 c:/program files (x86)/atmel/atmel toolchain/arm gcc/native/4.7.1416/arm-gnu-toolchain/bin/../lib/gcc/arm-none-eabi/4.7.4/../../../../arm-none-eabi/lib/armv7e-m\libc.a(lib_a-wctomb_r.o)
 .debug_abbrev  0x0000561f      0x1d4 c:/program files (x86)/atmel/atmel toolchain/arm gcc/native/4.7.1416/arm-gnu-toolchain/bin/../lib/gcc/arm-none-eabi/4.7.4/../../../../arm-none-eabi/lib/armv7e-m\libc.a(lib_a-writer.o)
 .debug_abbrev  0x000057f3      0x1cf c:/program files (x86)/atmel/atmel toolchain/arm gcc/native/4.7.1416/arm-gnu-toolchain/bin/../lib/gcc/arm-none-eabi/4.7.4/../../../../arm-none-eabi/lib/armv7e-m\libc.a(lib_a-closer.o)
 .debug_abbrev  0x000059c2      0x232 c:/program files (x86)/atmel/atmel toolchain/arm gcc/native/4.7.1416/arm-gnu-toolchain/bin/../lib/gcc/arm-none-eabi/4.7.4/../../../../arm-none-eabi/lib/armv7e-m\libc.a(lib_a-fclose.o)
 .debug_abbrev  0x00005bf4      0x1de c:/program files (x86)/atmel/atmel toolchain/arm gcc/native/4.7.1416/arm-gnu-toolchain/bin/../lib/gcc/arm-none-eabi/4.7.4/../../../../arm-none-eabi/lib/armv7e-m\libc.a(lib_a-fstatr.o)
 .debug_abbrev  0x00005dd2      0x1cf c:/program files (x86)/atmel/atmel toolchain/arm gcc/native/4.7.1416/arm-gnu-toolchain/bin/../lib/gcc/arm-none-eabi/4.7.4/../../../../arm-none-eabi/lib/armv7e-m\libc.a(lib_a-isattyr.o)
 .debug_abbrev  0x00005fa1      0x1de c:/program files (x86)/atmel/atmel toolchain/arm gcc/native/4.7.1416/arm-gnu-toolchain/bin/../lib/gcc/arm-none-eabi/4.7.4/../../../../arm-none-eabi/lib/armv7e-m\libc.a(lib_a-lseekr.o)
 .debug_abbrev  0x0000617f      0x1cf c:/program files (x86)/atmel/atmel toolchain/arm gcc/native/4.7.1416/arm-gnu-toolchain/bin/../lib/gcc/arm-none-eabi/4.7.4/../../../../arm-none-eabi/lib/armv7e-m\libc.a(lib_a-readr.o)
 .debug_abbrev  0x0000634e      0x26e c:/program files (x86)/atmel/atmel toolchain/arm gcc/native/4.7.1416/arm-gnu-toolchain/bin/../lib/gcc/arm-none-eabi/4.7.4/../../../../arm-none-eabi/lib/armv7e-m\libc.a(lib_a-reent.o)

.debug_loc      0x00000000     0x7461
 .debug_loc     0x00000000       0xd4 src/ASF/common/services/clock/samg/sysclk.o
 .debug_loc     0x000000d4       0x1e src/ASF/common/utils/interrupt/interrupt_sam_nvic.o
 .debug_loc     0x000000f2       0xff src/ASF/common/utils/stdio/read.o
 .debug_loc     0x000001f1       0xcc src/ASF/common/utils/stdio/write.o
 .debug_loc     0x000002bd       0xd0 src/ASF/sam/boards/samg53_xplained_pro/board_init.o
 .debug_loc     0x0000038d      0xa2b src/ASF/sam/drivers/pmc/pmc.o
 .debug_loc     0x00000db8      0x7fd src/ASF/sam/drivers/twi/twi.o
 .debug_loc     0x000015b5      0x3ac src/ASF/sam/drivers/uart/uart.o
 .debug_loc     0x00001961      0xcf9 src/ASF/sam/drivers/usart/usart.o
 .debug_loc     0x0000265a       0x67 src/ASF/sam/utils/cmsis/samg/samg53/source/templates/gcc/startup_samg53.o
 .debug_loc     0x000026c1       0x3a src/ASF/sam/utils/cmsis/samg/samg53/source/templates/system_samg53.o
 .debug_loc     0x000026fb      0x134 src/ASF/sam/utils/syscalls/gcc/syscalls.o
 .debug_loc     0x0000282f      0x2e1 src/twi_eeprom_example.o
 .debug_loc     0x00002b10       0xfc c:/program files (x86)/atmel/atmel toolchain/arm gcc/native/4.7.1416/arm-gnu-toolchain/bin/../lib/gcc/arm-none-eabi/4.7.4/../../../../arm-none-eabi/lib/armv7e-m\libc.a(lib_a-__atexit.o)
 .debug_loc     0x00002c0c       0x33 c:/program files (x86)/atmel/atmel toolchain/arm gcc/native/4.7.1416/arm-gnu-toolchain/bin/../lib/gcc/arm-none-eabi/4.7.4/../../../../arm-none-eabi/lib/armv7e-m\libc.a(lib_a-fini.o)
 .debug_loc     0x00002c3f       0x56 c:/program files (x86)/atmel/atmel toolchain/arm gcc/native/4.7.1416/arm-gnu-toolchain/bin/../lib/gcc/arm-none-eabi/4.7.4/../../../../arm-none-eabi/lib/armv7e-m\libc.a(lib_a-init.o)
 .debug_loc     0x00002c95       0x8c c:/program files (x86)/atmel/atmel toolchain/arm gcc/native/4.7.1416/arm-gnu-toolchain/bin/../lib/gcc/arm-none-eabi/4.7.4/../../../../arm-none-eabi/lib/armv7e-m\libc.a(lib_a-iprintf.o)
 .debug_loc     0x00002d21       0x3f c:/program files (x86)/atmel/atmel toolchain/arm gcc/native/4.7.1416/arm-gnu-toolchain/bin/../lib/gcc/arm-none-eabi/4.7.4/../../../../arm-none-eabi/lib/armv7e-m\libc.a(lib_a-memset.o)
 .debug_loc     0x00002d60       0x42 c:/program files (x86)/atmel/atmel toolchain/arm gcc/native/4.7.1416/arm-gnu-toolchain/bin/../lib/gcc/arm-none-eabi/4.7.4/../../../../arm-none-eabi/lib/armv7e-m\libc.a(lib_a-setbuf.o)
 .debug_loc     0x00002da2      0x174 c:/program files (x86)/atmel/atmel toolchain/arm gcc/native/4.7.1416/arm-gnu-toolchain/bin/../lib/gcc/arm-none-eabi/4.7.4/../../../../arm-none-eabi/lib/armv7e-m\libc.a(lib_a-setvbuf.o)
 .debug_loc     0x00002f16      0xfa5 c:/program files (x86)/atmel/atmel toolchain/arm gcc/native/4.7.1416/arm-gnu-toolchain/bin/../lib/gcc/arm-none-eabi/4.7.4/../../../../arm-none-eabi/lib/armv7e-m\libc.a(lib_a-vfiprintf.o)
 .debug_loc     0x00003ebb       0x5c c:/program files (x86)/atmel/atmel toolchain/arm gcc/native/4.7.1416/arm-gnu-toolchain/bin/../lib/gcc/arm-none-eabi/4.7.4/../../../../arm-none-eabi/lib/armv7e-m\libc.a(lib_a-wsetup.o)
 .debug_loc     0x00003f17      0x13b c:/program files (x86)/atmel/atmel toolchain/arm gcc/native/4.7.1416/arm-gnu-toolchain/bin/../lib/gcc/arm-none-eabi/4.7.4/../../../../arm-none-eabi/lib/armv7e-m\libc.a(lib_a-__call_atexit.o)
 .debug_loc     0x00004052       0x2c c:/program files (x86)/atmel/atmel toolchain/arm gcc/native/4.7.1416/arm-gnu-toolchain/bin/../lib/gcc/arm-none-eabi/4.7.4/../../../../arm-none-eabi/lib/armv7e-m\libc.a(lib_a-atexit.o)
 .debug_loc     0x0000407e      0x1cc c:/program files (x86)/atmel/atmel toolchain/arm gcc/native/4.7.1416/arm-gnu-toolchain/bin/../lib/gcc/arm-none-eabi/4.7.4/../../../../arm-none-eabi/lib/armv7e-m\libc.a(lib_a-fflush.o)
 .debug_loc     0x0000424a      0x25b c:/program files (x86)/atmel/atmel toolchain/arm gcc/native/4.7.1416/arm-gnu-toolchain/bin/../lib/gcc/arm-none-eabi/4.7.4/../../../../arm-none-eabi/lib/armv7e-m\libc.a(lib_a-findfp.o)
 .debug_loc     0x000044a5      0x15e c:/program files (x86)/atmel/atmel toolchain/arm gcc/native/4.7.1416/arm-gnu-toolchain/bin/../lib/gcc/arm-none-eabi/4.7.4/../../../../arm-none-eabi/lib/armv7e-m\libc.a(lib_a-fputwc.o)
 .debug_loc     0x00004603      0x409 c:/program files (x86)/atmel/atmel toolchain/arm gcc/native/4.7.1416/arm-gnu-toolchain/bin/../lib/gcc/arm-none-eabi/4.7.4/../../../../arm-none-eabi/lib/armv7e-m\libc.a(lib_a-freer.o)
 .debug_loc     0x00004a0c      0x413 c:/program files (x86)/atmel/atmel toolchain/arm gcc/native/4.7.1416/arm-gnu-toolchain/bin/../lib/gcc/arm-none-eabi/4.7.4/../../../../arm-none-eabi/lib/armv7e-m\libc.a(lib_a-fvwrite.o)
 .debug_loc     0x00004e1f      0x1cf c:/program files (x86)/atmel/atmel toolchain/arm gcc/native/4.7.1416/arm-gnu-toolchain/bin/../lib/gcc/arm-none-eabi/4.7.4/../../../../arm-none-eabi/lib/armv7e-m\libc.a(lib_a-fwalk.o)
 .debug_loc     0x00004fee      0x141 c:/program files (x86)/atmel/atmel toolchain/arm gcc/native/4.7.1416/arm-gnu-toolchain/bin/../lib/gcc/arm-none-eabi/4.7.4/../../../../arm-none-eabi/lib/armv7e-m\libc.a(lib_a-locale.o)
 .debug_loc     0x0000512f      0x10a c:/program files (x86)/atmel/atmel toolchain/arm gcc/native/4.7.1416/arm-gnu-toolchain/bin/../lib/gcc/arm-none-eabi/4.7.4/../../../../arm-none-eabi/lib/armv7e-m\libc.a(lib_a-makebuf.o)
 .debug_loc     0x00005239       0x58 c:/program files (x86)/atmel/atmel toolchain/arm gcc/native/4.7.1416/arm-gnu-toolchain/bin/../lib/gcc/arm-none-eabi/4.7.4/../../../../arm-none-eabi/lib/armv7e-m\libc.a(lib_a-malloc.o)
 .debug_loc     0x00005291      0x75e c:/program files (x86)/atmel/atmel toolchain/arm gcc/native/4.7.1416/arm-gnu-toolchain/bin/../lib/gcc/arm-none-eabi/4.7.4/../../../../arm-none-eabi/lib/armv7e-m\libc.a(lib_a-mallocr.o)
 .debug_loc     0x000059ef       0x88 c:/program files (x86)/atmel/atmel toolchain/arm gcc/native/4.7.1416/arm-gnu-toolchain/bin/../lib/gcc/arm-none-eabi/4.7.4/../../../../arm-none-eabi/lib/armv7e-m\libc.a(lib_a-memchr.o)
 .debug_loc     0x00005a77       0x59 c:/program files (x86)/atmel/atmel toolchain/arm gcc/native/4.7.1416/arm-gnu-toolchain/bin/../lib/gcc/arm-none-eabi/4.7.4/../../../../arm-none-eabi/lib/armv7e-m\libc.a(lib_a-memcpy.o)
 .debug_loc     0x00005ad0       0xd4 c:/program files (x86)/atmel/atmel toolchain/arm gcc/native/4.7.1416/arm-gnu-toolchain/bin/../lib/gcc/arm-none-eabi/4.7.4/../../../../arm-none-eabi/lib/armv7e-m\libc.a(lib_a-memmove.o)
 .debug_loc     0x00005ba4      0xc64 c:/program files (x86)/atmel/atmel toolchain/arm gcc/native/4.7.1416/arm-gnu-toolchain/bin/../lib/gcc/arm-none-eabi/4.7.4/../../../../arm-none-eabi/lib/armv7e-m\libc.a(lib_a-reallocr.o)
 .debug_loc     0x00006808       0x5f c:/program files (x86)/atmel/atmel toolchain/arm gcc/native/4.7.1416/arm-gnu-toolchain/bin/../lib/gcc/arm-none-eabi/4.7.4/../../../../arm-none-eabi/lib/armv7e-m\libc.a(lib_a-sbrkr.o)
 .debug_loc     0x00006867      0x23d c:/program files (x86)/atmel/atmel toolchain/arm gcc/native/4.7.1416/arm-gnu-toolchain/bin/../lib/gcc/arm-none-eabi/4.7.4/../../../../arm-none-eabi/lib/armv7e-m\libc.a(lib_a-stdio.o)
 .debug_loc     0x00006aa4       0x21 c:/program files (x86)/atmel/atmel toolchain/arm gcc/native/4.7.1416/arm-gnu-toolchain/bin/../lib/gcc/arm-none-eabi/4.7.4/../../../../arm-none-eabi/lib/armv7e-m\libc.a(lib_a-strcmp.o)
 .debug_loc     0x00006ac5       0x21 c:/program files (x86)/atmel/atmel toolchain/arm gcc/native/4.7.1416/arm-gnu-toolchain/bin/../lib/gcc/arm-none-eabi/4.7.4/../../../../arm-none-eabi/lib/armv7e-m\libc.a(lib_a-strlen.o)
 .debug_loc     0x00006ae6      0x13d c:/program files (x86)/atmel/atmel toolchain/arm gcc/native/4.7.1416/arm-gnu-toolchain/bin/../lib/gcc/arm-none-eabi/4.7.4/../../../../arm-none-eabi/lib/armv7e-m\libc.a(lib_a-wbuf.o)
 .debug_loc     0x00006c23      0x18d c:/program files (x86)/atmel/atmel toolchain/arm gcc/native/4.7.1416/arm-gnu-toolchain/bin/../lib/gcc/arm-none-eabi/4.7.4/../../../../arm-none-eabi/lib/armv7e-m\libc.a(lib_a-wcrtomb.o)
 .debug_loc     0x00006db0      0x117 c:/program files (x86)/atmel/atmel toolchain/arm gcc/native/4.7.1416/arm-gnu-toolchain/bin/../lib/gcc/arm-none-eabi/4.7.4/../../../../arm-none-eabi/lib/armv7e-m\libc.a(lib_a-wctomb_r.o)
 .debug_loc     0x00006ec7       0xb7 c:/program files (x86)/atmel/atmel toolchain/arm gcc/native/4.7.1416/arm-gnu-toolchain/bin/../lib/gcc/arm-none-eabi/4.7.4/../../../../arm-none-eabi/lib/armv7e-m\libc.a(lib_a-writer.o)
 .debug_loc     0x00006f7e       0x5f c:/program files (x86)/atmel/atmel toolchain/arm gcc/native/4.7.1416/arm-gnu-toolchain/bin/../lib/gcc/arm-none-eabi/4.7.4/../../../../arm-none-eabi/lib/armv7e-m\libc.a(lib_a-closer.o)
 .debug_loc     0x00006fdd       0xd2 c:/program files (x86)/atmel/atmel toolchain/arm gcc/native/4.7.1416/arm-gnu-toolchain/bin/../lib/gcc/arm-none-eabi/4.7.4/../../../../arm-none-eabi/lib/armv7e-m\libc.a(lib_a-fclose.o)
 .debug_loc     0x000070af       0x8b c:/program files (x86)/atmel/atmel toolchain/arm gcc/native/4.7.1416/arm-gnu-toolchain/bin/../lib/gcc/arm-none-eabi/4.7.4/../../../../arm-none-eabi/lib/armv7e-m\libc.a(lib_a-fstatr.o)
 .debug_loc     0x0000713a       0x5f c:/program files (x86)/atmel/atmel toolchain/arm gcc/native/4.7.1416/arm-gnu-toolchain/bin/../lib/gcc/arm-none-eabi/4.7.4/../../../../arm-none-eabi/lib/armv7e-m\libc.a(lib_a-isattyr.o)
 .debug_loc     0x00007199       0xb7 c:/program files (x86)/atmel/atmel toolchain/arm gcc/native/4.7.1416/arm-gnu-toolchain/bin/../lib/gcc/arm-none-eabi/4.7.4/../../../../arm-none-eabi/lib/armv7e-m\libc.a(lib_a-lseekr.o)
 .debug_loc     0x00007250       0xb7 c:/program files (x86)/atmel/atmel toolchain/arm gcc/native/4.7.1416/arm-gnu-toolchain/bin/../lib/gcc/arm-none-eabi/4.7.4/../../../../arm-none-eabi/lib/armv7e-m\libc.a(lib_a-readr.o)
 .debug_loc     0x00007307      0x15a c:/program files (x86)/atmel/atmel toolchain/arm gcc/native/4.7.1416/arm-gnu-toolchain/bin/../lib/gcc/arm-none-eabi/4.7.4/../../../../arm-none-eabi/lib/armv7e-m\libc.a(lib_a-reent.o)

.debug_aranges  0x00000000      0xc60
 .debug_aranges
                0x00000000       0x30 src/ASF/common/services/clock/samg/sysclk.o
 .debug_aranges
                0x00000030       0x20 src/ASF/common/services/delay/sam/cycle_counter.o
 .debug_aranges
                0x00000050       0x28 src/ASF/common/utils/interrupt/interrupt_sam_nvic.o
 .debug_aranges
                0x00000078       0x20 src/ASF/common/utils/stdio/read.o
 .debug_aranges
                0x00000098       0x20 src/ASF/common/utils/stdio/write.o
 .debug_aranges
                0x000000b8       0x20 src/ASF/sam/boards/samg53_xplained_pro/board_init.o
 .debug_aranges
                0x000000d8      0x1c8 src/ASF/sam/drivers/pmc/pmc.o
 .debug_aranges
                0x000002a0       0xd8 src/ASF/sam/drivers/twi/twi.o
 .debug_aranges
                0x00000378       0xe8 src/ASF/sam/drivers/uart/uart.o
 .debug_aranges
                0x00000460      0x1b0 src/ASF/sam/drivers/usart/usart.o
 .debug_aranges
                0x00000610       0x20 src/ASF/sam/utils/cmsis/samg/samg53/source/templates/exceptions.o
 .debug_aranges
                0x00000630       0x20 src/ASF/sam/utils/cmsis/samg/samg53/source/templates/gcc/startup_samg53.o
 .debug_aranges
                0x00000650       0x30 src/ASF/sam/utils/cmsis/samg/samg53/source/templates/system_samg53.o
 .debug_aranges
                0x00000680       0x60 src/ASF/sam/utils/syscalls/gcc/syscalls.o
 .debug_aranges
                0x000006e0       0x40 src/twi_eeprom_example.o
 .debug_aranges
                0x00000720       0x20 c:/program files (x86)/atmel/atmel toolchain/arm gcc/native/4.7.1416/arm-gnu-toolchain/bin/../lib/gcc/arm-none-eabi/4.7.4/../../../../arm-none-eabi/lib/armv7e-m\libc.a(lib_a-__atexit.o)
 .debug_aranges
                0x00000740       0x20 c:/program files (x86)/atmel/atmel toolchain/arm gcc/native/4.7.1416/arm-gnu-toolchain/bin/../lib/gcc/arm-none-eabi/4.7.4/../../../../arm-none-eabi/lib/armv7e-m\libc.a(lib_a-fini.o)
 .debug_aranges
                0x00000760       0x18 c:/program files (x86)/atmel/atmel toolchain/arm gcc/native/4.7.1416/arm-gnu-toolchain/bin/../lib/gcc/arm-none-eabi/4.7.4/../../../../arm-none-eabi/lib/armv7e-m\libc.a(lib_a-impure.o)
 .debug_aranges